<html>
<body>
<pre>
<h1>µVision Build Log</h1>
<h2>Tool Versions:</h2>
IDE-Version: ¦ÌVision V5.14.0.0
Copyright (C) 2015 ARM Ltd and ARM Germany GmbH. All rights reserved.
License Information: mm mm, mm, LIC=QF8NN-YZIZ2-2LFCT-RK55Y-18VHI-5DF5N
 
Tool Versions:
Toolchain:       MDK-ARM Standard  Version: 5.14.0.0
Toolchain Path:  C:\Keil_v5\ARM\ARMCC\Bin
C Compiler:      Armcc.exe V5.05 update 1 (build 106)
Assembler:       Armasm.exe V5.05 update 1 (build 106)
Linker/Locator:  ArmLink.exe V5.05 update 1 (build 106)
Library Manager: ArmAr.exe V5.05 update 1 (build 106)
Hex Converter:   FromElf.exe V5.05 update 1 (build 106)
CPU DLL:         SARMCM3.DLL V5.14.0.0
Dialog DLL:      DCM.DLL V1.13.1.0
Target DLL:      STLink\ST-LINKIII-KEIL_SWO.dll V2.0.14.0_KEIL
Dialog DLL:      TCM.DLL V1.14.4.0
 
<h2>Project:</h2>
D:\ProjectManager\HuiBaiTech\MultFunctionXFJDev\Project\RVMDK£¨uv5£©\iSO-STM32.uvprojx
Project File Date:  09/09/2017

<h2>Output:</h2>
Build target 'Template'
compiling main.c...
compiling stm32f10x_it.c...
compiling bsp_led.c...
compiling Serialcd.c...
compiling rc522.c...
compiling SysConfig.c...
compiling bsp_usart2.c...
compiling bsp_usart4.c...
compiling FramePkg.c...
compiling queue.c...
compiling WT588D.c...
compiling CmpDatprocess.c...
compiling printer.c...
compiling exti.c...
compiling bsp_esp8266.c...
compiling w5500_conf.c...
compiling socket.c...
compiling tcp_demo.c...
..\..\User\Ethernet\Internet\tcp_demo.c(177): warning:  #167-D: argument of type "uint8_t *" is incompatible with parameter of type "const char *restrict"
        vsprintf((char*)TmpVar.srttmp,fmt,ap); 
..\..\User\Ethernet\Internet\tcp_demo.c: 1 warning, 0 errors
linking...
Program Size: Code=47996 RO-data=604 RW-data=140 ZI-data=26012  
FromELF: creating hex file...
After Build - User command #1: fromelf.exe --bin ..\..\Output\Template.axf  --output ..\..\Output\MultFunctionXFJDevV1_0_3_0.bin
"..\..\Output\Template.axf" - 0 Error(s), 1 Warning(s).

<h2>Software Packages used:</h2>

Package Vendor: ARM
                http://www.keil.com/pack/ARM.CMSIS.4.2.0.pack
                ARM::CMSIS:CORE:3.40.0
                CMSIS (Cortex Microcontroller Software Interface Standard)
   * Component: CORE Version: 3.40.0

<h2>Collection of Component include folders:</h2>
  D:\ProjectManager\HuiBaiTech\MultFunctionXFJDev\Project\RVMDK£¨uv5£©\RTE
  C:\Keil_v5\ARM\PACK\ARM\CMSIS\4.2.0\CMSIS\Include
  C:\Keil_v5\ARM\PACK\Keil\STM32F1xx_DFP\1.1.0\Device\Include

<h2>Collection of Component Files used:</h2>

   * Component: ARM::CMSIS:CORE:3.40.0
      Source file:   CMSIS\UserCodeTemplates\ARM\ITM_Retarget.c
</pre>
</body>
</html>
