ARM Linker, 5.03 [Build 24] [MDK-ARM Professional]

==============================================================================

Section Cross References

    main.o(i.ExplainParm) refers to stmflash.o(i.STMFLASH_Read) for STMFLASH_Read
    main.o(i.ExplainParm) refers to main.o(.bss) for Config
    main.o(i.FlashChk) refers to stmflash.o(i.STMFLASH_Read) for STMFLASH_Read
    main.o(i.FlashChk) refers to __2printf.o(.text) for __2printf
    main.o(i.FlashChk) refers to main.o(i.WriteDefaultSet) for WriteDefaultSet
    main.o(i.FlashChk) refers to main.o(i.ExplainParm) for ExplainParm
    main.o(i.FlashChk) refers to main.o(i.PrintCfgPar) for PrintCfgPar
    main.o(i.LanInit) refers to __2printf.o(.text) for __2printf
    main.o(i.LanInit) refers to delay.o(i.delay_ms) for delay_ms
    main.o(i.LanInit) refers to tapdev.o(i.tapdev_init) for tapdev_init
    main.o(i.LanInit) refers to uip.o(i.uip_init) for uip_init
    main.o(i.LanInit) refers to main.o(.bss) for Config
    main.o(i.LanInit) refers to uip.o(.data) for uip_hostaddr
    main.o(i.NetDatExp) refers to queue.o(i.ClearQ) for ClearQ
    main.o(i.NetDatExp) refers to framepkg.o(i.FrameUpWxConfig) for FrameUpWxConfig
    main.o(i.NetDatExp) refers to framepkg.o(i.queue_find_cmd) for queue_find_cmd
    main.o(i.NetDatExp) refers to __2printf.o(.text) for __2printf
    main.o(i.NetDatExp) refers to main.o(i.showdbg8hex) for showdbg8hex
    main.o(i.NetDatExp) refers to tcp_client_demo.o(i.tcp_client_reconnect) for tcp_client_reconnect
    main.o(i.NetDatExp) refers to main.o(i.WriteParm) for WriteParm
    main.o(i.NetDatExp) refers to main.o(i.ExplainParm) for ExplainParm
    main.o(i.NetDatExp) refers to main.o(i.PrintCfgPar) for PrintCfgPar
    main.o(i.NetDatExp) refers to main.o(i.SysReset) for SysReset
    main.o(i.NetDatExp) refers to uip.o(.data) for uip_conn
    main.o(i.NetDatExp) refers to tcp_client_demo.o(.data) for tcp_client_sta
    main.o(i.NetDatExp) refers to main.o(.data) for netstaflg
    main.o(i.NetDatExp) refers to main.o(.bss) for gCmpDwDxBuf
    main.o(i.Nrf24l01Task) refers to _printf_percent.o(.ARM.Collect$$_printf_percent$$00000000) for _printf_percent
    main.o(i.Nrf24l01Task) refers to _printf_d.o(.ARM.Collect$$_printf_percent$$00000009) for _printf_d
    main.o(i.Nrf24l01Task) refers to _printf_dec.o(.text) for _printf_int_dec
    main.o(i.Nrf24l01Task) refers to 24l01.o(i.NRF24L01_TX_Mode) for NRF24L01_TX_Mode
    main.o(i.Nrf24l01Task) refers to 24l01.o(i.NRF24L01_TxPacket) for NRF24L01_TxPacket
    main.o(i.Nrf24l01Task) refers to __2printf.o(.text) for __2printf
    main.o(i.Nrf24l01Task) refers to 24l01.o(i.NRF24L01_RX_Mode) for NRF24L01_RX_Mode
    main.o(i.Nrf24l01Task) refers to 24l01.o(i.NRF24L01_RxPacket) for NRF24L01_RxPacket
    main.o(i.Nrf24l01Task) refers to queue.o(i.EnQueuex) for EnQueuex
    main.o(i.Nrf24l01Task) refers to main.o(.data) for txflgstaNew
    main.o(i.Nrf24l01Task) refers to main.o(.bss) for TxMsgBuf
    main.o(i.PrintCfgPar) refers to _printf_percent.o(.ARM.Collect$$_printf_percent$$00000000) for _printf_percent
    main.o(i.PrintCfgPar) refers to _printf_d.o(.ARM.Collect$$_printf_percent$$00000009) for _printf_d
    main.o(i.PrintCfgPar) refers to _printf_dec.o(.text) for _printf_int_dec
    main.o(i.PrintCfgPar) refers to __2printf.o(.text) for __2printf
    main.o(i.PrintCfgPar) refers to main.o(i.showdbg8hex) for showdbg8hex
    main.o(i.PrintCfgPar) refers to main.o(.bss) for Config
    main.o(i.WriteDefaultSet) refers to main.o(i.WriteParm) for WriteParm
    main.o(i.WriteDefaultSet) refers to main.o(.bss) for Config
    main.o(i.WriteParm) refers to stmflash.o(i.STMFLASH_Write) for STMFLASH_Write
    main.o(i.WriteParm) refers to main.o(.bss) for Config
    main.o(i.app_get_rand) refers to main.o(.data) for random_seed
    main.o(i.getChipID) refers to main.o(.bss) for ChipUniqueID
    main.o(i.getChipID) refers to main.o(.data) for random_seed
    main.o(i.main) refers to sys.o(i.NVIC_Configuration) for NVIC_Configuration
    main.o(i.main) refers to delay.o(i.delay_init) for delay_init
    main.o(i.main) refers to usart.o(i.uart_init) for uart_init
    main.o(i.main) refers to main.o(i.FlashChk) for FlashChk
    main.o(i.main) refers to queue.o(i.CreateLanQueue) for CreateLanQueue
    main.o(i.main) refers to stm32f10x_rcc.o(i.RCC_APB2PeriphClockCmd) for RCC_APB2PeriphClockCmd
    main.o(i.main) refers to stm32f10x_gpio.o(i.GPIO_PinRemapConfig) for GPIO_PinRemapConfig
    main.o(i.main) refers to led.o(i.LED_Init) for LED_Init
    main.o(i.main) refers to 24l01.o(i.NRF24L01_Init) for NRF24L01_Init
    main.o(i.main) refers to main.o(i.LanInit) for LanInit
    main.o(i.main) refers to led.o(i.LEDTask) for LEDTask
    main.o(i.main) refers to main.o(i.app_get_rand) for app_get_rand
    main.o(i.main) refers to main.o(i.Nrf24l01Task) for Nrf24l01Task
    main.o(i.main) refers to main.o(i.NetDatExp) for NetDatExp
    main.o(i.main) refers to main.o(i.uip_polling) for uip_polling
[...]
    .ARM.Collect$$libinit$$0000000F          0x08000178   Section        0  libinit2.o(.ARM.Collect$$libinit$$0000000F)
    .ARM.Collect$$libinit$$00000011          0x08000178   Section        0  libinit2.o(.ARM.Collect$$libinit$$00000011)
    .ARM.Collect$$libinit$$00000013          0x08000178   Section        0  libinit2.o(.ARM.Collect$$libinit$$00000013)
    .ARM.Collect$$libinit$$00000015          0x08000178   Section        0  libinit2.o(.ARM.Collect$$libinit$$00000015)
    .ARM.Collect$$libinit$$00000017          0x08000178   Section        0  libinit2.o(.ARM.Collect$$libinit$$00000017)
    .ARM.Collect$$libinit$$00000019          0x08000178   Section        0  libinit2.o(.ARM.Collect$$libinit$$00000019)
    .ARM.Collect$$libinit$$0000001B          0x08000178   Section        0  libinit2.o(.ARM.Collect$$libinit$$0000001B)
    .ARM.Collect$$libinit$$0000001D          0x08000178   Section        0  libinit2.o(.ARM.Collect$$libinit$$0000001D)
    .ARM.Collect$$libinit$$0000001F          0x08000178   Section        0  libinit2.o(.ARM.Collect$$libinit$$0000001F)
    .ARM.Collect$$libinit$$00000021          0x08000178   Section        0  libinit2.o(.ARM.Collect$$libinit$$00000021)
    .ARM.Collect$$libinit$$00000023          0x08000178   Section        0  libinit2.o(.ARM.Collect$$libinit$$00000023)
    .ARM.Collect$$libinit$$0000002A          0x08000178   Section        0  libinit2.o(.ARM.Collect$$libinit$$0000002A)
    .ARM.Collect$$libinit$$0000002C          0x08000178   Section        0  libinit2.o(.ARM.Collect$$libinit$$0000002C)
    .ARM.Collect$$libinit$$0000002E          0x08000178   Section        0  libinit2.o(.ARM.Collect$$libinit$$0000002E)
    .ARM.Collect$$libinit$$00000030          0x08000178   Section        0  libinit2.o(.ARM.Collect$$libinit$$00000030)
    .ARM.Collect$$libinit$$00000031          0x08000178   Section        2  libinit2.o(.ARM.Collect$$libinit$$00000031)
    .ARM.Collect$$libshutdown$$00000000      0x0800017a   Section        2  libshutdown.o(.ARM.Collect$$libshutdown$$00000000)
    .ARM.Collect$$libshutdown$$00000003      0x0800017c   Section        0  libshutdown2.o(.ARM.Collect$$libshutdown$$00000003)
    .ARM.Collect$$libshutdown$$00000006      0x0800017c   Section        0  libshutdown2.o(.ARM.Collect$$libshutdown$$00000006)
    .ARM.Collect$$libshutdown$$00000009      0x0800017c   Section        0  libshutdown2.o(.ARM.Collect$$libshutdown$$00000009)
    .ARM.Collect$$libshutdown$$0000000B      0x0800017c   Section        0  libshutdown2.o(.ARM.Collect$$libshutdown$$0000000B)
    .ARM.Collect$$libshutdown$$0000000E      0x0800017c   Section        0  libshutdown2.o(.ARM.Collect$$libshutdown$$0000000E)
    .ARM.Collect$$libshutdown$$0000000F      0x0800017c   Section        2  libshutdown2.o(.ARM.Collect$$libshutdown$$0000000F)
    .ARM.Collect$$rtentry$$00000000          0x0800017e   Section        0  rtentry.o(.ARM.Collect$$rtentry$$00000000)
    .ARM.Collect$$rtentry$$00000002          0x0800017e   Section        0  rtentry2.o(.ARM.Collect$$rtentry$$00000002)
    .ARM.Collect$$rtentry$$00000004          0x0800017e   Section        6  rtentry4.o(.ARM.Collect$$rtentry$$00000004)
    .ARM.Collect$$rtentry$$00000009          0x08000184   Section        0  rtentry2.o(.ARM.Collect$$rtentry$$00000009)
    .ARM.Collect$$rtentry$$0000000A          0x08000184   Section        4  rtentry2.o(.ARM.Collect$$rtentry$$0000000A)
    .ARM.Collect$$rtentry$$0000000C          0x08000188   Section        0  rtentry2.o(.ARM.Collect$$rtentry$$0000000C)
    .ARM.Collect$$rtentry$$0000000D          0x08000188   Section        8  rtentry2.o(.ARM.Collect$$rtentry$$0000000D)
    .ARM.Collect$$rtexit$$00000000           0x08000190   Section        2  rtexit.o(.ARM.Collect$$rtexit$$00000000)
    .ARM.Collect$$rtexit$$00000002           0x08000192   Section        0  rtexit2.o(.ARM.Collect$$rtexit$$00000002)
    .ARM.Collect$$rtexit$$00000003           0x08000192   Section        4  rtexit2.o(.ARM.Collect$$rtexit$$00000003)
    .ARM.Collect$$rtexit$$00000004           0x08000196   Section        6  rtexit2.o(.ARM.Collect$$rtexit$$00000004)
    .text                                    0x0800019c   Section       64  startup_stm32f10x_md.o(.text)
    .text                                    0x080001dc   Section        2  use_no_semi_2.o(.text)
    .text                                    0x080001e0   Section        0  __2printf.o(.text)
    .text                                    0x080001f8   Section        0  _printf_str.o(.text)
    .text                                    0x0800024c   Section        0  _printf_dec.o(.text)
    .text                                    0x080002c4   Section        0  _printf_hex_int.o(.text)
    .text                                    0x08000320   Section        0  __printf_wp.o(.text)
    .text                                    0x0800042e   Section      138  rt_memcpy_v6.o(.text)
    .text                                    0x080004b8   Section       16  aeabi_memset.o(.text)
    .text                                    0x080004c8   Section        0  heapauxi.o(.text)
    .text                                    0x080004ce   Section        2  use_no_semi.o(.text)
    .text                                    0x080004d0   Section        0  _printf_intcommon.o(.text)
    .text                                    0x08000588   Section        0  _printf_char_common.o(.text)
    _printf_input_char                       0x08000589   Thumb Code    10  _printf_char_common.o(.text)
    .text                                    0x080005b8   Section        0  _printf_char.o(.text)
    .text                                    0x080005e4   Section        0  _printf_char_file.o(.text)
    .text                                    0x08000608   Section      100  rt_memcpy_w.o(.text)
    .text                                    0x0800066c   Section       68  rt_memclr.o(.text)
    .text                                    0x080006b0   Section        0  ferror.o(.text)
    .text                                    0x080006b8   Section       78  rt_memclr_w.o(.text)
    .text                                    0x08000706   Section       74  sys_stackheap_outer.o(.text)
    .text                                    0x08000750   Section        0  exit.o(.text)
    .text                                    0x0800075c   Section        8  libspace.o(.text)
    i.BusFault_Handler                       0x08000764   Section        0  stm32f10x_it.o(i.BusFault_Handler)
    i.ClearQ                                 0x08000768   Section        0  queue.o(i.ClearQ)
    i.CreateLanQueue                         0x08000772   Section        0  queue.o(i.CreateLanQueue)
    i.DeQueue                                0x0800077c   Section        0  queue.o(i.DeQueue)
    i.DebugMon_Handler                       0x080007b2   Section        0  stm32f10x_it.o(i.DebugMon_Handler)
    i.ENC28J60_Init                          0x080007b4   Section        0  enc28j60.o(i.ENC28J60_Init)
    i.ENC28J60_PHY_Write                     0x08000928   Section        0  enc28j60.o(i.ENC28J60_PHY_Write)
    i.ENC28J60_Packet_Receive                0x08000968   Section        0  enc28j60.o(i.ENC28J60_Packet_Receive)
    i.ENC28J60_Packet_Send                   0x08000a28   Section        0  enc28j60.o(i.ENC28J60_Packet_Send)
    i.ENC28J60_Read                          0x08000a8e   Section        0  enc28j60.o(i.ENC28J60_Read)
    i.ENC28J60_Read_Buf                      0x08000aa4   Section        0  enc28j60.o(i.ENC28J60_Read_Buf)
    i.ENC28J60_Read_Op                       0x08000adc   Section        0  enc28j60.o(i.ENC28J60_Read_Op)
    i.ENC28J60_Reset                         0x08000b1c   Section        0  enc28j60.o(i.ENC28J60_Reset)
    i.ENC28J60_SPI1_Init                     0x08000b54   Section        0  enc28j60.o(i.ENC28J60_SPI1_Init)
    ENC28J60_SPI1_Init                       0x08000b55   Thumb Code    78  enc28j60.o(i.ENC28J60_SPI1_Init)
    i.ENC28J60_Set_Bank                      0x08000bac   Section        0  enc28j60.o(i.ENC28J60_Set_Bank)
    i.ENC28J60_Write                         0x08000be0   Section        0  enc28j60.o(i.ENC28J60_Write)
    i.ENC28J60_Write_Buf                     0x08000bf8   Section        0  enc28j60.o(i.ENC28J60_Write_Buf)
    i.ENC28J60_Write_Op                      0x08000c28   Section        0  enc28j60.o(i.ENC28J60_Write_Op)
    i.EmptyLanQueue                          0x08000c64   Section        0  queue.o(i.EmptyLanQueue)
    i.EnQueue                                0x08000c76   Section        0  queue.o(i.EnQueue)
    i.EnQueuex                               0x08000caa   Section        0  queue.o(i.EnQueuex)
    i.ExplainParm                            0x08000cd4   Section        0  main.o(i.ExplainParm)
    i.FLASH_ErasePage                        0x08000e00   Section        0  stm32f10x_flash.o(i.FLASH_ErasePage)
    i.FLASH_GetBank1Status                   0x08000e4c   Section        0  stm32f10x_flash.o(i.FLASH_GetBank1Status)
    i.FLASH_Lock                             0x08000e80   Section        0  stm32f10x_flash.o(i.FLASH_Lock)
    i.FLASH_ProgramHalfWord                  0x08000e94   Section        0  stm32f10x_flash.o(i.FLASH_ProgramHalfWord)
    i.FLASH_Unlock                           0x08000ed4   Section        0  stm32f10x_flash.o(i.FLASH_Unlock)
    i.FLASH_WaitForLastOperation             0x08000eec   Section        0  stm32f10x_flash.o(i.FLASH_WaitForLastOperation)
    i.FlashChk                               0x08000f14   Section        0  main.o(i.FlashChk)
    i.FrameUpWxConfig                        0x08000f58   Section        0  framepkg.o(i.FrameUpWxConfig)
    i.FullLanQueue                           0x08001090   Section        0  queue.o(i.FullLanQueue)
    i.GPIO_Init                              0x080010b0   Section        0  stm32f10x_gpio.o(i.GPIO_Init)
    i.GPIO_PinRemapConfig                    0x080011c4   Section        0  stm32f10x_gpio.o(i.GPIO_PinRemapConfig)
    i.GPIO_ResetBits                         0x08001254   Section        0  stm32f10x_gpio.o(i.GPIO_ResetBits)
    i.GPIO_SetBits                           0x08001258   Section        0  stm32f10x_gpio.o(i.GPIO_SetBits)
    i.HardFault_Handler                      0x0800125c   Section        0  stm32f10x_it.o(i.HardFault_Handler)
    i.LEDTask                                0x08001284   Section        0  led.o(i.LEDTask)
    i.LED_Init                               0x080012ac   Section        0  led.o(i.LED_Init)
    i.LanInit                                0x080012e4   Section        0  main.o(i.LanInit)
    i.MemManage_Handler                      0x08001444   Section        0  stm32f10x_it.o(i.MemManage_Handler)
    i.NMI_Handler                            0x08001448   Section        0  stm32f10x_it.o(i.NMI_Handler)
    i.NRF24L01_Check                         0x0800144c   Section        0  24l01.o(i.NRF24L01_Check)
    i.NRF24L01_Init                          0x08001498   Section        0  24l01.o(i.NRF24L01_Init)
    i.NRF24L01_RX_Mode                       0x08001580   Section        0  24l01.o(i.NRF24L01_RX_Mode)
    i.NRF24L01_Read_Buf                      0x080015e0   Section        0  24l01.o(i.NRF24L01_Read_Buf)
    i.NRF24L01_Read_Reg                      0x0800161c   Section        0  24l01.o(i.NRF24L01_Read_Reg)
    i.NRF24L01_RxPacket                      0x08001648   Section        0  24l01.o(i.NRF24L01_RxPacket)
    i.NRF24L01_TX_Mode                       0x08001688   Section        0  24l01.o(i.NRF24L01_TX_Mode)
    i.NRF24L01_TxPacket                      0x080016f4   Section        0  24l01.o(i.NRF24L01_TxPacket)
    i.NRF24L01_Write_Buf                     0x08001764   Section        0  24l01.o(i.NRF24L01_Write_Buf)
    i.NRF24L01_Write_Reg                     0x080017a0   Section        0  24l01.o(i.NRF24L01_Write_Reg)
    i.NVIC_Configuration                     0x080017d0   Section        0  sys.o(i.NVIC_Configuration)
    i.NVIC_Init                              0x080017dc   Section        0  misc.o(i.NVIC_Init)
    i.NVIC_PriorityGroupConfig               0x08001850   Section        0  misc.o(i.NVIC_PriorityGroupConfig)
    i.NetDatExp                              0x08001864   Section        0  main.o(i.NetDatExp)
    i.Nrf24l01Task                           0x08001ab8   Section        0  main.o(i.Nrf24l01Task)
    i.PendSV_Handler                         0x08001c28   Section        0  stm32f10x_it.o(i.PendSV_Handler)
    i.PrintCfgPar                            0x08001c2c   Section        0  main.o(i.PrintCfgPar)
    i.QueueDatLen                            0x08001db4   Section        0  queue.o(i.QueueDatLen)
    i.RCC_APB1PeriphClockCmd                 0x08001dbc   Section        0  stm32f10x_rcc.o(i.RCC_APB1PeriphClockCmd)
    i.RCC_APB2PeriphClockCmd                 0x08001ddc   Section        0  stm32f10x_rcc.o(i.RCC_APB2PeriphClockCmd)
    i.RCC_GetClocksFreq                      0x08001dfc   Section        0  stm32f10x_rcc.o(i.RCC_GetClocksFreq)
    i.SPI1_Init                              0x08001ed0   Section        0  spi.o(i.SPI1_Init)
    i.SPI1_ReadWriteByte                     0x08001f58   Section        0  spi.o(i.SPI1_ReadWriteByte)
    i.SPI2_Init                              0x08001fac   Section        0  spi.o(i.SPI2_Init)
    i.SPI2_ReadWriteByte                     0x08002040   Section        0  spi.o(i.SPI2_ReadWriteByte)
    i.SPI2_SetSpeed                          0x08002094   Section        0  spi.o(i.SPI2_SetSpeed)
    i.SPI_Cmd                                0x080020bc   Section        0  stm32f10x_spi.o(i.SPI_Cmd)
    i.SPI_I2S_GetFlagStatus                  0x080020d4   Section        0  stm32f10x_spi.o(i.SPI_I2S_GetFlagStatus)
    i.SPI_I2S_ReceiveData                    0x080020e6   Section        0  stm32f10x_spi.o(i.SPI_I2S_ReceiveData)
    i.SPI_I2S_SendData                       0x080020ec   Section        0  stm32f10x_spi.o(i.SPI_I2S_SendData)
    i.SPI_Init                               0x080020f0   Section        0  stm32f10x_spi.o(i.SPI_Init)
    i.STMFLASH_Read                          0x0800212c   Section        0  stmflash.o(i.STMFLASH_Read)
    i.STMFLASH_ReadHalfWord                  0x0800214e   Section        0  stmflash.o(i.STMFLASH_ReadHalfWord)
    i.STMFLASH_Write                         0x08002154   Section        0  stmflash.o(i.STMFLASH_Write)
    i.STMFLASH_Write_NoCheck                 0x0800223c   Section        0  stmflash.o(i.STMFLASH_Write_NoCheck)
    i.SVC_Handler                            0x08002262   Section        0  stm32f10x_it.o(i.SVC_Handler)
    i.SetSysClock                            0x08002264   Section        0  system_stm32f10x.o(i.SetSysClock)
    SetSysClock                              0x08002265   Thumb Code     8  system_stm32f10x.o(i.SetSysClock)
    i.SetSysClockTo72                        0x0800226c   Section        0  system_stm32f10x.o(i.SetSysClockTo72)
    SetSysClockTo72                          0x0800226d   Thumb Code   212  system_stm32f10x.o(i.SetSysClockTo72)
    i.SysReset                               0x08002348   Section        0  main.o(i.SysReset)
    i.SysTick_CLKSourceConfig                0x08002358   Section        0  misc.o(i.SysTick_CLKSourceConfig)
    i.SysTick_Handler                        0x08002380   Section        0  stm32f10x_it.o(i.SysTick_Handler)
    i.SystemInit                             0x08002384   Section        0  system_stm32f10x.o(i.SystemInit)
    i.TIM3_IRQHandler                        0x080023e4   Section        0  timerx.o(i.TIM3_IRQHandler)
    i.TIM3_Int_Init                          0x08002464   Section        0  timerx.o(i.TIM3_Int_Init)
    i.TIM_ClearITPendingBit                  0x080024c4   Section        0  stm32f10x_tim.o(i.TIM_ClearITPendingBit)
    i.TIM_Cmd                                0x080024ca   Section        0  stm32f10x_tim.o(i.TIM_Cmd)
    i.TIM_GetITStatus                        0x080024e2   Section        0  stm32f10x_tim.o(i.TIM_GetITStatus)
    i.TIM_ITConfig                           0x08002504   Section        0  stm32f10x_tim.o(i.TIM_ITConfig)
    i.TIM_TimeBaseInit                       0x08002518   Section        0  stm32f10x_tim.o(i.TIM_TimeBaseInit)
    i.USART1_IRQHandler                      0x080025bc   Section        0  usart.o(i.USART1_IRQHandler)
    i.USART_Cmd                              0x08002644   Section        0  stm32f10x_usart.o(i.USART_Cmd)
    i.USART_GetITStatus                      0x0800265c   Section        0  stm32f10x_usart.o(i.USART_GetITStatus)
    i.USART_ITConfig                         0x080026b0   Section        0  stm32f10x_usart.o(i.USART_ITConfig)
    i.USART_Init                             0x080026fc   Section        0  stm32f10x_usart.o(i.USART_Init)
    i.USART_ReceiveData                      0x080027d4   Section        0  stm32f10x_usart.o(i.USART_ReceiveData)
    i.UsageFault_Handler                     0x080027de   Section        0  stm32f10x_it.o(i.UsageFault_Handler)
    i.WriteDefaultSet                        0x080027e4   Section        0  main.o(i.WriteDefaultSet)
    i.WriteParm                              0x0800286c   Section        0  main.o(i.WriteParm)
    i._is_digit                              0x08002978   Section        0  __printf_wp.o(i._is_digit)
    i._sys_exit                              0x08002986   Section        0  usart.o(i._sys_exit)
    i.app_get_rand                           0x0800298c   Section        0  main.o(i.app_get_rand)
    i.chksum                                 0x080029b4   Section        0  uip.o(i.chksum)
    chksum                                   0x080029b5   Thumb Code    70  uip.o(i.chksum)
    i.clock_time                             0x080029fc   Section        0  clock-arch.o(i.clock_time)
    i.delay_init                             0x08002a08   Section        0  delay.o(i.delay_init)
    i.delay_ms                               0x08002a4c   Section        0  delay.o(i.delay_ms)
    i.fputc                                  0x08002a98   Section        0  usart.o(i.fputc)
    i.htons                                  0x08002ab4   Section        0  uip.o(i.htons)
    i.main                                   0x08002ac0   Section        0  main.o(i.main)
    i.queue_find_cmd                         0x08002b5c   Section        0  framepkg.o(i.queue_find_cmd)
    i.showdbg8hex                            0x08002c10   Section        0  main.o(i.showdbg8hex)
    i.tapdev_init                            0x08002c3c   Section        0  tapdev.o(i.tapdev_init)
    i.tapdev_read                            0x08002c74   Section        0  tapdev.o(i.tapdev_read)
    i.tapdev_send                            0x08002c88   Section        0  tapdev.o(i.tapdev_send)
    i.tcp_client_aborted                     0x08002ca0   Section        0  tcp_client_demo.o(i.tcp_client_aborted)
    i.tcp_client_acked                       0x08002ce8   Section        0  tcp_client_demo.o(i.tcp_client_acked)
    i.tcp_client_closed                      0x08002d20   Section        0  tcp_client_demo.o(i.tcp_client_closed)
    i.tcp_client_connected                   0x08002d68   Section        0  tcp_client_demo.o(i.tcp_client_connected)
    i.tcp_client_demo_appcall                0x08002db8   Section        0  tcp_client_demo.o(i.tcp_client_demo_appcall)
    i.tcp_client_reconnect                   0x08002e68   Section        0  tcp_client_demo.o(i.tcp_client_reconnect)
    i.tcp_client_senddata                    0x08002edc   Section        0  tcp_client_demo.o(i.tcp_client_senddata)
    i.tcp_client_timedout                    0x08002efc   Section        0  tcp_client_demo.o(i.tcp_client_timedout)
    i.timer_expired                          0x08002f30   Section        0  timer.o(i.timer_expired)
    i.timer_reset                            0x08002f4a   Section        0  timer.o(i.timer_reset)
    i.timer_set                              0x08002f54   Section        0  timer.o(i.timer_set)
    i.uart_init                              0x08002f64   Section        0  usart.o(i.uart_init)
    i.uip_add32                              0x08003004   Section        0  uip.o(i.uip_add32)
    i.uip_add_rcv_nxt                        0x08003074   Section        0  uip.o(i.uip_add_rcv_nxt)
    uip_add_rcv_nxt                          0x08003075   Thumb Code    58  uip.o(i.uip_add_rcv_nxt)
    i.uip_arp_arpin                          0x080030b8   Section        0  uip_arp.o(i.uip_arp_arpin)
    i.uip_arp_out                            0x080031a0   Section        0  uip_arp.o(i.uip_arp_out)
    i.uip_arp_timer                          0x08003340   Section        0  uip_arp.o(i.uip_arp_timer)
    i.uip_arp_update                         0x08003398   Section        0  uip_arp.o(i.uip_arp_update)
    uip_arp_update                           0x08003399   Thumb Code   272  uip_arp.o(i.uip_arp_update)
    i.uip_connect                            0x080034bc   Section        0  uip.o(i.uip_connect)
    i.uip_init                               0x080035cc   Section        0  uip.o(i.uip_init)
    i.uip_ipchksum                           0x08003638   Section        0  uip.o(i.uip_ipchksum)
    i.uip_log                                0x0800365c   Section        0  tcp_client_demo.o(i.uip_log)
    i.uip_polling                            0x0800367c   Section        0  main.o(i.uip_polling)
    i.uip_process                            0x08003768   Section        0  uip.o(i.uip_process)
    i.uip_send                               0x08004714   Section        0  uip.o(i.uip_send)
    i.uip_tcpchksum                          0x08004744   Section        0  uip.o(i.uip_tcpchksum)
    i.upper_layer_chksum                     0x08004750   Section        0  uip.o(i.upper_layer_chksum)
    upper_layer_chksum                       0x08004751   Thumb Code    66  uip.o(i.upper_layer_chksum)
    .constdata                               0x08004798   Section       10  24l01.o(.constdata)
    .constdata                               0x080047a2   Section        4  uip.o(.constdata)
    all_zeroes_addr                          0x080047a2   Data           4  uip.o(.constdata)
    .constdata                               0x080047a6   Section       10  uip_arp.o(.constdata)
    broadcast_ethaddr                        0x080047a6   Data           6  uip_arp.o(.constdata)
    broadcast_ipaddr                         0x080047ac   Data           4  uip_arp.o(.constdata)
    .constdata                               0x080047b0   Section        6  tapdev.o(.constdata)
    .constdata                               0x080047b6   Section       40  _printf_hex_int.o(.constdata)
    uc_hextab                                0x080047b6   Data          20  _printf_hex_int.o(.constdata)
    lc_hextab                                0x080047ca   Data          20  _printf_hex_int.o(.constdata)
    .data                                    0x20000000   Section       38  main.o(.data)
    netstaflg                                0x20000008   Data           1  main.o(.data)
    txflgstaNew                              0x20000009   Data           1  main.o(.data)
    txflgstaold                              0x2000000a   Data           1  main.o(.data)
    periodic_timer                           0x2000000c   Data           8  main.o(.data)
    arp_timer                                0x20000014   Data           8  main.o(.data)
    timer_ok                                 0x2000001c   Data           1  main.o(.data)
    .data                                    0x20000028   Section       20  system_stm32f10x.o(.data)
    .data                                    0x2000003c   Section        8  framepkg.o(.data)
    cmd_state                                0x2000003c   Data           4  framepkg.o(.data)
    cmd_pos                                  0x20000040   Data           4  framepkg.o(.data)
    .data                                    0x20000044   Section        2  led.o(.data)
    .data                                    0x20000048   Section        4  timerx.o(.data)
    .data                                    0x2000004c   Section        8  enc28j60.o(.data)
    ENC28J60BANK                             0x2000004c   Data           1  enc28j60.o(.data)
    NextPacketPtr                            0x20000050   Data           4  enc28j60.o(.data)
    .data                                    0x20000054   Section        4  delay.o(.data)
    fac_us                                   0x20000054   Data           1  delay.o(.data)
    fac_ms                                   0x20000056   Data           2  delay.o(.data)
    .data                                    0x20000058   Section        8  usart.o(.data)
    .data                                    0x20000060   Section       20  stm32f10x_rcc.o(.data)
    APBAHBPrescTable                         0x20000060   Data          16  stm32f10x_rcc.o(.data)
    ADCPrescTable                            0x20000070   Data           4  stm32f10x_rcc.o(.data)
    .data                                    0x20000074   Section       58  uip.o(.data)
    ipid                                     0x2000009e   Data           2  uip.o(.data)
    iss                                      0x200000a0   Data           4  uip.o(.data)
    lastport                                 0x200000a4   Data           2  uip.o(.data)
    c                                        0x200000aa   Data           1  uip.o(.data)
    opt                                      0x200000ab   Data           1  uip.o(.data)
    tmp16                                    0x200000ac   Data           2  uip.o(.data)
    .data                                    0x200000ae   Section        8  uip_arp.o(.data)
    ipaddr                                   0x200000ae   Data           4  uip_arp.o(.data)
    i                                        0x200000b2   Data           1  uip_arp.o(.data)
    c                                        0x200000b3   Data           1  uip_arp.o(.data)
    arptime                                  0x200000b4   Data           1  uip_arp.o(.data)
    tmpage                                   0x200000b5   Data           1  uip_arp.o(.data)
    .data                                    0x200000b6   Section        1  tcp_client_demo.o(.data)
    .bss                                     0x200000b8   Section     1040  main.o(.bss)
    .bss                                     0x200004c8   Section     2048  stmflash.o(.bss)
    .bss                                     0x20000cc8   Section      200  usart.o(.bss)
    .bss                                     0x20000d90   Section     4184  uip.o(.bss)
    .bss                                     0x20001de8   Section       96  uip_arp.o(.bss)
    arp_table                                0x20001de8   Data          96  uip_arp.o(.bss)
    .bss                                     0x20001e48   Section       96  libspace.o(.bss)
    HEAP                                     0x20001ea8   Section      512  startup_stm32f10x_md.o(HEAP)
    Heap_Mem                                 0x20001ea8   Data         512  startup_stm32f10x_md.o(HEAP)
    STACK                                    0x200020a8   Section     1024  startup_stm32f10x_md.o(STACK)
    Stack_Mem                                0x200020a8   Data        1024  startup_stm32f10x_md.o(STACK)
    __initial_sp                             0x200024a8   Data           0  startup_stm32f10x_md.o(STACK)

    Global Symbols

    Symbol Name                              Value     Ov Type        Size  Object(Section)

    BuildAttributes$$THM_ISAv4$P$D$K$B$S$PE$A:L22UL41UL21$X:L11$S22US41US21$IEEE1$IW$USESV6$~STKCKD$USESV7$~SHL$OSPACE$ROPI$EBA8$UX$STANDARDLIB$REQ8$PRES8$EABIv2 0x00000000   Number         0  anon$$obj.o ABSOLUTE
    __ARM_use_no_argv                        0x00000000   Number         0  main.o ABSOLUTE
    _printf_flags                            0x00000000   Number         0  printf_stubs.o ABSOLUTE
    _printf_return_value                     0x00000000   Number         0  printf_stubs.o ABSOLUTE
    _printf_sizespec                         0x00000000   Number         0  printf_stubs.o ABSOLUTE
    _printf_widthprec                        0x00000000   Number         0  printf_stubs.o ABSOLUTE
    __ARM_exceptions_init                     - Undefined Weak Reference
    __alloca_initialize                       - Undefined Weak Reference
    __cpp_initialize__aeabi_                  - Undefined Weak Reference
    __cxa_finalize                            - Undefined Weak Reference
    __rt_locale                               - Undefined Weak Reference
    __sigvec_lookup                           - Undefined Weak Reference
    _atexit_init                              - Undefined Weak Reference
    _call_atexit_fns                          - Undefined Weak Reference
    _clock_init                               - Undefined Weak Reference
    _fp_trap_init                             - Undefined Weak Reference
    _fp_trap_shutdown                         - Undefined Weak Reference
    _get_lc_collate                           - Undefined Weak Reference
    _get_lc_ctype                             - Undefined Weak Reference
    _get_lc_monetary                          - Undefined Weak Reference
    _get_lc_numeric                           - Undefined Weak Reference
    _get_lc_time                              - Undefined Weak Reference
    _getenv_init                              - Undefined Weak Reference
    _handle_redirection                       - Undefined Weak Reference
    _init_alloc                               - Undefined Weak Reference
    _init_user_alloc                          - Undefined Weak Reference
    _initio                                   - Undefined Weak Reference
    _mutex_acquire                            - Undefined Weak Reference
    _mutex_release                            - Undefined Weak Reference
    _printf_mbtowc                            - Undefined Weak Reference
    _printf_truncate_signed                   - Undefined Weak Reference
    _printf_truncate_unsigned                 - Undefined Weak Reference
    _rand_init                                - Undefined Weak Reference
    _signal_finish                            - Undefined Weak Reference
    _signal_init                              - Undefined Weak Reference
    _terminate_alloc                          - Undefined Weak Reference
    _terminate_user_alloc                     - Undefined Weak Reference
    _terminateio                              - Undefined Weak Reference
    __Vectors_Size                           0x000000ec   Number         0  startup_stm32f10x_md.o ABSOLUTE
    __Vectors                                0x08000000   Data           4  startup_stm32f10x_md.o(RESET)
    __Vectors_End                            0x080000ec   Data           0  startup_stm32f10x_md.o(RESET)
    __main                                   0x080000ed   Thumb Code     8  __main.o(!!!main)
    __scatterload                            0x080000f5   Thumb Code     0  __scatter.o(!!!scatter)
    __scatterload_rt2                        0x080000f5   Thumb Code    44  __scatter.o(!!!scatter)
    __scatterload_rt2_thumb_only             0x080000f5   Thumb Code     0  __scatter.o(!!!scatter)
    __scatterload_null                       0x08000103   Thumb Code     0  __scatter.o(!!!scatter)
    __scatterload_copy                       0x08000129   Thumb Code    26  __scatter_copy.o(!!handler_copy)
    __scatterload_zeroinit                   0x08000145   Thumb Code    28  __scatter_zi.o(!!handler_zi)
    _printf_d                                0x08000161   Thumb Code     0  _printf_d.o(.ARM.Collect$$_printf_percent$$00000009)
    _printf_percent                          0x08000161   Thumb Code     0  _printf_percent.o(.ARM.Collect$$_printf_percent$$00000000)
    _printf_x                                0x08000167   Thumb Code     0  _printf_x.o(.ARM.Collect$$_printf_percent$$0000000C)
    _printf_s                                0x0800016d   Thumb Code     0  _printf_s.o(.ARM.Collect$$_printf_percent$$00000014)
    _printf_percent_end                      0x08000173   Thumb Code     0  _printf_percent_end.o(.ARM.Collect$$_printf_percent$$00000017)
    __rt_lib_init                            0x08000177   Thumb Code     0  libinit.o(.ARM.Collect$$libinit$$00000000)
    __rt_lib_init_alloca_1                   0x08000179   Thumb Code     0  libinit2.o(.ARM.Collect$$libinit$$0000002C)
    __rt_lib_init_argv_1                     0x08000179   Thumb Code     0  libinit2.o(.ARM.Collect$$libinit$$0000002A)
    __rt_lib_init_atexit_1                   0x08000179   Thumb Code     0  libinit2.o(.ARM.Collect$$libinit$$00000019)
    __rt_lib_init_clock_1                    0x08000179   Thumb Code     0  libinit2.o(.ARM.Collect$$libinit$$0000001F)
    __rt_lib_init_cpp_1                      0x08000179   Thumb Code     0  libinit2.o(.ARM.Collect$$libinit$$00000030)
    __rt_lib_init_exceptions_1               0x08000179   Thumb Code     0  libinit2.o(.ARM.Collect$$libinit$$0000002E)
    __rt_lib_init_fp_1                       0x08000179   Thumb Code     0  libinit2.o(.ARM.Collect$$libinit$$00000002)
    __rt_lib_init_fp_trap_1                  0x08000179   Thumb Code     0  libinit2.o(.ARM.Collect$$libinit$$0000001D)
    __rt_lib_init_getenv_1                   0x08000179   Thumb Code     0  libinit2.o(.ARM.Collect$$libinit$$00000021)
    __rt_lib_init_heap_1                     0x08000179   Thumb Code     0  libinit2.o(.ARM.Collect$$libinit$$00000008)
    __rt_lib_init_lc_collate_1               0x08000179   Thumb Code     0  libinit2.o(.ARM.Collect$$libinit$$0000000F)
    __rt_lib_init_lc_ctype_1                 0x08000179   Thumb Code     0  libinit2.o(.ARM.Collect$$libinit$$00000011)
    __rt_lib_init_lc_monetary_1              0x08000179   Thumb Code     0  libinit2.o(.ARM.Collect$$libinit$$00000013)
    __rt_lib_init_lc_numeric_1               0x08000179   Thumb Code     0  libinit2.o(.ARM.Collect$$libinit$$00000015)
    __rt_lib_init_lc_time_1                  0x08000179   Thumb Code     0  libinit2.o(.ARM.Collect$$libinit$$00000017)
    __rt_lib_init_rand_1                     0x08000179   Thumb Code     0  libinit2.o(.ARM.Collect$$libinit$$0000000C)
    __rt_lib_init_return                     0x08000179   Thumb Code     0  libinit2.o(.ARM.Collect$$libinit$$00000031)
    __rt_lib_init_signal_1                   0x08000179   Thumb Code     0  libinit2.o(.ARM.Collect$$libinit$$0000001B)
    __rt_lib_init_stdio_1                    0x08000179   Thumb Code     0  libinit2.o(.ARM.Collect$$libinit$$00000023)
    __rt_lib_init_user_alloc_1               0x08000179   Thumb Code     0  libinit2.o(.ARM.Collect$$libinit$$0000000A)
    __rt_lib_shutdown                        0x0800017b   Thumb Code     0  libshutdown.o(.ARM.Collect$$libshutdown$$00000000)
    __rt_lib_shutdown_fp_trap_1              0x0800017d   Thumb Code     0  libshutdown2.o(.ARM.Collect$$libshutdown$$00000006)
    __rt_lib_shutdown_heap_1                 0x0800017d   Thumb Code     0  libshutdown2.o(.ARM.Collect$$libshutdown$$0000000E)
    __rt_lib_shutdown_return                 0x0800017d   Thumb Code     0  libshutdown2.o(.ARM.Collect$$libshutdown$$0000000F)
    __rt_lib_shutdown_signal_1               0x0800017d   Thumb Code     0  libshutdown2.o(.ARM.Collect$$libshutdown$$00000009)
    __rt_lib_shutdown_stdio_1                0x0800017d   Thumb Code     0  libshutdown2.o(.ARM.Collect$$libshutdown$$00000003)
    __rt_lib_shutdown_user_alloc_1           0x0800017d   Thumb Code     0  libshutdown2.o(.ARM.Collect$$libshutdown$$0000000B)
    __rt_entry                               0x0800017f   Thumb Code     0  rtentry.o(.ARM.Collect$$rtentry$$00000000)
    __rt_entry_presh_1                       0x0800017f   Thumb Code     0  rtentry2.o(.ARM.Collect$$rtentry$$00000002)
    __rt_entry_sh                            0x0800017f   Thumb Code     0  rtentry4.o(.ARM.Collect$$rtentry$$00000004)
    __rt_entry_li                            0x08000185   Thumb Code     0  rtentry2.o(.ARM.Collect$$rtentry$$0000000A)
    __rt_entry_postsh_1                      0x08000185   Thumb Code     0  rtentry2.o(.ARM.Collect$$rtentry$$00000009)
    __rt_entry_main                          0x08000189   Thumb Code     0  rtentry2.o(.ARM.Collect$$rtentry$$0000000D)
    __rt_entry_postli_1                      0x08000189   Thumb Code     0  rtentry2.o(.ARM.Collect$$rtentry$$0000000C)
    __rt_exit                                0x08000191   Thumb Code     0  rtexit.o(.ARM.Collect$$rtexit$$00000000)
    __rt_exit_ls                             0x08000193   Thumb Code     0  rtexit2.o(.ARM.Collect$$rtexit$$00000003)
    __rt_exit_prels_1                        0x08000193   Thumb Code     0  rtexit2.o(.ARM.Collect$$rtexit$$00000002)
    __rt_exit_exit                           0x08000197   Thumb Code     0  rtexit2.o(.ARM.Collect$$rtexit$$00000004)
    Reset_Handler                            0x0800019d   Thumb Code     8  startup_stm32f10x_md.o(.text)
    ADC1_2_IRQHandler                        0x080001b7   Thumb Code     0  startup_stm32f10x_md.o(.text)
    CAN1_RX1_IRQHandler                      0x080001b7   Thumb Code     0  startup_stm32f10x_md.o(.text)
    CAN1_SCE_IRQHandler                      0x080001b7   Thumb Code     0  startup_stm32f10x_md.o(.text)
    DMA1_Channel1_IRQHandler                 0x080001b7   Thumb Code     0  startup_stm32f10x_md.o(.text)
    DMA1_Channel2_IRQHandler                 0x080001b7   Thumb Code     0  startup_stm32f10x_md.o(.text)
    DMA1_Channel3_IRQHandler                 0x080001b7   Thumb Code     0  startup_stm32f10x_md.o(.text)
    DMA1_Channel4_IRQHandler                 0x080001b7   Thumb Code     0  startup_stm32f10x_md.o(.text)
    DMA1_Channel5_IRQHandler                 0x080001b7   Thumb Code     0  startup_stm32f10x_md.o(.text)
    DMA1_Channel6_IRQHandler                 0x080001b7   Thumb Code     0  startup_stm32f10x_md.o(.text)
    DMA1_Channel7_IRQHandler                 0x080001b7   Thumb Code     0  startup_stm32f10x_md.o(.text)
    EXTI0_IRQHandler                         0x080001b7   Thumb Code     0  startup_stm32f10x_md.o(.text)
    EXTI15_10_IRQHandler                     0x080001b7   Thumb Code     0  startup_stm32f10x_md.o(.text)
    EXTI1_IRQHandler                         0x080001b7   Thumb Code     0  startup_stm32f10x_md.o(.text)
    EXTI2_IRQHandler                         0x080001b7   Thumb Code     0  startup_stm32f10x_md.o(.text)
    EXTI3_IRQHandler                         0x080001b7   Thumb Code     0  startup_stm32f10x_md.o(.text)
    EXTI4_IRQHandler                         0x080001b7   Thumb Code     0  startup_stm32f10x_md.o(.text)
    EXTI9_5_IRQHandler                       0x080001b7   Thumb Code     0  startup_stm32f10x_md.o(.text)
    FLASH_IRQHandler                         0x080001b7   Thumb Code     0  startup_stm32f10x_md.o(.text)
    I2C1_ER_IRQHandler                       0x080001b7   Thumb Code     0  startup_stm32f10x_md.o(.text)
    I2C1_EV_IRQHandler                       0x080001b7   Thumb Code     0  startup_stm32f10x_md.o(.text)
    I2C2_ER_IRQHandler                       0x080001b7   Thumb Code     0  startup_stm32f10x_md.o(.text)
    I2C2_EV_IRQHandler                       0x080001b7   Thumb Code     0  startup_stm32f10x_md.o(.text)
    PVD_IRQHandler                           0x080001b7   Thumb Code     0  startup_stm32f10x_md.o(.text)
    RCC_IRQHandler                           0x080001b7   Thumb Code     0  startup_stm32f10x_md.o(.text)
    RTCAlarm_IRQHandler                      0x080001b7   Thumb Code     0  startup_stm32f10x_md.o(.text)
    RTC_IRQHandler                           0x080001b7   Thumb Code     0  startup_stm32f10x_md.o(.text)
    SPI1_IRQHandler                          0x080001b7   Thumb Code     0  startup_stm32f10x_md.o(.text)
    SPI2_IRQHandler                          0x080001b7   Thumb Code     0  startup_stm32f10x_md.o(.text)
    TAMPER_IRQHandler                        0x080001b7   Thumb Code     0  startup_stm32f10x_md.o(.text)
    TIM1_BRK_IRQHandler                      0x080001b7   Thumb Code     0  startup_stm32f10x_md.o(.text)
    TIM1_CC_IRQHandler                       0x080001b7   Thumb Code     0  startup_stm32f10x_md.o(.text)
    TIM1_TRG_COM_IRQHandler                  0x080001b7   Thumb Code     0  startup_stm32f10x_md.o(.text)
    TIM1_UP_IRQHandler                       0x080001b7   Thumb Code     0  startup_stm32f10x_md.o(.text)
    TIM2_IRQHandler                          0x080001b7   Thumb Code     0  startup_stm32f10x_md.o(.text)
    TIM4_IRQHandler                          0x080001b7   Thumb Code     0  startup_stm32f10x_md.o(.text)
    USART2_IRQHandler                        0x080001b7   Thumb Code     0  startup_stm32f10x_md.o(.text)
    USART3_IRQHandler                        0x080001b7   Thumb Code     0  startup_stm32f10x_md.o(.text)
    USBWakeUp_IRQHandler                     0x080001b7   Thumb Code     0  startup_stm32f10x_md.o(.text)
    USB_HP_CAN1_TX_IRQHandler                0x080001b7   Thumb Code     0  startup_stm32f10x_md.o(.text)
    USB_LP_CAN1_RX0_IRQHandler               0x080001b7   Thumb Code     0  startup_stm32f10x_md.o(.text)
    WWDG_IRQHandler                          0x080001b7   Thumb Code     0  startup_stm32f10x_md.o(.text)
    __user_initial_stackheap                 0x080001b9   Thumb Code     0  startup_stm32f10x_md.o(.text)
    __use_no_semihosting                     0x080001dd   Thumb Code     2  use_no_semi_2.o(.text)
    __2printf                                0x080001e1   Thumb Code    20  __2printf.o(.text)
    _printf_str                              0x080001f9   Thumb Code    82  _printf_str.o(.text)
    _printf_int_dec                          0x0800024d   Thumb Code   102  _printf_dec.o(.text)
    _printf_int_hex                          0x080002c5   Thumb Code    88  _printf_hex_int.o(.text)
    _printf_longlong_hex                     0x080002c5   Thumb Code     0  _printf_hex_int.o(.text)
    __printf                                 0x08000321   Thumb Code   270  __printf_wp.o(.text)
    __aeabi_memcpy                           0x0800042f   Thumb Code     0  rt_memcpy_v6.o(.text)
    __rt_memcpy                              0x0800042f   Thumb Code   138  rt_memcpy_v6.o(.text)
    _memcpy_lastbytes                        0x08000495   Thumb Code     0  rt_memcpy_v6.o(.text)
    __aeabi_memset                           0x080004b9   Thumb Code    16  aeabi_memset.o(.text)
    __use_two_region_memory                  0x080004c9   Thumb Code     2  heapauxi.o(.text)
    __rt_heap_escrow$2region                 0x080004cb   Thumb Code     2  heapauxi.o(.text)
    __rt_heap_expand$2region                 0x080004cd   Thumb Code     2  heapauxi.o(.text)
    __I$use$semihosting                      0x080004cf   Thumb Code     0  use_no_semi.o(.text)
    __use_no_semihosting_swi                 0x080004cf   Thumb Code     2  use_no_semi.o(.text)
    _printf_int_common                       0x080004d1   Thumb Code   184  _printf_intcommon.o(.text)
    _printf_char_common                      0x08000593   Thumb Code    32  _printf_char_common.o(.text)
    _printf_cs_common                        0x080005b9   Thumb Code    20  _printf_char.o(.text)
    _printf_char                             0x080005cd   Thumb Code    16  _printf_char.o(.text)
    _printf_string                           0x080005dd   Thumb Code     8  _printf_char.o(.text)
    _printf_char_file                        0x080005e5   Thumb Code    32  _printf_char_file.o(.text)
    __aeabi_memcpy4                          0x08000609   Thumb Code     0  rt_memcpy_w.o(.text)
    __aeabi_memcpy8                          0x08000609   Thumb Code     0  rt_memcpy_w.o(.text)
    __rt_memcpy_w                            0x08000609   Thumb Code   100  rt_memcpy_w.o(.text)
    _memcpy_lastbytes_aligned                0x08000651   Thumb Code     0  rt_memcpy_w.o(.text)
    __aeabi_memclr                           0x0800066d   Thumb Code     0  rt_memclr.o(.text)
    __rt_memclr                              0x0800066d   Thumb Code    68  rt_memclr.o(.text)
    _memset                                  0x08000671   Thumb Code     0  rt_memclr.o(.text)
    ferror                                   0x080006b1   Thumb Code     8  ferror.o(.text)
    __aeabi_memclr4                          0x080006b9   Thumb Code     0  rt_memclr_w.o(.text)
    __aeabi_memclr8                          0x080006b9   Thumb Code     0  rt_memclr_w.o(.text)
    __rt_memclr_w                            0x080006b9   Thumb Code    78  rt_memclr_w.o(.text)
    _memset_w                                0x080006bd   Thumb Code     0  rt_memclr_w.o(.text)
    __user_setup_stackheap                   0x08000707   Thumb Code    74  sys_stackheap_outer.o(.text)
    exit                                     0x08000751   Thumb Code    12  exit.o(.text)
    __user_libspace                          0x0800075d   Thumb Code     8  libspace.o(.text)
    __user_perproc_libspace                  0x0800075d   Thumb Code     0  libspace.o(.text)
    __user_perthread_libspace                0x0800075d   Thumb Code     0  libspace.o(.text)
    BusFault_Handler                         0x08000765   Thumb Code     4  stm32f10x_it.o(i.BusFault_Handler)
    ClearQ                                   0x08000769   Thumb Code    10  queue.o(i.ClearQ)
    CreateLanQueue                           0x08000773   Thumb Code    10  queue.o(i.CreateLanQueue)
    DeQueue                                  0x0800077d   Thumb Code    54  queue.o(i.DeQueue)
    DebugMon_Handler                         0x080007b3   Thumb Code     2  stm32f10x_it.o(i.DebugMon_Handler)
    ENC28J60_Init                            0x080007b5   Thumb Code   366  enc28j60.o(i.ENC28J60_Init)
    ENC28J60_PHY_Write                       0x08000929   Thumb Code    62  enc28j60.o(i.ENC28J60_PHY_Write)
    ENC28J60_Packet_Receive                  0x08000969   Thumb Code   188  enc28j60.o(i.ENC28J60_Packet_Receive)
    ENC28J60_Packet_Send                     0x08000a29   Thumb Code   102  enc28j60.o(i.ENC28J60_Packet_Send)
    ENC28J60_Read                            0x08000a8f   Thumb Code    20  enc28j60.o(i.ENC28J60_Read)
    ENC28J60_Read_Buf                        0x08000aa5   Thumb Code    50  enc28j60.o(i.ENC28J60_Read_Buf)
    ENC28J60_Read_Op                         0x08000add   Thumb Code    60  enc28j60.o(i.ENC28J60_Read_Op)
    ENC28J60_Reset                           0x08000b1d   Thumb Code    48  enc28j60.o(i.ENC28J60_Reset)
    ENC28J60_Set_Bank                        0x08000bad   Thumb Code    48  enc28j60.o(i.ENC28J60_Set_Bank)
    ENC28J60_Write                           0x08000be1   Thumb Code    24  enc28j60.o(i.ENC28J60_Write)
    ENC28J60_Write_Buf                       0x08000bf9   Thumb Code    44  enc28j60.o(i.ENC28J60_Write_Buf)
    ENC28J60_Write_Op                        0x08000c29   Thumb Code    50  enc28j60.o(i.ENC28J60_Write_Op)
    EmptyLanQueue                            0x08000c65   Thumb Code    18  queue.o(i.EmptyLanQueue)
    EnQueue                                  0x08000c77   Thumb Code    52  queue.o(i.EnQueue)
    EnQueuex                                 0x08000cab   Thumb Code    40  queue.o(i.EnQueuex)
    ExplainParm                              0x08000cd5   Thumb Code   292  main.o(i.ExplainParm)
    FLASH_ErasePage                          0x08000e01   Thumb Code    72  stm32f10x_flash.o(i.FLASH_ErasePage)
    FLASH_GetBank1Status                     0x08000e4d   Thumb Code    48  stm32f10x_flash.o(i.FLASH_GetBank1Status)
    FLASH_Lock                               0x08000e81   Thumb Code    14  stm32f10x_flash.o(i.FLASH_Lock)
    FLASH_ProgramHalfWord                    0x08000e95   Thumb Code    60  stm32f10x_flash.o(i.FLASH_ProgramHalfWord)
    FLASH_Unlock                             0x08000ed5   Thumb Code    12  stm32f10x_flash.o(i.FLASH_Unlock)
    FLASH_WaitForLastOperation               0x08000eed   Thumb Code    38  stm32f10x_flash.o(i.FLASH_WaitForLastOperation)
    FlashChk                                 0x08000f15   Thumb Code    40  main.o(i.FlashChk)
    FrameUpWxConfig                          0x08000f59   Thumb Code   304  framepkg.o(i.FrameUpWxConfig)
    FullLanQueue                             0x08001091   Thumb Code    32  queue.o(i.FullLanQueue)
    GPIO_Init                                0x080010b1   Thumb Code   274  stm32f10x_gpio.o(i.GPIO_Init)
    GPIO_PinRemapConfig                      0x080011c5   Thumb Code   138  stm32f10x_gpio.o(i.GPIO_PinRemapConfig)
    GPIO_ResetBits                           0x08001255   Thumb Code     4  stm32f10x_gpio.o(i.GPIO_ResetBits)
    GPIO_SetBits                             0x08001259   Thumb Code     4  stm32f10x_gpio.o(i.GPIO_SetBits)
    HardFault_Handler                        0x0800125d   Thumb Code    18  stm32f10x_it.o(i.HardFault_Handler)
    LEDTask                                  0x08001285   Thumb Code    30  led.o(i.LEDTask)
    LED_Init                                 0x080012ad   Thumb Code    50  led.o(i.LED_Init)
    LanInit                                  0x080012e5   Thumb Code   306  main.o(i.LanInit)
    MemManage_Handler                        0x08001445   Thumb Code     4  stm32f10x_it.o(i.MemManage_Handler)
    NMI_Handler                              0x08001449   Thumb Code     2  stm32f10x_it.o(i.NMI_Handler)
    NRF24L01_Check                           0x0800144d   Thumb Code    66  24l01.o(i.NRF24L01_Check)
    NRF24L01_Init                            0x08001499   Thumb Code   188  24l01.o(i.NRF24L01_Init)
    NRF24L01_RX_Mode                         0x08001581   Thumb Code    82  24l01.o(i.NRF24L01_RX_Mode)
    NRF24L01_Read_Buf                        0x080015e1   Thumb Code    56  24l01.o(i.NRF24L01_Read_Buf)
    NRF24L01_Read_Reg                        0x0800161d   Thumb Code    36  24l01.o(i.NRF24L01_Read_Reg)
    NRF24L01_RxPacket                        0x08001649   Thumb Code    62  24l01.o(i.NRF24L01_RxPacket)
    NRF24L01_TX_Mode                         0x08001689   Thumb Code    92  24l01.o(i.NRF24L01_TX_Mode)
    NRF24L01_TxPacket                        0x080016f5   Thumb Code   100  24l01.o(i.NRF24L01_TxPacket)
    NRF24L01_Write_Buf                       0x08001765   Thumb Code    56  24l01.o(i.NRF24L01_Write_Buf)
    NRF24L01_Write_Reg                       0x080017a1   Thumb Code    38  24l01.o(i.NRF24L01_Write_Reg)
    NVIC_Configuration                       0x080017d1   Thumb Code    12  sys.o(i.NVIC_Configuration)
    NVIC_Init                                0x080017dd   Thumb Code   102  misc.o(i.NVIC_Init)
    NVIC_PriorityGroupConfig                 0x08001851   Thumb Code    10  misc.o(i.NVIC_PriorityGroupConfig)
    NetDatExp                                0x08001865   Thumb Code   492  main.o(i.NetDatExp)
    Nrf24l01Task                             0x08001ab9   Thumb Code   270  main.o(i.Nrf24l01Task)
    PendSV_Handler                           0x08001c29   Thumb Code     2  stm32f10x_it.o(i.PendSV_Handler)
    PrintCfgPar                              0x08001c2d   Thumb Code   146  main.o(i.PrintCfgPar)
    QueueDatLen                              0x08001db5   Thumb Code     6  queue.o(i.QueueDatLen)
    RCC_APB1PeriphClockCmd                   0x08001dbd   Thumb Code    26  stm32f10x_rcc.o(i.RCC_APB1PeriphClockCmd)
    RCC_APB2PeriphClockCmd                   0x08001ddd   Thumb Code    26  stm32f10x_rcc.o(i.RCC_APB2PeriphClockCmd)
    RCC_GetClocksFreq                        0x08001dfd   Thumb Code   192  stm32f10x_rcc.o(i.RCC_GetClocksFreq)
    SPI1_Init                                0x08001ed1   Thumb Code   128  spi.o(i.SPI1_Init)
    SPI1_ReadWriteByte                       0x08001f59   Thumb Code    78  spi.o(i.SPI1_ReadWriteByte)
    SPI2_Init                                0x08001fad   Thumb Code   138  spi.o(i.SPI2_Init)
    SPI2_ReadWriteByte                       0x08002041   Thumb Code    78  spi.o(i.SPI2_ReadWriteByte)
    SPI2_SetSpeed                            0x08002095   Thumb Code    36  spi.o(i.SPI2_SetSpeed)
    SPI_Cmd                                  0x080020bd   Thumb Code    24  stm32f10x_spi.o(i.SPI_Cmd)
    SPI_I2S_GetFlagStatus                    0x080020d5   Thumb Code    18  stm32f10x_spi.o(i.SPI_I2S_GetFlagStatus)
    SPI_I2S_ReceiveData                      0x080020e7   Thumb Code     6  stm32f10x_spi.o(i.SPI_I2S_ReceiveData)
    SPI_I2S_SendData                         0x080020ed   Thumb Code     4  stm32f10x_spi.o(i.SPI_I2S_SendData)
    SPI_Init                                 0x080020f1   Thumb Code    60  stm32f10x_spi.o(i.SPI_Init)
    STMFLASH_Read                            0x0800212d   Thumb Code    34  stmflash.o(i.STMFLASH_Read)
    STMFLASH_ReadHalfWord                    0x0800214f   Thumb Code     6  stmflash.o(i.STMFLASH_ReadHalfWord)
    STMFLASH_Write                           0x08002155   Thumb Code   218  stmflash.o(i.STMFLASH_Write)
    STMFLASH_Write_NoCheck                   0x0800223d   Thumb Code    38  stmflash.o(i.STMFLASH_Write_NoCheck)
    SVC_Handler                              0x08002263   Thumb Code     2  stm32f10x_it.o(i.SVC_Handler)
    SysReset                                 0x08002349   Thumb Code     8  main.o(i.SysReset)
    SysTick_CLKSourceConfig                  0x08002359   Thumb Code    40  misc.o(i.SysTick_CLKSourceConfig)
    SysTick_Handler                          0x08002381   Thumb Code     2  stm32f10x_it.o(i.SysTick_Handler)
    SystemInit                               0x08002385   Thumb Code    78  system_stm32f10x.o(i.SystemInit)
    TIM3_IRQHandler                          0x080023e5   Thumb Code   104  timerx.o(i.TIM3_IRQHandler)
    TIM3_Int_Init                            0x08002465   Thumb Code    90  timerx.o(i.TIM3_Int_Init)
    TIM_ClearITPendingBit                    0x080024c5   Thumb Code     6  stm32f10x_tim.o(i.TIM_ClearITPendingBit)
    TIM_Cmd                                  0x080024cb   Thumb Code    24  stm32f10x_tim.o(i.TIM_Cmd)
    TIM_GetITStatus                          0x080024e3   Thumb Code    34  stm32f10x_tim.o(i.TIM_GetITStatus)
    TIM_ITConfig                             0x08002505   Thumb Code    18  stm32f10x_tim.o(i.TIM_ITConfig)
    TIM_TimeBaseInit                         0x08002519   Thumb Code   122  stm32f10x_tim.o(i.TIM_TimeBaseInit)
    USART1_IRQHandler                        0x080025bd   Thumb Code   122  usart.o(i.USART1_IRQHandler)
    USART_Cmd                                0x08002645   Thumb Code    24  stm32f10x_usart.o(i.USART_Cmd)
    USART_GetITStatus                        0x0800265d   Thumb Code    84  stm32f10x_usart.o(i.USART_GetITStatus)
    USART_ITConfig                           0x080026b1   Thumb Code    74  stm32f10x_usart.o(i.USART_ITConfig)
    USART_Init                               0x080026fd   Thumb Code   210  stm32f10x_usart.o(i.USART_Init)
    USART_ReceiveData                        0x080027d5   Thumb Code    10  stm32f10x_usart.o(i.USART_ReceiveData)
    UsageFault_Handler                       0x080027df   Thumb Code     4  stm32f10x_it.o(i.UsageFault_Handler)
    WriteDefaultSet                          0x080027e5   Thumb Code   130  main.o(i.WriteDefaultSet)
    WriteParm                                0x0800286d   Thumb Code   258  main.o(i.WriteParm)
    _is_digit                                0x08002979   Thumb Code    14  __printf_wp.o(i._is_digit)
    _sys_exit                                0x08002987   Thumb Code     6  usart.o(i._sys_exit)
    app_get_rand                             0x0800298d   Thumb Code    32  main.o(i.app_get_rand)
    clock_time                               0x080029fd   Thumb Code     6  clock-arch.o(i.clock_time)
    delay_init                               0x08002a09   Thumb Code    50  delay.o(i.delay_init)
    delay_ms                                 0x08002a4d   Thumb Code    70  delay.o(i.delay_ms)
    fputc                                    0x08002a99   Thumb Code    22  usart.o(i.fputc)
    htons                                    0x08002ab5   Thumb Code    12  uip.o(i.htons)
    main                                     0x08002ac1   Thumb Code   134  main.o(i.main)
    queue_find_cmd                           0x08002b5d   Thumb Code   158  framepkg.o(i.queue_find_cmd)
    showdbg8hex                              0x08002c11   Thumb Code    34  main.o(i.showdbg8hex)
    tapdev_init                              0x08002c3d   Thumb Code    46  tapdev.o(i.tapdev_init)
    tapdev_read                              0x08002c75   Thumb Code    16  tapdev.o(i.tapdev_read)
    tapdev_send                              0x08002c89   Thumb Code    14  tapdev.o(i.tapdev_send)
    tcp_client_aborted                       0x08002ca1   Thumb Code    34  tcp_client_demo.o(i.tcp_client_aborted)
    tcp_client_acked                         0x08002ce9   Thumb Code    26  tcp_client_demo.o(i.tcp_client_acked)
    tcp_client_closed                        0x08002d21   Thumb Code    34  tcp_client_demo.o(i.tcp_client_closed)
    tcp_client_connected                     0x08002d69   Thumb Code    46  tcp_client_demo.o(i.tcp_client_connected)
    tcp_client_demo_appcall                  0x08002db9   Thumb Code   160  tcp_client_demo.o(i.tcp_client_demo_appcall)
    tcp_client_reconnect                     0x08002e69   Thumb Code    96  tcp_client_demo.o(i.tcp_client_reconnect)
    tcp_client_senddata                      0x08002edd   Thumb Code    26  tcp_client_demo.o(i.tcp_client_senddata)
    tcp_client_timedout                      0x08002efd   Thumb Code    22  tcp_client_demo.o(i.tcp_client_timedout)
    timer_expired                            0x08002f31   Thumb Code    26  timer.o(i.timer_expired)
    timer_reset                              0x08002f4b   Thumb Code    10  timer.o(i.timer_reset)
    timer_set                                0x08002f55   Thumb Code    16  timer.o(i.timer_set)
    uart_init                                0x08002f65   Thumb Code   152  usart.o(i.uart_init)
    uip_add32                                0x08003005   Thumb Code   106  uip.o(i.uip_add32)
    uip_arp_arpin                            0x080030b9   Thumb Code   216  uip_arp.o(i.uip_arp_arpin)
    uip_arp_out                              0x080031a1   Thumb Code   366  uip_arp.o(i.uip_arp_out)
    uip_arp_timer                            0x08003341   Thumb Code    76  uip_arp.o(i.uip_arp_timer)
    uip_connect                              0x080034bd   Thumb Code   254  uip.o(i.uip_connect)
    uip_init                                 0x080035cd   Thumb Code    92  uip.o(i.uip_init)
    uip_ipchksum                             0x08003639   Thumb Code    30  uip.o(i.uip_ipchksum)
    uip_log                                  0x0800365d   Thumb Code    14  tcp_client_demo.o(i.uip_log)
    uip_polling                              0x0800367d   Thumb Code   208  main.o(i.uip_polling)
    uip_process                              0x08003769   Thumb Code  3988  uip.o(i.uip_process)
    uip_send                                 0x08004715   Thumb Code    38  uip.o(i.uip_send)
    uip_tcpchksum                            0x08004745   Thumb Code    10  uip.o(i.uip_tcpchksum)
    TX_ADDRESS                               0x08004798   Data           5  24l01.o(.constdata)
    RX_ADDRESS                               0x0800479d   Data           5  24l01.o(.constdata)
    mymac                                    0x080047b0   Data           6  tapdev.o(.constdata)
    Region$$Table$$Base                      0x080047e0   Number         0  anon$$obj.o(Region$$Table)
    Region$$Table$$Limit                     0x08004800   Number         0  anon$$obj.o(Region$$Table)
    gSysRstFlg                               0x20000000   Data           1  main.o(.data)
    gTCPReConnectT                           0x20000002   Data           2  main.o(.data)
    random_seed                              0x20000004   Data           4  main.o(.data)
    WxSwVer                                  0x2000001d   Data           1  main.o(.data)
    WxHwVer                                  0x2000001e   Data           1  main.o(.data)
    gFlg                                     0x2000001f   Data           1  main.o(.data)
    L01_Ctr                                  0x20000020   Data           4  main.o(.data)
    gNrfLnkGas                               0x20000024   Data           1  main.o(.data)
    DlyVar                                   0x20000025   Data           1  main.o(.data)
    SystemCoreClock                          0x20000028   Data           4  system_stm32f10x.o(.data)
    AHBPrescTable                            0x2000002c   Data          16  system_stm32f10x.o(.data)
    gLED_Gas                                 0x20000044   Data           2  led.o(.data)
    uip_timer                                0x20000048   Data           4  timerx.o(.data)
    USART_RX_STA                             0x20000058   Data           2  usart.o(.data)
    __stdout                                 0x2000005c   Data           4  usart.o(.data)
    uip_ethaddr                              0x20000074   Data           6  uip.o(.data)
    uip_hostaddr                             0x2000007a   Data           4  uip.o(.data)
    uip_draddr                               0x2000007e   Data           4  uip.o(.data)
    uip_netmask                              0x20000082   Data           4  uip.o(.data)
    uip_appdata                              0x20000088   Data           4  uip.o(.data)
    uip_sappdata                             0x2000008c   Data           4  uip.o(.data)
    uip_len                                  0x20000090   Data           2  uip.o(.data)
    uip_slen                                 0x20000092   Data           2  uip.o(.data)
    uip_flags                                0x20000094   Data           1  uip.o(.data)
    uip_conn                                 0x20000098   Data           4  uip.o(.data)
    uip_listenports                          0x2000009c   Data           2  uip.o(.data)
    uip_acc32                                0x200000a6   Data           4  uip.o(.data)
    tcp_client_sta                           0x200000b6   Data           1  tcp_client_demo.o(.data)
    Readtmp                                  0x200000b8   Data         100  main.o(.bss)
    gCmpDwDxBuf                              0x2000011c   Data         408  main.o(.bss)
    gDxUpCmpBuf                              0x200002b4   Data         408  main.o(.bss)
    TxMsgBuf                                 0x2000044c   Data          40  main.o(.bss)
    ChipUniqueID                             0x20000474   Data          12  main.o(.bss)
    Wnettxbf                                 0x20000480   Data          40  main.o(.bss)
    Config                                   0x200004a8   Data          32  main.o(.bss)
    STMFLASH_BUF                             0x200004c8   Data        2048  stmflash.o(.bss)
    USART_RX_BUF                             0x20000cc8   Data         200  usart.o(.bss)
    uip_buf                                  0x20000d90   Data        4098  uip.o(.bss)
    uip_conns                                0x20001d94   Data          40  uip.o(.bss)
    uip_stat                                 0x20001dbc   Data          44  uip.o(.bss)
    __libspace_start                         0x20001e48   Data          96  libspace.o(.bss)
    __temporary_stack_top$libspace           0x20001ea8   Data           0  libspace.o(.bss)



==============================================================================

Memory Map of the image

  Image Entry point : 0x080000ed

  Load Region LR_IROM1 (Base: 0x08000000, Size: 0x000048b8, Max: 0x00010000, ABSOLUTE)

    Execution Region ER_IROM1 (Base: 0x08000000, Size: 0x00004800, Max: 0x00010000, ABSOLUTE)

    Base Addr    Size         Type   Attr      Idx    E Section Name        Object

    0x08000000   0x000000ec   Data   RO          993    RESET               startup_stm32f10x_md.o
    0x080000ec   0x00000008   Code   RO         3634  * !!!main             c_w.l(__main.o)
    0x080000f4   0x00000034   Code   RO         3811    !!!scatter          c_w.l(__scatter.o)
    0x08000128   0x0000001a   Code   RO         3813    !!handler_copy      c_w.l(__scatter_copy.o)
    0x08000142   0x00000002   PAD
    0x08000144   0x0000001c   Code   RO         3815    !!handler_zi        c_w.l(__scatter_zi.o)
    0x08000160   0x00000000   Code   RO         3621    .ARM.Collect$$_printf_percent$$00000000  c_w.l(_printf_percent.o)
    0x08000160   0x00000006   Code   RO         3619    .ARM.Collect$$_printf_percent$$00000009  c_w.l(_printf_d.o)
    0x08000166   0x00000006   Code   RO         3618    .ARM.Collect$$_printf_percent$$0000000C  c_w.l(_printf_x.o)
    0x0800016c   0x00000006   Code   RO         3617    .ARM.Collect$$_printf_percent$$00000014  c_w.l(_printf_s.o)
    0x08000172   0x00000004   Code   RO         3651    .ARM.Collect$$_printf_percent$$00000017  c_w.l(_printf_percent_end.o)
    0x08000176   0x00000002   Code   RO         3688    .ARM.Collect$$libinit$$00000000  c_w.l(libinit.o)
    0x08000178   0x00000000   Code   RO         3695    .ARM.Collect$$libinit$$00000002  c_w.l(libinit2.o)
    0x08000178   0x00000000   Code   RO         3698    .ARM.Collect$$libinit$$00000008  c_w.l(libinit2.o)
    0x08000178   0x00000000   Code   RO         3700    .ARM.Collect$$libinit$$0000000A  c_w.l(libinit2.o)
    0x08000178   0x00000000   Code   RO         3702    .ARM.Collect$$libinit$$0000000C  c_w.l(libinit2.o)
    0x08000178   0x00000000   Code   RO         3705    .ARM.Collect$$libinit$$0000000F  c_w.l(libinit2.o)
    0x08000178   0x00000000   Code   RO         3707    .ARM.Collect$$libinit$$00000011  c_w.l(libinit2.o)
    0x08000178   0x00000000   Code   RO         3709    .ARM.Collect$$libinit$$00000013  c_w.l(libinit2.o)
    0x08000178   0x00000000   Code   RO         3711    .ARM.Collect$$libinit$$00000015  c_w.l(libinit2.o)
    0x08000178   0x00000000   Code   RO         3713    .ARM.Collect$$libinit$$00000017  c_w.l(libinit2.o)
    0x08000178   0x00000000   Code   RO         3715    .ARM.Collect$$libinit$$00000019  c_w.l(libinit2.o)
    0x08000178   0x00000000   Code   RO         3717    .ARM.Collect$$libinit$$0000001B  c_w.l(libinit2.o)
    0x08000178   0x00000000   Code   RO         3719    .ARM.Collect$$libinit$$0000001D  c_w.l(libinit2.o)
    0x08000178   0x00000000   Code   RO         3721    .ARM.Collect$$libinit$$0000001F  c_w.l(libinit2.o)
    0x08000178   0x00000000   Code   RO         3723    .ARM.Collect$$libinit$$00000021  c_w.l(libinit2.o)
    0x08000178   0x00000000   Code   RO         3725    .ARM.Collect$$libinit$$00000023  c_w.l(libinit2.o)
    0x08000178   0x00000000   Code   RO         3729    .ARM.Collect$$libinit$$0000002A  c_w.l(libinit2.o)
    0x08000178   0x00000000   Code   RO         3731    .ARM.Collect$$libinit$$0000002C  c_w.l(libinit2.o)
    0x08000178   0x00000000   Code   RO         3733    .ARM.Collect$$libinit$$0000002E  c_w.l(libinit2.o)
    0x08000178   0x00000000   Code   RO         3735    .ARM.Collect$$libinit$$00000030  c_w.l(libinit2.o)
    0x08000178   0x00000002   Code   RO         3736    .ARM.Collect$$libinit$$00000031  c_w.l(libinit2.o)
    0x0800017a   0x00000002   Code   RO         3754    .ARM.Collect$$libshutdown$$00000000  c_w.l(libshutdown.o)
    0x0800017c   0x00000000   Code   RO         3765    .ARM.Collect$$libshutdown$$00000003  c_w.l(libshutdown2.o)
    0x0800017c   0x00000000   Code   RO         3768    .ARM.Collect$$libshutdown$$00000006  c_w.l(libshutdown2.o)
    0x0800017c   0x00000000   Code   RO         3771    .ARM.Collect$$libshutdown$$00000009  c_w.l(libshutdown2.o)
    0x0800017c   0x00000000   Code   RO         3773    .ARM.Collect$$libshutdown$$0000000B  c_w.l(libshutdown2.o)
    0x0800017c   0x00000000   Code   RO         3776    .ARM.Collect$$libshutdown$$0000000E  c_w.l(libshutdown2.o)
    0x0800017c   0x00000002   Code   RO         3777    .ARM.Collect$$libshutdown$$0000000F  c_w.l(libshutdown2.o)
    0x0800017e   0x00000000   Code   RO         3638    .ARM.Collect$$rtentry$$00000000  c_w.l(rtentry.o)
    0x0800017e   0x00000000   Code   RO         3657    .ARM.Collect$$rtentry$$00000002  c_w.l(rtentry2.o)
    0x0800017e   0x00000006   Code   RO         3669    .ARM.Collect$$rtentry$$00000004  c_w.l(rtentry4.o)
    0x08000184   0x00000000   Code   RO         3659    .ARM.Collect$$rtentry$$00000009  c_w.l(rtentry2.o)
    0x08000184   0x00000004   Code   RO         3660    .ARM.Collect$$rtentry$$0000000A  c_w.l(rtentry2.o)
    0x08000188   0x00000000   Code   RO         3662    .ARM.Collect$$rtentry$$0000000C  c_w.l(rtentry2.o)
    0x08000188   0x00000008   Code   RO         3663    .ARM.Collect$$rtentry$$0000000D  c_w.l(rtentry2.o)
    0x08000190   0x00000002   Code   RO         3692    .ARM.Collect$$rtexit$$00000000  c_w.l(rtexit.o)
    0x08000192   0x00000000   Code   RO         3738    .ARM.Collect$$rtexit$$00000002  c_w.l(rtexit2.o)
    0x08000192   0x00000004   Code   RO         3739    .ARM.Collect$$rtexit$$00000003  c_w.l(rtexit2.o)
    0x08000196   0x00000006   Code   RO         3740    .ARM.Collect$$rtexit$$00000004  c_w.l(rtexit2.o)
    0x0800019c   0x00000040   Code   RO          994    .text               startup_stm32f10x_md.o
    0x080001dc   0x00000002   Code   RO         3557    .text               c_w.l(use_no_semi_2.o)
    0x080001de   0x00000002   PAD
    0x080001e0   0x00000018   Code   RO         3559    .text               c_w.l(__2printf.o)
    0x080001f8   0x00000052   Code   RO         3571    .text               c_w.l(_printf_str.o)
    0x0800024a   0x00000002   PAD
    0x0800024c   0x00000078   Code   RO         3573    .text               c_w.l(_printf_dec.o)
    0x080002c4   0x0000005c   Code   RO         3578    .text               c_w.l(_printf_hex_int.o)
    0x08000320   0x0000010e   Code   RO         3604    .text               c_w.l(__printf_wp.o)
    0x0800042e   0x0000008a   Code   RO         3628    .text               c_w.l(rt_memcpy_v6.o)
    0x080004b8   0x00000010   Code   RO         3630    .text               c_w.l(aeabi_memset.o)
    0x080004c8   0x00000006   Code   RO         3632    .text               c_w.l(heapauxi.o)
    0x080004ce   0x00000002   Code   RO         3636    .text               c_w.l(use_no_semi.o)
    0x080004d0   0x000000b8   Code   RO         3639    .text               c_w.l(_printf_intcommon.o)
    0x08000588   0x00000030   Code   RO         3641    .text               c_w.l(_printf_char_common.o)
    0x080005b8   0x0000002c   Code   RO         3647    .text               c_w.l(_printf_char.o)
    0x080005e4   0x00000024   Code   RO         3649    .text               c_w.l(_printf_char_file.o)
    0x08000608   0x00000064   Code   RO         3652    .text               c_w.l(rt_memcpy_w.o)
    0x0800066c   0x00000044   Code   RO         3654    .text               c_w.l(rt_memclr.o)
    0x080006b0   0x00000008   Code   RO         3673    .text               c_w.l(ferror.o)
    0x080006b8   0x0000004e   Code   RO         3677    .text               c_w.l(rt_memclr_w.o)
    0x08000706   0x0000004a   Code   RO         3679    .text               c_w.l(sys_stackheap_outer.o)
    0x08000750   0x0000000c   Code   RO         3681    .text               c_w.l(exit.o)
    0x0800075c   0x00000008   Code   RO         3689    .text               c_w.l(libspace.o)
    0x08000764   0x00000004   Code   RO          275    i.BusFault_Handler  stm32f10x_it.o
    0x08000768   0x0000000a   Code   RO          429    i.ClearQ            queue.o
    0x08000772   0x0000000a   Code   RO          430    i.CreateLanQueue    queue.o
    0x0800077c   0x00000036   Code   RO          431    i.DeQueue           queue.o
    0x080007b2   0x00000002   Code   RO          276    i.DebugMon_Handler  stm32f10x_it.o
    0x080007b4   0x00000174   Code   RO          637    i.ENC28J60_Init     enc28j60.o
    0x08000928   0x0000003e   Code   RO          638    i.ENC28J60_PHY_Write  enc28j60.o
    0x08000966   0x00000002   PAD
    0x08000968   0x000000c0   Code   RO          639    i.ENC28J60_Packet_Receive  enc28j60.o
    0x08000a28   0x00000066   Code   RO          640    i.ENC28J60_Packet_Send  enc28j60.o
    0x08000a8e   0x00000014   Code   RO          641    i.ENC28J60_Read     enc28j60.o
    0x08000aa2   0x00000002   PAD
    0x08000aa4   0x00000038   Code   RO          642    i.ENC28J60_Read_Buf  enc28j60.o
    0x08000adc   0x00000040   Code   RO          643    i.ENC28J60_Read_Op  enc28j60.o
    0x08000b1c   0x00000038   Code   RO          644    i.ENC28J60_Reset    enc28j60.o
    0x08000b54   0x00000058   Code   RO          645    i.ENC28J60_SPI1_Init  enc28j60.o
    0x08000bac   0x00000034   Code   RO          646    i.ENC28J60_Set_Bank  enc28j60.o
    0x08000be0   0x00000018   Code   RO          647    i.ENC28J60_Write    enc28j60.o
    0x08000bf8   0x00000030   Code   RO          648    i.ENC28J60_Write_Buf  enc28j60.o
    0x08000c28   0x0000003c   Code   RO          649    i.ENC28J60_Write_Op  enc28j60.o
    0x08000c64   0x00000012   Code   RO          433    i.EmptyLanQueue     queue.o
    0x08000c76   0x00000034   Code   RO          434    i.EnQueue           queue.o
    0x08000caa   0x00000028   Code   RO          435    i.EnQueuex          queue.o
    0x08000cd2   0x00000002   PAD
    0x08000cd4   0x0000012c   Code   RO            1    i.ExplainParm       main.o
    0x08000e00   0x0000004c   Code   RO         2708    i.FLASH_ErasePage   stm32f10x_flash.o
    0x08000e4c   0x00000034   Code   RO         2709    i.FLASH_GetBank1Status  stm32f10x_flash.o
    0x08000e80   0x00000014   Code   RO         2718    i.FLASH_Lock        stm32f10x_flash.o
    0x08000e94   0x00000040   Code   RO         2721    i.FLASH_ProgramHalfWord  stm32f10x_flash.o
    0x08000ed4   0x00000018   Code   RO         2726    i.FLASH_Unlock      stm32f10x_flash.o
    0x08000eec   0x00000026   Code   RO         2730    i.FLASH_WaitForLastOperation  stm32f10x_flash.o
    0x08000f12   0x00000002   PAD
    0x08000f14   0x00000044   Code   RO            2    i.FlashChk          main.o
    0x08000f58   0x00000138   Code   RO          501    i.FrameUpWxConfig   framepkg.o
    0x08001090   0x00000020   Code   RO          436    i.FullLanQueue      queue.o
    0x080010b0   0x00000112   Code   RO         1145    i.GPIO_Init         stm32f10x_gpio.o
    0x080011c2   0x00000002   PAD
    0x080011c4   0x00000090   Code   RO         1147    i.GPIO_PinRemapConfig  stm32f10x_gpio.o
    0x08001254   0x00000004   Code   RO         1152    i.GPIO_ResetBits    stm32f10x_gpio.o
    0x08001258   0x00000004   Code   RO         1153    i.GPIO_SetBits      stm32f10x_gpio.o
    0x0800125c   0x00000028   Code   RO          277    i.HardFault_Handler  stm32f10x_it.o
    0x08001284   0x00000028   Code   RO          525    i.LEDTask           led.o
    0x080012ac   0x00000038   Code   RO          526    i.LED_Init          led.o
    0x080012e4   0x00000160   Code   RO            4    i.LanInit           main.o
    0x08001444   0x00000004   Code   RO          278    i.MemManage_Handler  stm32f10x_it.o
    0x08001448   0x00000002   Code   RO          279    i.NMI_Handler       stm32f10x_it.o
    0x0800144a   0x00000002   PAD
    0x0800144c   0x0000004c   Code   RO          804    i.NRF24L01_Check    24l01.o
    0x08001498   0x000000e8   Code   RO          805    i.NRF24L01_Init     24l01.o
    0x08001580   0x00000060   Code   RO          806    i.NRF24L01_RX_Mode  24l01.o
    0x080015e0   0x0000003c   Code   RO          807    i.NRF24L01_Read_Buf  24l01.o
    0x0800161c   0x0000002c   Code   RO          808    i.NRF24L01_Read_Reg  24l01.o
    0x08001648   0x0000003e   Code   RO          809    i.NRF24L01_RxPacket  24l01.o
    0x08001686   0x00000002   PAD
    0x08001688   0x0000006c   Code   RO          810    i.NRF24L01_TX_Mode  24l01.o
    0x080016f4   0x00000070   Code   RO          811    i.NRF24L01_TxPacket  24l01.o
    0x08001764   0x0000003c   Code   RO          812    i.NRF24L01_Write_Buf  24l01.o
    0x080017a0   0x00000030   Code   RO          813    i.NRF24L01_Write_Reg  24l01.o
    0x080017d0   0x0000000c   Code   RO          927    i.NVIC_Configuration  sys.o
    0x080017dc   0x00000074   Code   RO          998    i.NVIC_Init         misc.o
    0x08001850   0x00000014   Code   RO          999    i.NVIC_PriorityGroupConfig  misc.o
    0x08001864   0x00000254   Code   RO            5    i.NetDatExp         main.o
    0x08001ab8   0x00000170   Code   RO            6    i.Nrf24l01Task      main.o
    0x08001c28   0x00000002   Code   RO          280    i.PendSV_Handler    stm32f10x_it.o
    0x08001c2a   0x00000002   PAD
    0x08001c2c   0x00000188   Code   RO            7    i.PrintCfgPar       main.o
    0x08001db4   0x00000006   Code   RO          437    i.QueueDatLen       queue.o
    0x08001dba   0x00000002   PAD
    0x08001dbc   0x00000020   Code   RO         1315    i.RCC_APB1PeriphClockCmd  stm32f10x_rcc.o
    0x08001ddc   0x00000020   Code   RO         1317    i.RCC_APB2PeriphClockCmd  stm32f10x_rcc.o
    0x08001dfc   0x000000d4   Code   RO         1325    i.RCC_GetClocksFreq  stm32f10x_rcc.o
    0x08001ed0   0x00000088   Code   RO          574    i.SPI1_Init         spi.o
    0x08001f58   0x00000054   Code   RO          575    i.SPI1_ReadWriteByte  spi.o
    0x08001fac   0x00000094   Code   RO          577    i.SPI2_Init         spi.o
    0x08002040   0x00000054   Code   RO          578    i.SPI2_ReadWriteByte  spi.o
    0x08002094   0x00000028   Code   RO          579    i.SPI2_SetSpeed     spi.o
    0x080020bc   0x00000018   Code   RO         2339    i.SPI_Cmd           stm32f10x_spi.o
    0x080020d4   0x00000012   Code   RO         2347    i.SPI_I2S_GetFlagStatus  stm32f10x_spi.o
    0x080020e6   0x00000006   Code   RO         2350    i.SPI_I2S_ReceiveData  stm32f10x_spi.o
    0x080020ec   0x00000004   Code   RO         2351    i.SPI_I2S_SendData  stm32f10x_spi.o
    0x080020f0   0x0000003c   Code   RO         2352    i.SPI_Init          stm32f10x_spi.o
    0x0800212c   0x00000022   Code   RO          758    i.STMFLASH_Read     stmflash.o
    0x0800214e   0x00000006   Code   RO          759    i.STMFLASH_ReadHalfWord  stmflash.o
    0x08002154   0x000000e8   Code   RO          760    i.STMFLASH_Write    stmflash.o
    0x0800223c   0x00000026   Code   RO          761    i.STMFLASH_Write_NoCheck  stmflash.o
    0x08002262   0x00000002   Code   RO          281    i.SVC_Handler       stm32f10x_it.o
    0x08002264   0x00000008   Code   RO          392    i.SetSysClock       system_stm32f10x.o
    0x0800226c   0x000000dc   Code   RO          393    i.SetSysClockTo72   system_stm32f10x.o
    0x08002348   0x00000010   Code   RO            8    i.SysReset          main.o
    0x08002358   0x00000028   Code   RO         1002    i.SysTick_CLKSourceConfig  misc.o
    0x08002380   0x00000002   Code   RO          282    i.SysTick_Handler   stm32f10x_it.o
    0x08002382   0x00000002   PAD
    0x08002384   0x00000060   Code   RO          395    i.SystemInit        system_stm32f10x.o
    0x080023e4   0x00000080   Code   RO          549    i.TIM3_IRQHandler   timerx.o
    0x08002464   0x00000060   Code   RO          550    i.TIM3_Int_Init     timerx.o
    0x080024c4   0x00000006   Code   RO         1797    i.TIM_ClearITPendingBit  stm32f10x_tim.o
    0x080024ca   0x00000018   Code   RO         1802    i.TIM_Cmd           stm32f10x_tim.o
    0x080024e2   0x00000022   Code   RO         1823    i.TIM_GetITStatus   stm32f10x_tim.o
    0x08002504   0x00000012   Code   RO         1827    i.TIM_ITConfig      stm32f10x_tim.o
    0x08002516   0x00000002   PAD
    0x08002518   0x000000a4   Code   RO         1873    i.TIM_TimeBaseInit  stm32f10x_tim.o
    0x080025bc   0x00000088   Code   RO          939    i.USART1_IRQHandler  usart.o
    0x08002644   0x00000018   Code   RO         1517    i.USART_Cmd         stm32f10x_usart.o
    0x0800265c   0x00000054   Code   RO         1521    i.USART_GetITStatus  stm32f10x_usart.o
    0x080026b0   0x0000004a   Code   RO         1523    i.USART_ITConfig    stm32f10x_usart.o
    0x080026fa   0x00000002   PAD
    0x080026fc   0x000000d8   Code   RO         1524    i.USART_Init        stm32f10x_usart.o
    0x080027d4   0x0000000a   Code   RO         1531    i.USART_ReceiveData  stm32f10x_usart.o
    0x080027de   0x00000004   Code   RO          283    i.UsageFault_Handler  stm32f10x_it.o
    0x080027e2   0x00000002   PAD
    0x080027e4   0x00000088   Code   RO            9    i.WriteDefaultSet   main.o
    0x0800286c   0x0000010c   Code   RO           10    i.WriteParm         main.o
    0x08002978   0x0000000e   Code   RO         3606    i._is_digit         c_w.l(__printf_wp.o)
    0x08002986   0x00000006   Code   RO          940    i._sys_exit         usart.o
    0x0800298c   0x00000028   Code   RO           11    i.app_get_rand      main.o
    0x080029b4   0x00000046   Code   RO         3031    i.chksum            uip.o
    0x080029fa   0x00000002   PAD
    0x080029fc   0x0000000c   Code   RO         3328    i.clock_time        clock-arch.o
    0x08002a08   0x00000044   Code   RO          901    i.delay_init        delay.o
    0x08002a4c   0x0000004c   Code   RO          902    i.delay_ms          delay.o
    0x08002a98   0x0000001c   Code   RO          941    i.fputc             usart.o
    0x08002ab4   0x0000000c   Code   RO         3032    i.htons             uip.o
    0x08002ac0   0x0000009c   Code   RO           13    i.main              main.o
    0x08002b5c   0x000000b4   Code   RO          502    i.queue_find_cmd    framepkg.o
    0x08002c10   0x0000002c   Code   RO           19    i.showdbg8hex       main.o
    0x08002c3c   0x00000038   Code   RO         3341    i.tapdev_init       tapdev.o
    0x08002c74   0x00000014   Code   RO         3342    i.tapdev_read       tapdev.o
    0x08002c88   0x00000018   Code   RO         3343    i.tapdev_send       tapdev.o
    0x08002ca0   0x00000048   Code   RO         3371    i.tcp_client_aborted  tcp_client_demo.o
    0x08002ce8   0x00000038   Code   RO         3372    i.tcp_client_acked  tcp_client_demo.o
    0x08002d20   0x00000048   Code   RO         3373    i.tcp_client_closed  tcp_client_demo.o
    0x08002d68   0x00000050   Code   RO         3374    i.tcp_client_connected  tcp_client_demo.o
    0x08002db8   0x000000b0   Code   RO         3375    i.tcp_client_demo_appcall  tcp_client_demo.o
    0x08002e68   0x00000074   Code   RO         3376    i.tcp_client_reconnect  tcp_client_demo.o
    0x08002edc   0x00000020   Code   RO         3377    i.tcp_client_senddata  tcp_client_demo.o
    0x08002efc   0x00000034   Code   RO         3378    i.tcp_client_timedout  tcp_client_demo.o
    0x08002f30   0x0000001a   Code   RO         2992    i.timer_expired     timer.o
    0x08002f4a   0x0000000a   Code   RO         2993    i.timer_reset       timer.o
    0x08002f54   0x00000010   Code   RO         2995    i.timer_set         timer.o
    0x08002f64   0x000000a0   Code   RO          942    i.uart_init         usart.o
    0x08003004   0x00000070   Code   RO         3033    i.uip_add32         uip.o
    0x08003074   0x00000044   Code   RO         3034    i.uip_add_rcv_nxt   uip.o
    0x080030b8   0x000000e8   Code   RO         3142    i.uip_arp_arpin     uip_arp.o
    0x080031a0   0x000001a0   Code   RO         3144    i.uip_arp_out       uip_arp.o
    0x08003340   0x00000058   Code   RO         3145    i.uip_arp_timer     uip_arp.o
    0x08003398   0x00000124   Code   RO         3146    i.uip_arp_update    uip_arp.o
    0x080034bc   0x00000110   Code   RO         3036    i.uip_connect       uip.o
    0x080035cc   0x0000006c   Code   RO         3037    i.uip_init          uip.o
    0x08003638   0x00000024   Code   RO         3038    i.uip_ipchksum      uip.o
    0x0800365c   0x00000020   Code   RO         3379    i.uip_log           tcp_client_demo.o
    0x0800367c   0x000000ec   Code   RO           20    i.uip_polling       main.o
    0x08003768   0x00000fac   Code   RO         3040    i.uip_process       uip.o
    0x08004714   0x00000030   Code   RO         3041    i.uip_send          uip.o
    0x08004744   0x0000000a   Code   RO         3043    i.uip_tcpchksum     uip.o
    0x0800474e   0x00000002   PAD
    0x08004750   0x00000048   Code   RO         3045    i.upper_layer_chksum  uip.o
    0x08004798   0x0000000a   Data   RO          814    .constdata          24l01.o
    0x080047a2   0x00000004   Data   RO         3047    .constdata          uip.o
    0x080047a6   0x0000000a   Data   RO         3148    .constdata          uip_arp.o
    0x080047b0   0x00000006   Data   RO         3344    .constdata          tapdev.o
    0x080047b6   0x00000028   Data   RO         3579    .constdata          c_w.l(_printf_hex_int.o)
    0x080047de   0x00000002   PAD
    0x080047e0   0x00000020   Data   RO         3809    Region$$Table       anon$$obj.o


    Execution Region RW_IRAM1 (Base: 0x20000000, Size: 0x000024a8, Max: 0x00005000, ABSOLUTE)

    Base Addr    Size         Type   Attr      Idx    E Section Name        Object

    0x20000000   0x00000026   Data   RW           22    .data               main.o
    0x20000026   0x00000002   PAD
    0x20000028   0x00000014   Data   RW          396    .data               system_stm32f10x.o
    0x2000003c   0x00000008   Data   RW          503    .data               framepkg.o
    0x20000044   0x00000002   Data   RW          527    .data               led.o
    0x20000046   0x00000002   PAD
    0x20000048   0x00000004   Data   RW          551    .data               timerx.o
    0x2000004c   0x00000008   Data   RW          650    .data               enc28j60.o
    0x20000054   0x00000004   Data   RW          904    .data               delay.o
    0x20000058   0x00000008   Data   RW          944    .data               usart.o
    0x20000060   0x00000014   Data   RW         1345    .data               stm32f10x_rcc.o
    0x20000074   0x0000003a   Data   RW         3048    .data               uip.o
    0x200000ae   0x00000008   Data   RW         3149    .data               uip_arp.o
    0x200000b6   0x00000001   Data   RW         3380    .data               tcp_client_demo.o
    0x200000b7   0x00000001   PAD
    0x200000b8   0x00000410   Zero   RW           21    .bss                main.o
    0x200004c8   0x00000800   Zero   RW          763    .bss                stmflash.o
    0x20000cc8   0x000000c8   Zero   RW          943    .bss                usart.o
    0x20000d90   0x00001058   Zero   RW         3046    .bss                uip.o
    0x20001de8   0x00000060   Zero   RW         3147    .bss                uip_arp.o
    0x20001e48   0x00000060   Zero   RW         3690    .bss                c_w.l(libspace.o)
    0x20001ea8   0x00000200   Zero   RW          992    HEAP                startup_stm32f10x_md.o
    0x200020a8   0x00000400   Zero   RW          991    STACK               startup_stm32f10x_md.o


==============================================================================

Image component sizes


      Code (inc. data)   RO Data    RW Data    ZI Data      Debug   Object Name

       898        122         10          0          0       6914   24l01.o
        12          6          0          0          0        425   clock-arch.o
         0          0          0          0          0         32   core_cm3.o
       144         24          0          4          0       1104   delay.o
      1196         56          0          8          0      15830   enc28j60.o
       492         30          0          8          0       1996   framepkg.o
        96         16          0          2          0       2428   led.o
      2972        622          0         38       1040     255467   main.o
       176         24          0          0          0       1949   misc.o
       222          0          0          0          0       4334   queue.o
       492         34          0          0          0     206222   spi.o
        64         26        236          0       1536        748   startup_stm32f10x_md.o
       274         30          0          0          0       3226   stm32f10x_flash.o
       426          6          0          0          0       3714   stm32f10x_gpio.o
        62         22          0          0          0      60114   stm32f10x_it.o
       276         32          0         20          0       4306   stm32f10x_rcc.o
       112          0          0          0          0       3650   stm32f10x_spi.o
       246         42          0          0          0       3374   stm32f10x_tim.o
       408          6          0          0          0       4786   stm32f10x_usart.o
       310         14          0          0       2048       3281   stmflash.o
        12          0          0          0          0        429   sys.o
       324         26          0         20          0       1957   system_stm32f10x.o
       100         24          6          0          0       1966   tapdev.o
       688        230          0          1          0      13123   tcp_client_demo.o
        52          0          0          0          0       2330   timer.o
       224         30          0          4          0       1414   timerx.o
      4820        550          4         58       4184      16333   uip.o
      1028         98         10          8         96       4362   uip_arp.o
       330         28          0          8        200       3924   usart.o

    ----------------------------------------------------------------------
     16486       2098        298        184       9104     629738   Object Totals
         0          0         32          0          0          0   (incl. Generated)
        30          0          0          5          0          0   (incl. Padding)

    ----------------------------------------------------------------------

      Code (inc. data)   RO Data    RW Data    ZI Data      Debug   Library Member Name

        24          4          0          0          0         84   __2printf.o
         8          0          0          0          0         68   __main.o
       284          0          0          0          0        156   __printf_wp.o
        52          8          0          0          0          0   __scatter.o
        26          0          0          0          0          0   __scatter_copy.o
        28          0          0          0          0          0   __scatter_zi.o
        44          0          0          0          0        108   _printf_char.o
        48          6          0          0          0         96   _printf_char_common.o
        36          4          0          0          0         80   _printf_char_file.o
         6          0          0          0          0          0   _printf_d.o
       120         18          0          0          0         92   _printf_dec.o
        92          4         40          0          0         88   _printf_hex_int.o
       184          0          0          0          0         88   _printf_intcommon.o
         0          0          0          0          0          0   _printf_percent.o
         4          0          0          0          0          0   _printf_percent_end.o
         6          0          0          0          0          0   _printf_s.o
        82          0          0          0          0         80   _printf_str.o
         6          0          0          0          0          0   _printf_x.o
        16          0          0          0          0         68   aeabi_memset.o
        12          0          0          0          0         72   exit.o
         8          0          0          0          0         68   ferror.o
         6          0          0          0          0        152   heapauxi.o
         2          0          0          0          0          0   libinit.o
         2          0          0          0          0          0   libinit2.o
         2          0          0          0          0          0   libshutdown.o
         2          0          0          0          0          0   libshutdown2.o
         8          4          0          0         96         68   libspace.o
        68          0          0          0          0         68   rt_memclr.o
        78          0          0          0          0         80   rt_memclr_w.o
       138          0          0          0          0         68   rt_memcpy_v6.o
       100          0          0          0          0         80   rt_memcpy_w.o
         0          0          0          0          0          0   rtentry.o
        12          0          0          0          0          0   rtentry2.o
         6          0          0          0          0          0   rtentry4.o
         2          0          0          0          0          0   rtexit.o
        10          0          0          0          0          0   rtexit2.o
        74          0          0          0          0         80   sys_stackheap_outer.o
         2          0          0          0          0         68   use_no_semi.o
         2          0          0          0          0         68   use_no_semi_2.o

    ----------------------------------------------------------------------
      1606         48         42          0         96       1880   Library Totals
         6          0          2          0          0          0   (incl. Padding)

    ----------------------------------------------------------------------

      Code (inc. data)   RO Data    RW Data    ZI Data      Debug   Library Name

      1600         48         40          0         96       1880   c_w.l

    ----------------------------------------------------------------------
      1606         48         42          0         96       1880   Library Totals

    ----------------------------------------------------------------------

==============================================================================


      Code (inc. data)   RO Data    RW Data    ZI Data      Debug   

     18092       2146        340        184       9200     623402   Grand Totals
     18092       2146        340        184       9200     623402   ELF Image Totals
     18092       2146        340        184          0          0   ROM Totals

==============================================================================

    Total RO  Size (Code + RO Data)                18432 (  18.00kB)
    Total RW  Size (RW Data + ZI Data)              9384 (   9.16kB)
    Total ROM Size (Code + RO Data + RW Data)      18616 (  18.18kB)

==============================================================================

