ARM Linker, 5.03 [Build 24] [MDK-ARM Standard]

==============================================================================

Section Cross References

    main.o(i.AjstBLED) refers to stm32f10x_tim.o(i.TIM_SetCompare3) for TIM_SetCompare3
    main.o(i.AjstGLED) refers to stm32f10x_tim.o(i.TIM_SetCompare1) for TIM_SetCompare1
    main.o(i.AjstRLED) refers to stm32f10x_tim.o(i.TIM_SetCompare2) for TIM_SetCompare2
    main.o(i.ExplainParm) refers to stmflash.o(i.STMFLASH_Read) for STMFLASH_Read
    main.o(i.ExplainParm) refers to main.o(.bss) for Config
    main.o(i.FindSnCmd) refers to main.o(.bss) for FrameBuf
    main.o(i.JianBianLightIDE_MOD) refers to main.o(.bss) for RGB_ctr
    main.o(i.LCDDisplayTask) refers to lcd.o(i.LCD_12864_ClearRec) for LCD_12864_ClearRec
    main.o(i.LCDDisplayTask) refers to main.o(i.LCDShowIDEInfo) for LCDShowIDEInfo
    main.o(i.LCDDisplayTask) refers to main.o(i.LCDShowInvalidICInfo) for LCDShowInvalidICInfo
    main.o(i.LCDDisplayTask) refers to main.o(i.LCDShowNoLnkInfo) for LCDShowNoLnkInfo
    main.o(i.LCDDisplayTask) refers to main.o(i.LCDShowCoinSum) for LCDShowCoinSum
    main.o(i.LCDDisplayTask) refers to main.o(i.LCDShowICInfo) for LCDShowICInfo
    main.o(i.LCDDisplayTask) refers to main.o(i.LCDShowNoMonyInfo) for LCDShowNoMonyInfo
    main.o(i.LCDDisplayTask) refers to main.o(i.LCDShowReaderErr) for LCDShowReaderErr
    main.o(i.LCDDisplayTask) refers to main.o(i.LCDShowReaderFailed) for LCDShowReaderFailed
    main.o(i.LCDDisplayTask) refers to main.o(i.LCDShowICLoss) for LCDShowICLoss
    main.o(i.LCDDisplayTask) refers to main.o(i.LCDShowICOverTim) for LCDShowICOverTim
    main.o(i.LCDDisplayTask) refers to main.o(i.LCDShowCntTickit) for LCDShowCntTickit
    main.o(i.LCDDisplayTask) refers to main.o(i.LCDShowOpTooOFent) for LCDShowOpTooOFent
    main.o(i.LCDDisplayTask) refers to lcd.o(i.LCD_ShowxNum) for LCD_ShowxNum
    main.o(i.LCDDisplayTask) refers to main.o(i.ShowSysID) for ShowSysID
    main.o(i.LCDDisplayTask) refers to main.o(i.ShowSysICFlg) for ShowSysICFlg
    main.o(i.LCDDisplayTask) refers to main.o(i.ShowSysTxRx) for ShowSysTxRx
    main.o(i.LCDDisplayTask) refers to lcd.o(i.LCDRefresh_Gram) for LCDRefresh_Gram
    main.o(i.LCDDisplayTask) refers to main.o(.data) for tyn
    main.o(i.LCDDisplayTask) refers to main.o(.bss) for SysVar
    main.o(i.LCDShowCntTickit) refers to lcd.o(i.LCDShowHZList) for LCDShowHZList
    main.o(i.LCDShowCoinSum) refers to lcd.o(i.LCDShowHZList) for LCDShowHZList
    main.o(i.LCDShowCoinSum) refers to lcd.o(i.LCD_ShowStringAndBk) for LCD_ShowStringAndBk
    main.o(i.LCDShowCoinSum) refers to lcd.o(i.LCD_ShowxNum) for LCD_ShowxNum
    main.o(i.LCDShowCoinSum) refers to main.o(.bss) for SysVar
    main.o(i.LCDShowICInfo) refers to lcd.o(i.LCDShowHZList) for LCDShowHZList
    main.o(i.LCDShowICInfo) refers to lcd.o(i.LCD_ShowxNum) for LCD_ShowxNum
    main.o(i.LCDShowICInfo) refers to lcd.o(i.LCD_ShowStringAndBk) for LCD_ShowStringAndBk
    main.o(i.LCDShowICInfo) refers to main.o(.bss) for SysVar
    main.o(i.LCDShowICLoss) refers to lcd.o(i.LCDShowHZList) for LCDShowHZList
    main.o(i.LCDShowICOverTim) refers to lcd.o(i.LCDShowHZList) for LCDShowHZList
    main.o(i.LCDShowIDEInfo) refers to lcd.o(i.LCDShowHZList) for LCDShowHZList
    main.o(i.LCDShowIDEInfo) refers to lcd.o(i.LCD_DrawLine) for LCD_DrawLine
    main.o(i.LCDShowIDEInfo) refers to lcd.o(i.LCD_ShowxNum) for LCD_ShowxNum
    main.o(i.LCDShowIDEInfo) refers to lcd.o(i.LCD_ShowStringAndBk) for LCD_ShowStringAndBk
    main.o(i.LCDShowIDEInfo) refers to main.o(i.LCDShowCoinSum) for LCDShowCoinSum
    main.o(i.LCDShowIDEInfo) refers to main.o(.bss) for Config
    main.o(i.LCDShowInvalidICInfo) refers to lcd.o(i.LCDShowHZList) for LCDShowHZList
    main.o(i.LCDShowInvalidICInfo) refers to lcd.o(i.LCD_ShowStringAndBk) for LCD_ShowStringAndBk
    main.o(i.LCDShowInvalidICInfo) refers to lcd.o(i.LCD_ShowxNum) for LCD_ShowxNum
    main.o(i.LCDShowInvalidICInfo) refers to main.o(.bss) for SysVar
    main.o(i.LCDShowNo2_4gInfo) refers to lcd.o(i.LCD_12864_ClearRec) for LCD_12864_ClearRec
    main.o(i.LCDShowNo2_4gInfo) refers to lcd.o(i.LCDShowHZList) for LCDShowHZList
    main.o(i.LCDShowNo2_4gInfo) refers to lcd.o(i.LCDRefresh_Gram) for LCDRefresh_Gram
    main.o(i.LCDShowNoLnkInfo) refers to lcd.o(i.LCDShowHZList) for LCDShowHZList
    main.o(i.LCDShowNoMonyInfo) refers to lcd.o(i.LCDShowHZList) for LCDShowHZList
    main.o(i.LCDShowNoMonyInfo) refers to lcd.o(i.LCD_ShowxNum) for LCD_ShowxNum
    main.o(i.LCDShowNoMonyInfo) refers to lcd.o(i.LCD_ShowStringAndBk) for LCD_ShowStringAndBk
    main.o(i.LCDShowNoMonyInfo) refers to main.o(.bss) for SysVar
    main.o(i.LCDShowOpTooOFent) refers to lcd.o(i.LCDShowHZList) for LCDShowHZList
    main.o(i.LCDShowReaderErr) refers to lcd.o(i.LCDShowHZList) for LCDShowHZList
    main.o(i.LCDShowReaderFailed) refers to lcd.o(i.LCDShowHZList) for LCDShowHZList
    main.o(i.LEDTask) refers to main.o(.bss) for Dly_Var
[...]
    i.MemManage_Handler                      0x0800236e   Section        0  stm32f10x_it.o(i.MemManage_Handler)
    i.MoveCmdBf                              0x08002374   Section        0  main.o(i.MoveCmdBf)
    i.NMI_Handler                            0x080023d0   Section        0  stm32f10x_it.o(i.NMI_Handler)
    i.NRF24L01_Check                         0x080023d4   Section        0  24l01.o(i.NRF24L01_Check)
    i.NRF24L01_Init                          0x08002420   Section        0  24l01.o(i.NRF24L01_Init)
    i.NRF24L01_RX_Mode                       0x08002454   Section        0  24l01.o(i.NRF24L01_RX_Mode)
    i.NRF24L01_Read_Buf                      0x080024ac   Section        0  24l01.o(i.NRF24L01_Read_Buf)
    i.NRF24L01_Read_Reg                      0x080024e8   Section        0  24l01.o(i.NRF24L01_Read_Reg)
    i.NRF24L01_RxPacket                      0x08002514   Section        0  24l01.o(i.NRF24L01_RxPacket)
    i.NRF24L01_TX_Mode                       0x08002554   Section        0  24l01.o(i.NRF24L01_TX_Mode)
    i.NRF24L01_TxPacket                      0x080025b4   Section        0  24l01.o(i.NRF24L01_TxPacket)
    i.NRF24L01_Write_Buf                     0x0800261c   Section        0  24l01.o(i.NRF24L01_Write_Buf)
    i.NRF24L01_Write_Reg                     0x08002658   Section        0  24l01.o(i.NRF24L01_Write_Reg)
    i.NVIC_Configuration                     0x08002688   Section        0  sys.o(i.NVIC_Configuration)
    i.NVIC_Init                              0x08002694   Section        0  misc.o(i.NVIC_Init)
    i.NVIC_PriorityGroupConfig               0x08002708   Section        0  misc.o(i.NVIC_PriorityGroupConfig)
    i.NetDatExp                              0x0800271c   Section        0  main.o(i.NetDatExp)
    i.Nrf24l01Task                           0x08002c9c   Section        0  main.o(i.Nrf24l01Task)
    i.PVD_IRQHandler                         0x08002e2c   Section        0  main.o(i.PVD_IRQHandler)
    i.PVD_Init                               0x08002e38   Section        0  main.o(i.PVD_Init)
    i.PVD_NVIC                               0x08002e78   Section        0  main.o(i.PVD_NVIC)
    i.PWR_PVDCmd                             0x08002ea0   Section        0  stm32f10x_pwr.o(i.PWR_PVDCmd)
    i.PWR_PVDLevelConfig                     0x08002eac   Section        0  stm32f10x_pwr.o(i.PWR_PVDLevelConfig)
    i.PcdAntennaOff                          0x08002ec4   Section        0  rc522.o(i.PcdAntennaOff)
    i.PcdAntennaOn                           0x08002ed0   Section        0  rc522.o(i.PcdAntennaOn)
    i.PcdAnticoll                            0x08002eea   Section        0  rc522.o(i.PcdAnticoll)
    i.PcdAuthState                           0x08002f5a   Section        0  rc522.o(i.PcdAuthState)
    i.PcdComMF522                            0x08002fb0   Section        0  rc522.o(i.PcdComMF522)
    i.PcdHalt                                0x080030ea   Section        0  rc522.o(i.PcdHalt)
    i.PcdRead                                0x0800311e   Section        0  rc522.o(i.PcdRead)
    i.PcdRequest                             0x08003174   Section        0  rc522.o(i.PcdRequest)
    i.PcdReset                               0x080031cc   Section        0  rc522.o(i.PcdReset)
    i.PcdSelect                              0x0800324c   Section        0  rc522.o(i.PcdSelect)
    i.PendSV_Handler                         0x080032c0   Section        0  stm32f10x_it.o(i.PendSV_Handler)
    i.PlusCnt                                0x080032c4   Section        0  timerx.o(i.PlusCnt)
    i.PrintCfgPar                            0x0800337c   Section        0  main.o(i.PrintCfgPar)
    i.QueueDatLen                            0x08003618   Section        0  queue.o(i.QueueDatLen)
    i.RC522Task                              0x08003620   Section        0  main.o(i.RC522Task)
    i.RCC_APB1PeriphClockCmd                 0x08003924   Section        0  stm32f10x_rcc.o(i.RCC_APB1PeriphClockCmd)
    i.RCC_APB1PeriphResetCmd                 0x08003944   Section        0  stm32f10x_rcc.o(i.RCC_APB1PeriphResetCmd)
    i.RCC_APB2PeriphClockCmd                 0x08003964   Section        0  stm32f10x_rcc.o(i.RCC_APB2PeriphClockCmd)
    i.RCC_APB2PeriphResetCmd                 0x08003984   Section        0  stm32f10x_rcc.o(i.RCC_APB2PeriphResetCmd)
    i.RCC_DeInit                             0x080039a4   Section        0  stm32f10x_rcc.o(i.RCC_DeInit)
    i.RCC_GetClocksFreq                      0x080039f0   Section        0  stm32f10x_rcc.o(i.RCC_GetClocksFreq)
    i.RCC_GetFlagStatus                      0x08003ac4   Section        0  stm32f10x_rcc.o(i.RCC_GetFlagStatus)
    i.RCC_GetSYSCLKSource                    0x08003b00   Section        0  stm32f10x_rcc.o(i.RCC_GetSYSCLKSource)
    i.RCC_HCLKConfig                         0x08003b10   Section        0  stm32f10x_rcc.o(i.RCC_HCLKConfig)
    i.RCC_HSICmd                             0x08003b28   Section        0  stm32f10x_rcc.o(i.RCC_HSICmd)
    i.RCC_PCLK1Config                        0x08003b34   Section        0  stm32f10x_rcc.o(i.RCC_PCLK1Config)
    i.RCC_PCLK2Config                        0x08003b4c   Section        0  stm32f10x_rcc.o(i.RCC_PCLK2Config)
    i.RCC_PLLCmd                             0x08003b64   Section        0  stm32f10x_rcc.o(i.RCC_PLLCmd)
    i.RCC_PLLConfig                          0x08003b70   Section        0  stm32f10x_rcc.o(i.RCC_PLLConfig)
    i.RCC_SYSCLKConfig                       0x08003b8c   Section        0  stm32f10x_rcc.o(i.RCC_SYSCLKConfig)
    i.RGBCtrTask                             0x08003ba4   Section        0  main.o(i.RGBCtrTask)
    i.ReadRawRC                              0x08003c18   Section        0  rc522.o(i.ReadRawRC)
    i.ReaderErrPromt                         0x08003c54   Section        0  main.o(i.ReaderErrPromt)
    i.SPI1_Init                              0x08003ca0   Section        0  spi.o(i.SPI1_Init)
    i.SPI1_ReadWriteByte                     0x08003cfc   Section        0  spi.o(i.SPI1_ReadWriteByte)
    i.SPI2_Init                              0x08003d50   Section        0  spi.o(i.SPI2_Init)
    i.SPI2_ReadWriteByte                     0x08003db8   Section        0  spi.o(i.SPI2_ReadWriteByte)
    i.SPI2_SetSpeed                          0x08003e0c   Section        0  spi.o(i.SPI2_SetSpeed)
    i.SPI_Cmd                                0x08003e34   Section        0  stm32f10x_spi.o(i.SPI_Cmd)
    i.SPI_I2S_GetFlagStatus                  0x08003e4c   Section        0  stm32f10x_spi.o(i.SPI_I2S_GetFlagStatus)
    i.SPI_I2S_ReceiveData                    0x08003e5e   Section        0  stm32f10x_spi.o(i.SPI_I2S_ReceiveData)
    i.SPI_I2S_SendData                       0x08003e64   Section        0  stm32f10x_spi.o(i.SPI_I2S_SendData)
    i.SPI_Init                               0x08003e68   Section        0  stm32f10x_spi.o(i.SPI_Init)
    i.STMFLASH_Read                          0x08003ea4   Section        0  stmflash.o(i.STMFLASH_Read)
    i.STMFLASH_ReadHalfWord                  0x08003ec6   Section        0  stmflash.o(i.STMFLASH_ReadHalfWord)
    i.STMFLASH_Write                         0x08003ecc   Section        0  stmflash.o(i.STMFLASH_Write)
    i.STMFLASH_Write_NoCheck                 0x08003fbc   Section        0  stmflash.o(i.STMFLASH_Write_NoCheck)
    i.SVC_Handler                            0x08003fe6   Section        0  stm32f10x_it.o(i.SVC_Handler)
    i.SerRxOkInvalidIC                       0x08003fe8   Section        0  main.o(i.SerRxOkInvalidIC)
    i.SerRxOkNoMony                          0x08003ffc   Section        0  main.o(i.SerRxOkNoMony)
    i.SerRxOkXfOk                            0x08004010   Section        0  main.o(i.SerRxOkXfOk)
    i.SetBitMask                             0x08004054   Section        0  rc522.o(i.SetBitMask)
    i.SetKeyWord                             0x08004070   Section        0  main.o(i.SetKeyWord)
    i.SetSysClock                            0x080040bc   Section        0  system_stm32f10x.o(i.SetSysClock)
    SetSysClock                              0x080040bd   Thumb Code     2  system_stm32f10x.o(i.SetSysClock)
    i.ShowSysICFlg                           0x080040c0   Section        0  main.o(i.ShowSysICFlg)
    i.ShowSysID                              0x080040fc   Section        0  main.o(i.ShowSysID)
    i.ShowSysTxRx                            0x0800414c   Section        0  main.o(i.ShowSysTxRx)
    i.SysClkSet                              0x08004204   Section        0  main.o(i.SysClkSet)
    i.SysReset                               0x0800426c   Section        0  main.o(i.SysReset)
    i.SysTick_CLKSourceConfig                0x0800427c   Section        0  misc.o(i.SysTick_CLKSourceConfig)
    i.SysTick_Handler                        0x080042a4   Section        0  stm32f10x_it.o(i.SysTick_Handler)
    i.SystemInit                             0x080042a8   Section        0  system_stm32f10x.o(i.SystemInit)
    i.TESTOutCoinOK                          0x08004308   Section        0  framepkg.o(i.TESTOutCoinOK)
    i.TIM3_IRQHandler                        0x0800436c   Section        0  timerx.o(i.TIM3_IRQHandler)
    i.TIM3_Int_Init                          0x0800450c   Section        0  timerx.o(i.TIM3_Int_Init)
    i.TIM4_PWM_Init                          0x0800456c   Section        0  led.o(i.TIM4_PWM_Init)
    TIM4_PWM_Init                            0x0800456d   Thumb Code   158  led.o(i.TIM4_PWM_Init)
    i.TIM_ARRPreloadConfig                   0x08004610   Section        0  stm32f10x_tim.o(i.TIM_ARRPreloadConfig)
    i.TIM_ClearITPendingBit                  0x08004628   Section        0  stm32f10x_tim.o(i.TIM_ClearITPendingBit)
    i.TIM_Cmd                                0x0800462e   Section        0  stm32f10x_tim.o(i.TIM_Cmd)
    i.TIM_DeInit                             0x08004648   Section        0  stm32f10x_tim.o(i.TIM_DeInit)
    i.TIM_GetITStatus                        0x08004830   Section        0  stm32f10x_tim.o(i.TIM_GetITStatus)
    i.TIM_ITConfig                           0x08004852   Section        0  stm32f10x_tim.o(i.TIM_ITConfig)
    i.TIM_OC1Init                            0x08004864   Section        0  stm32f10x_tim.o(i.TIM_OC1Init)
    i.TIM_OC1PreloadConfig                   0x080048fc   Section        0  stm32f10x_tim.o(i.TIM_OC1PreloadConfig)
    i.TIM_OC2Init                            0x08004910   Section        0  stm32f10x_tim.o(i.TIM_OC2Init)
    i.TIM_OC2PreloadConfig                   0x080049b4   Section        0  stm32f10x_tim.o(i.TIM_OC2PreloadConfig)
    i.TIM_OC3Init                            0x080049d0   Section        0  stm32f10x_tim.o(i.TIM_OC3Init)
    i.TIM_OC3PreloadConfig                   0x08004a70   Section        0  stm32f10x_tim.o(i.TIM_OC3PreloadConfig)
    i.TIM_SetCompare1                        0x08004a82   Section        0  stm32f10x_tim.o(i.TIM_SetCompare1)
    i.TIM_SetCompare2                        0x08004a86   Section        0  stm32f10x_tim.o(i.TIM_SetCompare2)
    i.TIM_SetCompare3                        0x08004a8a   Section        0  stm32f10x_tim.o(i.TIM_SetCompare3)
    i.TIM_TimeBaseInit                       0x08004a90   Section        0  stm32f10x_tim.o(i.TIM_TimeBaseInit)
    i.USART1_IRQHandler                      0x08004b34   Section        0  usart.o(i.USART1_IRQHandler)
    i.USART_Cmd                              0x08004bbc   Section        0  stm32f10x_usart.o(i.USART_Cmd)
    i.USART_DeInit                           0x08004bd4   Section        0  stm32f10x_usart.o(i.USART_DeInit)
    i.USART_GetITStatus                      0x08004c70   Section        0  stm32f10x_usart.o(i.USART_GetITStatus)
    i.USART_ITConfig                         0x08004cc4   Section        0  stm32f10x_usart.o(i.USART_ITConfig)
    i.USART_Init                             0x08004d10   Section        0  stm32f10x_usart.o(i.USART_Init)
    i.USART_ReceiveData                      0x08004de8   Section        0  stm32f10x_usart.o(i.USART_ReceiveData)
    i.UsageFault_Handler                     0x08004df2   Section        0  stm32f10x_it.o(i.UsageFault_Handler)
    i.WriteDefaultSet                        0x08004df8   Section        0  main.o(i.WriteDefaultSet)
    i.WriteParm                              0x08004e4c   Section        0  main.o(i.WriteParm)
    i.WriteRawRC                             0x08004ee8   Section        0  rc522.o(i.WriteRawRC)
    i.Write_ST7565R_COM                      0x08004f1c   Section        0  st7565r.o(i.Write_ST7565R_COM)
    i.Write_ST7565R_DISPLAY_DATA_serial_4SPI 0x08004f7c   Section        0  st7565r.o(i.Write_ST7565R_DISPLAY_DATA_serial_4SPI)
    i._is_digit                              0x08004fe0   Section        0  __printf_wp.o(i._is_digit)
    i._sys_exit                              0x08004fee   Section        0  usart.o(i._sys_exit)
    i.delay_init                             0x08004ff4   Section        0  delay.o(i.delay_init)
    i.delay_ms                               0x08005038   Section        0  delay.o(i.delay_ms)
    i.delay_ns                               0x08005084   Section        0  rc522.o(i.delay_ns)
    i.fputc                                  0x08005098   Section        0  usart.o(i.fputc)
    i.main                                   0x080050b4   Section        0  main.o(i.main)
    i.queue_find_cmd                         0x080051cc   Section        0  framepkg.o(i.queue_find_cmd)
    i.showdbg8hex                            0x08005280   Section        0  main.o(i.showdbg8hex)
    i.uart_init                              0x080052b0   Section        0  usart.o(i.uart_init)
    .constdata                               0x08005320   Section       10  24l01.o(.constdata)
    .constdata                               0x0800532a   Section    26480  lcd.o(.constdata)
    .constdata                               0x0800ba9a   Section       40  _printf_hex_int.o(.constdata)
    uc_hextab                                0x0800ba9a   Data          20  _printf_hex_int.o(.constdata)
    lc_hextab                                0x0800baae   Data          20  _printf_hex_int.o(.constdata)
    .constdata                               0x0800bac2   Section       17  __printf_flags_wp.o(.constdata)
    maptable                                 0x0800bac2   Data          17  __printf_flags_wp.o(.constdata)
    .data                                    0x20000000   Section       36  main.o(.data)
    st                                       0x2000000c   Data           1  main.o(.data)
    fflg                                     0x2000000d   Data           1  main.o(.data)
    tyo                                      0x2000000e   Data           1  main.o(.data)
    tyn                                      0x2000000f   Data           1  main.o(.data)
    .data                                    0x20000024   Section       20  system_stm32f10x.o(.data)
    .data                                    0x20000038   Section        8  framepkg.o(.data)
    cmd_state                                0x20000038   Data           4  framepkg.o(.data)
    cmd_pos                                  0x2000003c   Data           4  framepkg.o(.data)
    .data                                    0x20000040   Section        1  beep.o(.data)
    st                                       0x20000040   Data           1  beep.o(.data)
    .data                                    0x20000042   Section        4  delay.o(.data)
    fac_us                                   0x20000042   Data           1  delay.o(.data)
    fac_ms                                   0x20000044   Data           2  delay.o(.data)
    .data                                    0x20000048   Section        8  usart.o(.data)
    .data                                    0x20000050   Section       20  stm32f10x_rcc.o(.data)
    APBAHBPrescTable                         0x20000050   Data          16  stm32f10x_rcc.o(.data)
    ADCPrescTable                            0x20000060   Data           4  stm32f10x_rcc.o(.data)
    .bss                                     0x20000064   Section     2170  main.o(.bss)
    .bss                                     0x200008de   Section     1024  stmflash.o(.bss)
    .bss                                     0x20000cde   Section     9800  lcd.o(.bss)
    .bss                                     0x20003326   Section      200  usart.o(.bss)
    .bss                                     0x200033f0   Section       96  libspace.o(.bss)
    HEAP                                     0x20003450   Section      512  startup_stm32f10x_md.o(HEAP)
    Heap_Mem                                 0x20003450   Data         512  startup_stm32f10x_md.o(HEAP)
    STACK                                    0x20003650   Section     1024  startup_stm32f10x_md.o(STACK)
    Stack_Mem                                0x20003650   Data        1024  startup_stm32f10x_md.o(STACK)
    __initial_sp                             0x20003a50   Data           0  startup_stm32f10x_md.o(STACK)

    Global Symbols

    Symbol Name                              Value     Ov Type        Size  Object(Section)

    BuildAttributes$$THM_ISAv4$P$D$K$B$S$PE$A:L22UL41UL21$X:L11$S22US41US21$IEEE1$IW$USESV6$~STKCKD$USESV7$~SHL$OSPACE$ROPI$EBA8$UX$STANDARDLIB$REQ8$PRES8$EABIv2 0x00000000   Number         0  anon$$obj.o ABSOLUTE
    __ARM_use_no_argv                        0x00000000   Number         0  main.o ABSOLUTE
    _printf_flags                            0x00000000   Number         0  printf_stubs.o ABSOLUTE
    _printf_return_value                     0x00000000   Number         0  printf_stubs.o ABSOLUTE
    _printf_sizespec                         0x00000000   Number         0  printf_stubs.o ABSOLUTE
    _printf_widthprec                        0x00000000   Number         0  printf_stubs.o ABSOLUTE
    __ARM_exceptions_init                     - Undefined Weak Reference
    __alloca_initialize                       - Undefined Weak Reference
    __cpp_initialize__aeabi_                  - Undefined Weak Reference
    __cxa_finalize                            - Undefined Weak Reference
    __rt_locale                               - Undefined Weak Reference
    __sigvec_lookup                           - Undefined Weak Reference
    _atexit_init                              - Undefined Weak Reference
    _call_atexit_fns                          - Undefined Weak Reference
    _clock_init                               - Undefined Weak Reference
    _fp_trap_init                             - Undefined Weak Reference
    _fp_trap_shutdown                         - Undefined Weak Reference
    _get_lc_collate                           - Undefined Weak Reference
    _get_lc_ctype                             - Undefined Weak Reference
    _get_lc_monetary                          - Undefined Weak Reference
    _get_lc_numeric                           - Undefined Weak Reference
    _get_lc_time                              - Undefined Weak Reference
    _getenv_init                              - Undefined Weak Reference
    _handle_redirection                       - Undefined Weak Reference
    _init_alloc                               - Undefined Weak Reference
    _init_user_alloc                          - Undefined Weak Reference
    _initio                                   - Undefined Weak Reference
    _mutex_acquire                            - Undefined Weak Reference
    _mutex_release                            - Undefined Weak Reference
    _printf_truncate_signed                   - Undefined Weak Reference
    _printf_truncate_unsigned                 - Undefined Weak Reference
    _rand_init                                - Undefined Weak Reference
    _signal_finish                            - Undefined Weak Reference
    _signal_init                              - Undefined Weak Reference
    _terminate_alloc                          - Undefined Weak Reference
    _terminate_user_alloc                     - Undefined Weak Reference
    _terminateio                              - Undefined Weak Reference
    __Vectors_Size                           0x000000ec   Number         0  startup_stm32f10x_md.o ABSOLUTE
    __Vectors                                0x08000000   Data           4  startup_stm32f10x_md.o(RESET)
    __Vectors_End                            0x080000ec   Data           0  startup_stm32f10x_md.o(RESET)
    __main                                   0x080000ed   Thumb Code     8  __main.o(!!!main)
    __scatterload                            0x080000f5   Thumb Code     0  __scatter.o(!!!scatter)
    __scatterload_rt2                        0x080000f5   Thumb Code    44  __scatter.o(!!!scatter)
    __scatterload_rt2_thumb_only             0x080000f5   Thumb Code     0  __scatter.o(!!!scatter)
    __scatterload_null                       0x08000103   Thumb Code     0  __scatter.o(!!!scatter)
    __scatterload_copy                       0x08000129   Thumb Code    26  __scatter_copy.o(!!handler_copy)
    __scatterload_zeroinit                   0x08000145   Thumb Code    28  __scatter_zi.o(!!handler_zi)
    _printf_d                                0x08000161   Thumb Code     0  _printf_d.o(.ARM.Collect$$_printf_percent$$00000009)
    _printf_percent                          0x08000161   Thumb Code     0  _printf_percent.o(.ARM.Collect$$_printf_percent$$00000000)
    _printf_x                                0x08000167   Thumb Code     0  _printf_x.o(.ARM.Collect$$_printf_percent$$0000000C)
    _printf_percent_end                      0x0800016d   Thumb Code     0  _printf_percent_end.o(.ARM.Collect$$_printf_percent$$00000017)
    __rt_lib_init                            0x08000171   Thumb Code     0  libinit.o(.ARM.Collect$$libinit$$00000000)
    __rt_lib_init_alloca_1                   0x08000173   Thumb Code     0  libinit2.o(.ARM.Collect$$libinit$$0000002C)
    __rt_lib_init_argv_1                     0x08000173   Thumb Code     0  libinit2.o(.ARM.Collect$$libinit$$0000002A)
    __rt_lib_init_atexit_1                   0x08000173   Thumb Code     0  libinit2.o(.ARM.Collect$$libinit$$00000019)
    __rt_lib_init_clock_1                    0x08000173   Thumb Code     0  libinit2.o(.ARM.Collect$$libinit$$0000001F)
    __rt_lib_init_cpp_1                      0x08000173   Thumb Code     0  libinit2.o(.ARM.Collect$$libinit$$00000030)
    __rt_lib_init_exceptions_1               0x08000173   Thumb Code     0  libinit2.o(.ARM.Collect$$libinit$$0000002E)
    __rt_lib_init_fp_1                       0x08000173   Thumb Code     0  libinit2.o(.ARM.Collect$$libinit$$00000002)
    __rt_lib_init_fp_trap_1                  0x08000173   Thumb Code     0  libinit2.o(.ARM.Collect$$libinit$$0000001D)
    __rt_lib_init_getenv_1                   0x08000173   Thumb Code     0  libinit2.o(.ARM.Collect$$libinit$$00000021)
    __rt_lib_init_heap_1                     0x08000173   Thumb Code     0  libinit2.o(.ARM.Collect$$libinit$$00000008)
    __rt_lib_init_lc_collate_1               0x08000173   Thumb Code     0  libinit2.o(.ARM.Collect$$libinit$$0000000F)
    __rt_lib_init_lc_ctype_1                 0x08000173   Thumb Code     0  libinit2.o(.ARM.Collect$$libinit$$00000011)
    __rt_lib_init_lc_monetary_1              0x08000173   Thumb Code     0  libinit2.o(.ARM.Collect$$libinit$$00000013)
    __rt_lib_init_lc_numeric_1               0x08000173   Thumb Code     0  libinit2.o(.ARM.Collect$$libinit$$00000015)
    __rt_lib_init_lc_time_1                  0x08000173   Thumb Code     0  libinit2.o(.ARM.Collect$$libinit$$00000017)
    __rt_lib_init_rand_1                     0x08000173   Thumb Code     0  libinit2.o(.ARM.Collect$$libinit$$0000000C)
    __rt_lib_init_return                     0x08000173   Thumb Code     0  libinit2.o(.ARM.Collect$$libinit$$00000031)
    __rt_lib_init_signal_1                   0x08000173   Thumb Code     0  libinit2.o(.ARM.Collect$$libinit$$0000001B)
    __rt_lib_init_stdio_1                    0x08000173   Thumb Code     0  libinit2.o(.ARM.Collect$$libinit$$00000023)
    __rt_lib_init_user_alloc_1               0x08000173   Thumb Code     0  libinit2.o(.ARM.Collect$$libinit$$0000000A)
    __rt_lib_shutdown                        0x08000175   Thumb Code     0  libshutdown.o(.ARM.Collect$$libshutdown$$00000000)
    __rt_lib_shutdown_fp_trap_1              0x08000177   Thumb Code     0  libshutdown2.o(.ARM.Collect$$libshutdown$$00000006)
    __rt_lib_shutdown_heap_1                 0x08000177   Thumb Code     0  libshutdown2.o(.ARM.Collect$$libshutdown$$0000000E)
    __rt_lib_shutdown_return                 0x08000177   Thumb Code     0  libshutdown2.o(.ARM.Collect$$libshutdown$$0000000F)
    __rt_lib_shutdown_signal_1               0x08000177   Thumb Code     0  libshutdown2.o(.ARM.Collect$$libshutdown$$00000009)
    __rt_lib_shutdown_stdio_1                0x08000177   Thumb Code     0  libshutdown2.o(.ARM.Collect$$libshutdown$$00000003)
    __rt_lib_shutdown_user_alloc_1           0x08000177   Thumb Code     0  libshutdown2.o(.ARM.Collect$$libshutdown$$0000000B)
    __rt_entry                               0x08000179   Thumb Code     0  rtentry.o(.ARM.Collect$$rtentry$$00000000)
    __rt_entry_presh_1                       0x08000179   Thumb Code     0  rtentry2.o(.ARM.Collect$$rtentry$$00000002)
    __rt_entry_sh                            0x08000179   Thumb Code     0  rtentry4.o(.ARM.Collect$$rtentry$$00000004)
    __rt_entry_li                            0x0800017f   Thumb Code     0  rtentry2.o(.ARM.Collect$$rtentry$$0000000A)
    __rt_entry_postsh_1                      0x0800017f   Thumb Code     0  rtentry2.o(.ARM.Collect$$rtentry$$00000009)
    __rt_entry_main                          0x08000183   Thumb Code     0  rtentry2.o(.ARM.Collect$$rtentry$$0000000D)
    __rt_entry_postli_1                      0x08000183   Thumb Code     0  rtentry2.o(.ARM.Collect$$rtentry$$0000000C)
    __rt_exit                                0x0800018b   Thumb Code     0  rtexit.o(.ARM.Collect$$rtexit$$00000000)
    __rt_exit_ls                             0x0800018d   Thumb Code     0  rtexit2.o(.ARM.Collect$$rtexit$$00000003)
    __rt_exit_prels_1                        0x0800018d   Thumb Code     0  rtexit2.o(.ARM.Collect$$rtexit$$00000002)
    __rt_exit_exit                           0x08000191   Thumb Code     0  rtexit2.o(.ARM.Collect$$rtexit$$00000004)
    Reset_Handler                            0x08000199   Thumb Code     8  startup_stm32f10x_md.o(.text)
    ADC1_2_IRQHandler                        0x080001b3   Thumb Code     0  startup_stm32f10x_md.o(.text)
    CAN1_RX1_IRQHandler                      0x080001b3   Thumb Code     0  startup_stm32f10x_md.o(.text)
    CAN1_SCE_IRQHandler                      0x080001b3   Thumb Code     0  startup_stm32f10x_md.o(.text)
    DMA1_Channel1_IRQHandler                 0x080001b3   Thumb Code     0  startup_stm32f10x_md.o(.text)
    DMA1_Channel2_IRQHandler                 0x080001b3   Thumb Code     0  startup_stm32f10x_md.o(.text)
    DMA1_Channel3_IRQHandler                 0x080001b3   Thumb Code     0  startup_stm32f10x_md.o(.text)
    DMA1_Channel4_IRQHandler                 0x080001b3   Thumb Code     0  startup_stm32f10x_md.o(.text)
    DMA1_Channel5_IRQHandler                 0x080001b3   Thumb Code     0  startup_stm32f10x_md.o(.text)
    DMA1_Channel6_IRQHandler                 0x080001b3   Thumb Code     0  startup_stm32f10x_md.o(.text)
    DMA1_Channel7_IRQHandler                 0x080001b3   Thumb Code     0  startup_stm32f10x_md.o(.text)
    EXTI0_IRQHandler                         0x080001b3   Thumb Code     0  startup_stm32f10x_md.o(.text)
    EXTI1_IRQHandler                         0x080001b3   Thumb Code     0  startup_stm32f10x_md.o(.text)
    EXTI2_IRQHandler                         0x080001b3   Thumb Code     0  startup_stm32f10x_md.o(.text)
    EXTI3_IRQHandler                         0x080001b3   Thumb Code     0  startup_stm32f10x_md.o(.text)
    EXTI4_IRQHandler                         0x080001b3   Thumb Code     0  startup_stm32f10x_md.o(.text)
    EXTI9_5_IRQHandler                       0x080001b3   Thumb Code     0  startup_stm32f10x_md.o(.text)
    FLASH_IRQHandler                         0x080001b3   Thumb Code     0  startup_stm32f10x_md.o(.text)
    I2C1_ER_IRQHandler                       0x080001b3   Thumb Code     0  startup_stm32f10x_md.o(.text)
    I2C1_EV_IRQHandler                       0x080001b3   Thumb Code     0  startup_stm32f10x_md.o(.text)
    I2C2_ER_IRQHandler                       0x080001b3   Thumb Code     0  startup_stm32f10x_md.o(.text)
    I2C2_EV_IRQHandler                       0x080001b3   Thumb Code     0  startup_stm32f10x_md.o(.text)
    RCC_IRQHandler                           0x080001b3   Thumb Code     0  startup_stm32f10x_md.o(.text)
    RTCAlarm_IRQHandler                      0x080001b3   Thumb Code     0  startup_stm32f10x_md.o(.text)
    RTC_IRQHandler                           0x080001b3   Thumb Code     0  startup_stm32f10x_md.o(.text)
    SPI1_IRQHandler                          0x080001b3   Thumb Code     0  startup_stm32f10x_md.o(.text)
    SPI2_IRQHandler                          0x080001b3   Thumb Code     0  startup_stm32f10x_md.o(.text)
    TAMPER_IRQHandler                        0x080001b3   Thumb Code     0  startup_stm32f10x_md.o(.text)
    TIM1_BRK_IRQHandler                      0x080001b3   Thumb Code     0  startup_stm32f10x_md.o(.text)
    TIM1_CC_IRQHandler                       0x080001b3   Thumb Code     0  startup_stm32f10x_md.o(.text)
    TIM1_TRG_COM_IRQHandler                  0x080001b3   Thumb Code     0  startup_stm32f10x_md.o(.text)
    TIM1_UP_IRQHandler                       0x080001b3   Thumb Code     0  startup_stm32f10x_md.o(.text)
    TIM2_IRQHandler                          0x080001b3   Thumb Code     0  startup_stm32f10x_md.o(.text)
    TIM4_IRQHandler                          0x080001b3   Thumb Code     0  startup_stm32f10x_md.o(.text)
    USART2_IRQHandler                        0x080001b3   Thumb Code     0  startup_stm32f10x_md.o(.text)
    USART3_IRQHandler                        0x080001b3   Thumb Code     0  startup_stm32f10x_md.o(.text)
    USBWakeUp_IRQHandler                     0x080001b3   Thumb Code     0  startup_stm32f10x_md.o(.text)
    USB_HP_CAN1_TX_IRQHandler                0x080001b3   Thumb Code     0  startup_stm32f10x_md.o(.text)
    USB_LP_CAN1_RX0_IRQHandler               0x080001b3   Thumb Code     0  startup_stm32f10x_md.o(.text)
    WWDG_IRQHandler                          0x080001b3   Thumb Code     0  startup_stm32f10x_md.o(.text)
    __user_initial_stackheap                 0x080001b5   Thumb Code     0  startup_stm32f10x_md.o(.text)
    __use_no_semihosting                     0x080001d9   Thumb Code     2  use_no_semi_2.o(.text)
    __2printf                                0x080001dd   Thumb Code    20  noretval__2printf.o(.text)
    _printf_pre_padding                      0x080001f5   Thumb Code    46  _printf_pad.o(.text)
    _printf_post_padding                     0x08000223   Thumb Code    36  _printf_pad.o(.text)
    _printf_int_dec                          0x08000249   Thumb Code   102  _printf_dec.o(.text)
    _printf_int_hex                          0x080002c1   Thumb Code    88  _printf_hex_int.o(.text)
    _printf_longlong_hex                     0x080002c1   Thumb Code     0  _printf_hex_int.o(.text)
    __printf                                 0x0800031d   Thumb Code   310  __printf_flags_wp.o(.text)
    __aeabi_memclr                           0x08000459   Thumb Code     0  rt_memclr.o(.text)
    __rt_memclr                              0x08000459   Thumb Code    68  rt_memclr.o(.text)
    _memset                                  0x0800045d   Thumb Code     0  rt_memclr.o(.text)
    __use_two_region_memory                  0x0800049d   Thumb Code     2  heapauxi.o(.text)
    __rt_heap_escrow$2region                 0x0800049f   Thumb Code     2  heapauxi.o(.text)
    __rt_heap_expand$2region                 0x080004a1   Thumb Code     2  heapauxi.o(.text)
    __I$use$semihosting                      0x080004a3   Thumb Code     0  use_no_semi.o(.text)
    __use_no_semihosting_swi                 0x080004a3   Thumb Code     2  use_no_semi.o(.text)
    _printf_int_common                       0x080004a5   Thumb Code   184  _printf_intcommon.o(.text)
    _printf_char_file                        0x0800055d   Thumb Code    32  _printf_char_file.o(.text)
    __aeabi_memclr4                          0x08000581   Thumb Code     0  rt_memclr_w.o(.text)
    __aeabi_memclr8                          0x08000581   Thumb Code     0  rt_memclr_w.o(.text)
    __rt_memclr_w                            0x08000581   Thumb Code    78  rt_memclr_w.o(.text)
    _memset_w                                0x08000585   Thumb Code     0  rt_memclr_w.o(.text)
    _printf_char_common                      0x080005db   Thumb Code    32  _printf_char_common.o(.text)
    ferror                                   0x08000601   Thumb Code     8  ferror.o(.text)
    __user_setup_stackheap                   0x08000609   Thumb Code    74  sys_stackheap_outer.o(.text)
    exit                                     0x08000653   Thumb Code    12  exit.o(.text)
    __user_libspace                          0x08000661   Thumb Code     8  libspace.o(.text)
    __user_perproc_libspace                  0x08000661   Thumb Code     0  libspace.o(.text)
    __user_perthread_libspace                0x08000661   Thumb Code     0  libspace.o(.text)
    AckTest                                  0x08000669   Thumb Code    82  framepkg.o(i.AckTest)
    AjstBLED                                 0x080006c5   Thumb Code    14  main.o(i.AjstBLED)
    AjstGLED                                 0x080006d9   Thumb Code    14  main.o(i.AjstGLED)
    AjstRLED                                 0x080006ed   Thumb Code    14  main.o(i.AjstRLED)
    BeepCtr                                  0x08000701   Thumb Code     6  beep.o(i.BeepCtr)
    BeepTask                                 0x0800070d   Thumb Code   342  beep.o(i.BeepTask)
    BusFault_Handler                         0x08000871   Thumb Code     4  stm32f10x_it.o(i.BusFault_Handler)
    CalulateCRC                              0x08000875   Thumb Code   106  rc522.o(i.CalulateCRC)
    ClearBitMask                             0x080008df   Thumb Code    28  rc522.o(i.ClearBitMask)
    ClearQ                                   0x080008fb   Thumb Code    10  queue.o(i.ClearQ)
    CreateLanQueue                           0x08000905   Thumb Code    10  queue.o(i.CreateLanQueue)
    DeQueue                                  0x0800090f   Thumb Code    54  queue.o(i.DeQueue)
    DebugMon_Handler                         0x08000945   Thumb Code     2  stm32f10x_it.o(i.DebugMon_Handler)
    EXTI15_10_IRQHandler                     0x08000949   Thumb Code    64  exti.o(i.EXTI15_10_IRQHandler)
    EXTIX_Init                               0x08000991   Thumb Code   116  exti.o(i.EXTIX_Init)
    EXTI_ClearITPendingBit                   0x08000a05   Thumb Code     6  stm32f10x_exti.o(i.EXTI_ClearITPendingBit)
    EXTI_GetITStatus                         0x08000a11   Thumb Code    34  stm32f10x_exti.o(i.EXTI_GetITStatus)
    EXTI_Init                                0x08000a39   Thumb Code   142  stm32f10x_exti.o(i.EXTI_Init)
    EmptyLanQueue                            0x08000acd   Thumb Code    18  queue.o(i.EmptyLanQueue)
    EnQueue                                  0x08000adf   Thumb Code    52  queue.o(i.EnQueue)
    EnQueuex                                 0x08000b13   Thumb Code    40  queue.o(i.EnQueuex)
    ExplainParm                              0x08000b3d   Thumb Code   136  main.o(i.ExplainParm)
    FLASH_ErasePage                          0x08000bd1   Thumb Code    72  stm32f10x_flash.o(i.FLASH_ErasePage)
    FLASH_GetBank1Status                     0x08000c1d   Thumb Code    48  stm32f10x_flash.o(i.FLASH_GetBank1Status)
    FLASH_Lock                               0x08000c51   Thumb Code    14  stm32f10x_flash.o(i.FLASH_Lock)
    FLASH_PrefetchBufferCmd                  0x08000c65   Thumb Code    22  stm32f10x_flash.o(i.FLASH_PrefetchBufferCmd)
    FLASH_ProgramHalfWord                    0x08000c81   Thumb Code    60  stm32f10x_flash.o(i.FLASH_ProgramHalfWord)
    FLASH_SetLatency                         0x08000cc1   Thumb Code    18  stm32f10x_flash.o(i.FLASH_SetLatency)
    FLASH_Unlock                             0x08000cd9   Thumb Code    12  stm32f10x_flash.o(i.FLASH_Unlock)
    FLASH_WaitForLastOperation               0x08000cf1   Thumb Code    38  stm32f10x_flash.o(i.FLASH_WaitForLastOperation)
    FindSnCmd                                0x08000d19   Thumb Code    64  main.o(i.FindSnCmd)
    FrameUpDxCoinCnt                         0x08000d5d   Thumb Code   130  framepkg.o(i.FrameUpDxCoinCnt)
    FrameUpDxCoinSum                         0x08000de9   Thumb Code   168  framepkg.o(i.FrameUpDxCoinSum)
    FrameUpDxConfig                          0x08000e99   Thumb Code   172  framepkg.o(i.FrameUpDxConfig)
    FrameUpDxICImfor                         0x08000f4d   Thumb Code   130  framepkg.o(i.FrameUpDxICImfor)
    FullLanQueue                             0x08000fd9   Thumb Code    32  queue.o(i.FullLanQueue)
    GPIOInit                                 0x08000ff9   Thumb Code     8  led.o(i.GPIOInit)
    GPIO_EXTILineConfig                      0x08001001   Thumb Code    60  stm32f10x_gpio.o(i.GPIO_EXTILineConfig)
    GPIO_Init                                0x08001041   Thumb Code   274  stm32f10x_gpio.o(i.GPIO_Init)
    GPIO_PinRemapConfig                      0x08001155   Thumb Code   138  stm32f10x_gpio.o(i.GPIO_PinRemapConfig)
    GPIO_ResetBits                           0x080011e5   Thumb Code     4  stm32f10x_gpio.o(i.GPIO_ResetBits)
    GPIO_SetBits                             0x080011e9   Thumb Code     4  stm32f10x_gpio.o(i.GPIO_SetBits)
    GateSig                                  0x080011ed   Thumb Code   136  timerx.o(i.GateSig)
    HDReset                                  0x08001289   Thumb Code    32  st7565r.o(i.HDReset)
    HardFault_Handler                        0x080012b1   Thumb Code     4  stm32f10x_it.o(i.HardFault_Handler)
    IOInit                                   0x080012b5   Thumb Code   308  led.o(i.IOInit)
    IWDG_Feed                                0x080013f5   Thumb Code     2  wdg.o(i.IWDG_Feed)
    IWDG_Init                                0x080013f7   Thumb Code     2  wdg.o(i.IWDG_Init)
    InitRc522                                0x080013f9   Thumb Code    32  rc522.o(i.InitRc522)
    Init_ST7565r                             0x08001419   Thumb Code   104  st7565r.o(i.Init_ST7565r)
    JianBianLightIDE_MOD                     0x08001481   Thumb Code   550  main.o(i.JianBianLightIDE_MOD)
    LCDDisplayTask                           0x080016ad   Thumb Code   300  main.o(i.LCDDisplayTask)
    LCDRefresh_Gram                          0x080017ed   Thumb Code   168  lcd.o(i.LCDRefresh_Gram)
    LCDShowCntTickit                         0x0800189d   Thumb Code    44  main.o(i.LCDShowCntTickit)
    LCDShowCoinSum                           0x080018c9   Thumb Code   136  main.o(i.LCDShowCoinSum)
    LCDShowHZList                            0x08001959   Thumb Code    76  lcd.o(i.LCDShowHZList)
    LCDShowICInfo                            0x080019a5   Thumb Code   176  main.o(i.LCDShowICInfo)
    LCDShowICLoss                            0x08001a61   Thumb Code    24  main.o(i.LCDShowICLoss)
    LCDShowICOverTim                         0x08001a79   Thumb Code    24  main.o(i.LCDShowICOverTim)
    LCDShowIDEInfo                           0x08001a91   Thumb Code   246  main.o(i.LCDShowIDEInfo)
    LCDShowInvalidICInfo                     0x08001b91   Thumb Code    70  main.o(i.LCDShowInvalidICInfo)
    LCDShowNo2_4gInfo                        0x08001be1   Thumb Code    34  main.o(i.LCDShowNo2_4gInfo)
    LCDShowNoLnkInfo                         0x08001c03   Thumb Code    24  main.o(i.LCDShowNoLnkInfo)
    LCDShowNoMonyInfo                        0x08001c1d   Thumb Code   176  main.o(i.LCDShowNoMonyInfo)
    LCDShowOpTooOFent                        0x08001cd9   Thumb Code    44  main.o(i.LCDShowOpTooOFent)
    LCDShowReaderErr                         0x08001d05   Thumb Code    44  main.o(i.LCDShowReaderErr)
    LCDShowReaderFailed                      0x08001d31   Thumb Code    24  main.o(i.LCDShowReaderFailed)
    LCD_12864DrawPoint                       0x08001d49   Thumb Code   136  lcd.o(i.LCD_12864DrawPoint)
    LCD_12864_Clear                          0x08001dd9   Thumb Code   110  lcd.o(i.LCD_12864_Clear)
    LCD_12864_ClearRec                       0x08001e49   Thumb Code    46  lcd.o(i.LCD_12864_ClearRec)
    LCD_DrawLine                             0x08001e7d   Thumb Code   172  lcd.o(i.LCD_DrawLine)
    LCD_DrawRectangle                        0x08001f29   Thumb Code    74  lcd.o(i.LCD_DrawRectangle)
    LCD_Init                                 0x08001f75   Thumb Code    24  lcd.o(i.LCD_Init)
    LCD_Pow                                  0x08001f91   Thumb Code    22  lcd.o(i.LCD_Pow)
    LCD_ShowChar                             0x08001fa9   Thumb Code   286  lcd.o(i.LCD_ShowChar)
    LCD_ShowStringAndBk                      0x080020dd   Thumb Code   104  lcd.o(i.LCD_ShowStringAndBk)
    LCD_Showhz                               0x08002145   Thumb Code   180  lcd.o(i.LCD_Showhz)
    LCD_ShowxNum                             0x08002201   Thumb Code   190  lcd.o(i.LCD_ShowxNum)
    LEDTask                                  0x080022c1   Thumb Code    32  main.o(i.LEDTask)
    LoadConfigPar                            0x080022e9   Thumb Code    34  main.o(i.LoadConfigPar)
    M500PcdConfigISOType                     0x08002311   Thumb Code    94  rc522.o(i.M500PcdConfigISOType)
    MemManage_Handler                        0x0800236f   Thumb Code     4  stm32f10x_it.o(i.MemManage_Handler)
    MoveCmdBf                                0x08002375   Thumb Code    82  main.o(i.MoveCmdBf)
    NMI_Handler                              0x080023d1   Thumb Code     2  stm32f10x_it.o(i.NMI_Handler)
    NRF24L01_Check                           0x080023d5   Thumb Code    66  24l01.o(i.NRF24L01_Check)
    NRF24L01_Init                            0x08002421   Thumb Code    40  24l01.o(i.NRF24L01_Init)
    NRF24L01_RX_Mode                         0x08002455   Thumb Code    74  24l01.o(i.NRF24L01_RX_Mode)
    NRF24L01_Read_Buf                        0x080024ad   Thumb Code    56  24l01.o(i.NRF24L01_Read_Buf)
    NRF24L01_Read_Reg                        0x080024e9   Thumb Code    36  24l01.o(i.NRF24L01_Read_Reg)
    NRF24L01_RxPacket                        0x08002515   Thumb Code    62  24l01.o(i.NRF24L01_RxPacket)
    NRF24L01_TX_Mode                         0x08002555   Thumb Code    82  24l01.o(i.NRF24L01_TX_Mode)
    NRF24L01_TxPacket                        0x080025b5   Thumb Code    90  24l01.o(i.NRF24L01_TxPacket)
    NRF24L01_Write_Buf                       0x0800261d   Thumb Code    56  24l01.o(i.NRF24L01_Write_Buf)
    NRF24L01_Write_Reg                       0x08002659   Thumb Code    38  24l01.o(i.NRF24L01_Write_Reg)
    NVIC_Configuration                       0x08002689   Thumb Code    12  sys.o(i.NVIC_Configuration)
    NVIC_Init                                0x08002695   Thumb Code   102  misc.o(i.NVIC_Init)
    NVIC_PriorityGroupConfig                 0x08002709   Thumb Code    10  misc.o(i.NVIC_PriorityGroupConfig)
    NetDatExp                                0x0800271d   Thumb Code  1358  main.o(i.NetDatExp)
    Nrf24l01Task                             0x08002c9d   Thumb Code   374  main.o(i.Nrf24l01Task)
    PVD_IRQHandler                           0x08002e2d   Thumb Code    12  main.o(i.PVD_IRQHandler)
    PVD_Init                                 0x08002e39   Thumb Code    64  main.o(i.PVD_Init)
    PVD_NVIC                                 0x08002e79   Thumb Code    40  main.o(i.PVD_NVIC)
    PWR_PVDCmd                               0x08002ea1   Thumb Code     6  stm32f10x_pwr.o(i.PWR_PVDCmd)
    PWR_PVDLevelConfig                       0x08002ead   Thumb Code    18  stm32f10x_pwr.o(i.PWR_PVDLevelConfig)
    PcdAntennaOff                            0x08002ec5   Thumb Code    12  rc522.o(i.PcdAntennaOff)
    PcdAntennaOn                             0x08002ed1   Thumb Code    26  rc522.o(i.PcdAntennaOn)
    PcdAnticoll                              0x08002eeb   Thumb Code   112  rc522.o(i.PcdAnticoll)
    PcdAuthState                             0x08002f5b   Thumb Code    86  rc522.o(i.PcdAuthState)
    PcdComMF522                              0x08002fb1   Thumb Code   314  rc522.o(i.PcdComMF522)
    PcdHalt                                  0x080030eb   Thumb Code    52  rc522.o(i.PcdHalt)
    PcdRead                                  0x0800311f   Thumb Code    86  rc522.o(i.PcdRead)
    PcdRequest                               0x08003175   Thumb Code    86  rc522.o(i.PcdRequest)
    PcdReset                                 0x080031cd   Thumb Code   118  rc522.o(i.PcdReset)
    PcdSelect                                0x0800324d   Thumb Code   116  rc522.o(i.PcdSelect)
    PendSV_Handler                           0x080032c1   Thumb Code     2  stm32f10x_it.o(i.PendSV_Handler)
    PlusCnt                                  0x080032c5   Thumb Code   176  timerx.o(i.PlusCnt)
    PrintCfgPar                              0x0800337d   Thumb Code   234  main.o(i.PrintCfgPar)
    QueueDatLen                              0x08003619   Thumb Code     6  queue.o(i.QueueDatLen)
    RC522Task                                0x08003621   Thumb Code   734  main.o(i.RC522Task)
    RCC_APB1PeriphClockCmd                   0x08003925   Thumb Code    26  stm32f10x_rcc.o(i.RCC_APB1PeriphClockCmd)
    RCC_APB1PeriphResetCmd                   0x08003945   Thumb Code    26  stm32f10x_rcc.o(i.RCC_APB1PeriphResetCmd)
    RCC_APB2PeriphClockCmd                   0x08003965   Thumb Code    26  stm32f10x_rcc.o(i.RCC_APB2PeriphClockCmd)
    RCC_APB2PeriphResetCmd                   0x08003985   Thumb Code    26  stm32f10x_rcc.o(i.RCC_APB2PeriphResetCmd)
    RCC_DeInit                               0x080039a5   Thumb Code    64  stm32f10x_rcc.o(i.RCC_DeInit)
    RCC_GetClocksFreq                        0x080039f1   Thumb Code   192  stm32f10x_rcc.o(i.RCC_GetClocksFreq)
    RCC_GetFlagStatus                        0x08003ac5   Thumb Code    56  stm32f10x_rcc.o(i.RCC_GetFlagStatus)
    RCC_GetSYSCLKSource                      0x08003b01   Thumb Code    10  stm32f10x_rcc.o(i.RCC_GetSYSCLKSource)
    RCC_HCLKConfig                           0x08003b11   Thumb Code    18  stm32f10x_rcc.o(i.RCC_HCLKConfig)
    RCC_HSICmd                               0x08003b29   Thumb Code     6  stm32f10x_rcc.o(i.RCC_HSICmd)
    RCC_PCLK1Config                          0x08003b35   Thumb Code    18  stm32f10x_rcc.o(i.RCC_PCLK1Config)
    RCC_PCLK2Config                          0x08003b4d   Thumb Code    20  stm32f10x_rcc.o(i.RCC_PCLK2Config)
    RCC_PLLCmd                               0x08003b65   Thumb Code     6  stm32f10x_rcc.o(i.RCC_PLLCmd)
    RCC_PLLConfig                            0x08003b71   Thumb Code    24  stm32f10x_rcc.o(i.RCC_PLLConfig)
    RCC_SYSCLKConfig                         0x08003b8d   Thumb Code    18  stm32f10x_rcc.o(i.RCC_SYSCLKConfig)
    RGBCtrTask                               0x08003ba5   Thumb Code   104  main.o(i.RGBCtrTask)
    ReadRawRC                                0x08003c19   Thumb Code    50  rc522.o(i.ReadRawRC)
    ReaderErrPromt                           0x08003c55   Thumb Code    64  main.o(i.ReaderErrPromt)
    SPI1_Init                                0x08003ca1   Thumb Code    86  spi.o(i.SPI1_Init)
    SPI1_ReadWriteByte                       0x08003cfd   Thumb Code    78  spi.o(i.SPI1_ReadWriteByte)
    SPI2_Init                                0x08003d51   Thumb Code    98  spi.o(i.SPI2_Init)
    SPI2_ReadWriteByte                       0x08003db9   Thumb Code    78  spi.o(i.SPI2_ReadWriteByte)
    SPI2_SetSpeed                            0x08003e0d   Thumb Code    36  spi.o(i.SPI2_SetSpeed)
    SPI_Cmd                                  0x08003e35   Thumb Code    24  stm32f10x_spi.o(i.SPI_Cmd)
    SPI_I2S_GetFlagStatus                    0x08003e4d   Thumb Code    18  stm32f10x_spi.o(i.SPI_I2S_GetFlagStatus)
    SPI_I2S_ReceiveData                      0x08003e5f   Thumb Code     6  stm32f10x_spi.o(i.SPI_I2S_ReceiveData)
    SPI_I2S_SendData                         0x08003e65   Thumb Code     4  stm32f10x_spi.o(i.SPI_I2S_SendData)
    SPI_Init                                 0x08003e69   Thumb Code    60  stm32f10x_spi.o(i.SPI_Init)
    STMFLASH_Read                            0x08003ea5   Thumb Code    34  stmflash.o(i.STMFLASH_Read)
    STMFLASH_ReadHalfWord                    0x08003ec7   Thumb Code     6  stmflash.o(i.STMFLASH_ReadHalfWord)
    STMFLASH_Write                           0x08003ecd   Thumb Code   224  stmflash.o(i.STMFLASH_Write)
    STMFLASH_Write_NoCheck                   0x08003fbd   Thumb Code    42  stmflash.o(i.STMFLASH_Write_NoCheck)
    SVC_Handler                              0x08003fe7   Thumb Code     2  stm32f10x_it.o(i.SVC_Handler)
    SerRxOkInvalidIC                         0x08003fe9   Thumb Code    16  main.o(i.SerRxOkInvalidIC)
    SerRxOkNoMony                            0x08003ffd   Thumb Code    16  main.o(i.SerRxOkNoMony)
    SerRxOkXfOk                              0x08004011   Thumb Code    58  main.o(i.SerRxOkXfOk)
    SetBitMask                               0x08004055   Thumb Code    28  rc522.o(i.SetBitMask)
    SetKeyWord                               0x08004071   Thumb Code    72  main.o(i.SetKeyWord)
    ShowSysICFlg                             0x080040c1   Thumb Code    56  main.o(i.ShowSysICFlg)
    ShowSysID                                0x080040fd   Thumb Code    68  main.o(i.ShowSysID)
    ShowSysTxRx                              0x0800414d   Thumb Code   180  main.o(i.ShowSysTxRx)
    SysClkSet                                0x08004205   Thumb Code   102  main.o(i.SysClkSet)
    SysReset                                 0x0800426d   Thumb Code     8  main.o(i.SysReset)
    SysTick_CLKSourceConfig                  0x0800427d   Thumb Code    40  misc.o(i.SysTick_CLKSourceConfig)
    SysTick_Handler                          0x080042a5   Thumb Code     2  stm32f10x_it.o(i.SysTick_Handler)
    SystemInit                               0x080042a9   Thumb Code    78  system_stm32f10x.o(i.SystemInit)
    TESTOutCoinOK                            0x08004309   Thumb Code    92  framepkg.o(i.TESTOutCoinOK)
    TIM3_IRQHandler                          0x0800436d   Thumb Code   394  timerx.o(i.TIM3_IRQHandler)
    TIM3_Int_Init                            0x0800450d   Thumb Code    90  timerx.o(i.TIM3_Int_Init)
    TIM_ARRPreloadConfig                     0x08004611   Thumb Code    24  stm32f10x_tim.o(i.TIM_ARRPreloadConfig)
    TIM_ClearITPendingBit                    0x08004629   Thumb Code     6  stm32f10x_tim.o(i.TIM_ClearITPendingBit)
    TIM_Cmd                                  0x0800462f   Thumb Code    24  stm32f10x_tim.o(i.TIM_Cmd)
    TIM_DeInit                               0x08004649   Thumb Code   424  stm32f10x_tim.o(i.TIM_DeInit)
    TIM_GetITStatus                          0x08004831   Thumb Code    34  stm32f10x_tim.o(i.TIM_GetITStatus)
    TIM_ITConfig                             0x08004853   Thumb Code    18  stm32f10x_tim.o(i.TIM_ITConfig)
    TIM_OC1Init                              0x08004865   Thumb Code   132  stm32f10x_tim.o(i.TIM_OC1Init)
    TIM_OC1PreloadConfig                     0x080048fd   Thumb Code    18  stm32f10x_tim.o(i.TIM_OC1PreloadConfig)
    TIM_OC2Init                              0x08004911   Thumb Code   154  stm32f10x_tim.o(i.TIM_OC2Init)
    TIM_OC2PreloadConfig                     0x080049b5   Thumb Code    26  stm32f10x_tim.o(i.TIM_OC2PreloadConfig)
    TIM_OC3Init                              0x080049d1   Thumb Code   150  stm32f10x_tim.o(i.TIM_OC3Init)
    TIM_OC3PreloadConfig                     0x08004a71   Thumb Code    18  stm32f10x_tim.o(i.TIM_OC3PreloadConfig)
    TIM_SetCompare1                          0x08004a83   Thumb Code     4  stm32f10x_tim.o(i.TIM_SetCompare1)
    TIM_SetCompare2                          0x08004a87   Thumb Code     4  stm32f10x_tim.o(i.TIM_SetCompare2)
    TIM_SetCompare3                          0x08004a8b   Thumb Code     4  stm32f10x_tim.o(i.TIM_SetCompare3)
    TIM_TimeBaseInit                         0x08004a91   Thumb Code   122  stm32f10x_tim.o(i.TIM_TimeBaseInit)
    USART1_IRQHandler                        0x08004b35   Thumb Code   122  usart.o(i.USART1_IRQHandler)
    USART_Cmd                                0x08004bbd   Thumb Code    24  stm32f10x_usart.o(i.USART_Cmd)
    USART_DeInit                             0x08004bd5   Thumb Code   134  stm32f10x_usart.o(i.USART_DeInit)
    USART_GetITStatus                        0x08004c71   Thumb Code    84  stm32f10x_usart.o(i.USART_GetITStatus)
    USART_ITConfig                           0x08004cc5   Thumb Code    74  stm32f10x_usart.o(i.USART_ITConfig)
    USART_Init                               0x08004d11   Thumb Code   210  stm32f10x_usart.o(i.USART_Init)
    USART_ReceiveData                        0x08004de9   Thumb Code    10  stm32f10x_usart.o(i.USART_ReceiveData)
    UsageFault_Handler                       0x08004df3   Thumb Code     4  stm32f10x_it.o(i.UsageFault_Handler)
    WriteDefaultSet                          0x08004df9   Thumb Code    78  main.o(i.WriteDefaultSet)
    WriteParm                                0x08004e4d   Thumb Code   148  main.o(i.WriteParm)
    WriteRawRC                               0x08004ee9   Thumb Code    42  rc522.o(i.WriteRawRC)
    Write_ST7565R_COM                        0x08004f1d   Thumb Code    74  st7565r.o(i.Write_ST7565R_COM)
    Write_ST7565R_DISPLAY_DATA_serial_4SPI   0x08004f7d   Thumb Code    78  st7565r.o(i.Write_ST7565R_DISPLAY_DATA_serial_4SPI)
    _is_digit                                0x08004fe1   Thumb Code    14  __printf_wp.o(i._is_digit)
    _sys_exit                                0x08004fef   Thumb Code     6  usart.o(i._sys_exit)
    delay_init                               0x08004ff5   Thumb Code    50  delay.o(i.delay_init)
    delay_ms                                 0x08005039   Thumb Code    70  delay.o(i.delay_ms)
    delay_ns                                 0x08005085   Thumb Code    18  rc522.o(i.delay_ns)
    fputc                                    0x08005099   Thumb Code    22  usart.o(i.fputc)
    main                                     0x080050b5   Thumb Code   248  main.o(i.main)
    queue_find_cmd                           0x080051cd   Thumb Code   158  framepkg.o(i.queue_find_cmd)
    showdbg8hex                              0x08005281   Thumb Code    34  main.o(i.showdbg8hex)
    uart_init                                0x080052b1   Thumb Code   106  usart.o(i.uart_init)
    TX_ADDRESS                               0x08005320   Data           5  24l01.o(.constdata)
    RX_ADDRESS                               0x08005325   Data           5  24l01.o(.constdata)
    asc2_1206                                0x0800532a   Data        1140  lcd.o(.constdata)
    asc2_1608                                0x0800579e   Data        1520  lcd.o(.constdata)
    LCD_asc2_1608                            0x08005d8e   Data        1520  lcd.o(.constdata)
    asc2_2412                                0x0800637e   Data        3420  lcd.o(.constdata)
    asc2_3216                                0x080070da   Data        6080  lcd.o(.constdata)
    LCD_hz_1616                              0x0800889a   Data        6400  lcd.o(.constdata)
    LCD_hz_3232                              0x0800a19a   Data        6400  lcd.o(.constdata)
    Region$$Table$$Base                      0x0800bad4   Number         0  anon$$obj.o(Region$$Table)
    Region$$Table$$Limit                     0x0800baf4   Number         0  anon$$obj.o(Region$$Table)
    random_seed                              0x20000000   Data           4  main.o(.data)
    leddly                                   0x20000004   Data           1  main.o(.data)
    stpro                                    0x20000005   Data           1  main.o(.data)
    rst                                      0x20000006   Data           2  main.o(.data)
    gst                                      0x20000008   Data           2  main.o(.data)
    bst                                      0x2000000a   Data           2  main.o(.data)
    L01_Ctr                                  0x20000010   Data           8  main.o(.data)
    lcddev                                   0x20000018   Data           6  main.o(.data)
    gFlg                                     0x2000001e   Data           6  main.o(.data)
    SystemCoreClock                          0x20000024   Data           4  system_stm32f10x.o(.data)
    AHBPrescTable                            0x20000028   Data          16  system_stm32f10x.o(.data)
    USART_RX_STA                             0x20000048   Data           2  usart.o(.data)
    __stdout                                 0x2000004c   Data           4  usart.o(.data)
    gCmpDwDxBuf                              0x20000064   Data         408  main.o(.bss)
    gDxUpCmpBuf                              0x200001fc   Data         408  main.o(.bss)
    Config                                   0x20000394   Data          36  main.o(.bss)
    Dly_Var                                  0x200003b8   Data          28  main.o(.bss)
    RC522Ctr                                 0x200003d4   Data          36  main.o(.bss)
    SysVar                                   0x200003f8   Data          64  main.o(.bss)
    RGB_ctr                                  0x20000438   Data          36  main.o(.bss)
    gNetCtr                                  0x2000045c   Data          18  main.o(.bss)
    ChipUniqueID                             0x20000470   Data          12  main.o(.bss)
    TxMsgBuf                                 0x2000047c   Data          22  main.o(.bss)
    FrameBuf                                 0x20000492   Data        1100  main.o(.bss)
    STMFLASH_BUF                             0x200008de   Data        1024  stmflash.o(.bss)
    LCDRam                                   0x20000cde   Data        9800  lcd.o(.bss)
    USART_RX_BUF                             0x20003326   Data         200  usart.o(.bss)
    __libspace_start                         0x200033f0   Data          96  libspace.o(.bss)
    __temporary_stack_top$libspace           0x20003450   Data           0  libspace.o(.bss)



==============================================================================

Memory Map of the image

  Image Entry point : 0x080000ed

  Load Region LR_IROM1 (Base: 0x08000000, Size: 0x0000bb58, Max: 0x00010000, ABSOLUTE)

    Execution Region ER_IROM1 (Base: 0x08000000, Size: 0x0000baf4, Max: 0x00010000, ABSOLUTE)

    Base Addr    Size         Type   Attr      Idx    E Section Name        Object

    0x08000000   0x000000ec   Data   RO         1542    RESET               startup_stm32f10x_md.o
    0x080000ec   0x00000008   Code   RO         3359  * !!!main             c_w.l(__main.o)
    0x080000f4   0x00000034   Code   RO         3526    !!!scatter          c_w.l(__scatter.o)
    0x08000128   0x0000001a   Code   RO         3528    !!handler_copy      c_w.l(__scatter_copy.o)
    0x08000142   0x00000002   PAD
    0x08000144   0x0000001c   Code   RO         3530    !!handler_zi        c_w.l(__scatter_zi.o)
    0x08000160   0x00000000   Code   RO         3354    .ARM.Collect$$_printf_percent$$00000000  c_w.l(_printf_percent.o)
    0x08000160   0x00000006   Code   RO         3353    .ARM.Collect$$_printf_percent$$00000009  c_w.l(_printf_d.o)
    0x08000166   0x00000006   Code   RO         3352    .ARM.Collect$$_printf_percent$$0000000C  c_w.l(_printf_x.o)
    0x0800016c   0x00000004   Code   RO         3368    .ARM.Collect$$_printf_percent$$00000017  c_w.l(_printf_percent_end.o)
    0x08000170   0x00000002   Code   RO         3403    .ARM.Collect$$libinit$$00000000  c_w.l(libinit.o)
    0x08000172   0x00000000   Code   RO         3410    .ARM.Collect$$libinit$$00000002  c_w.l(libinit2.o)
    0x08000172   0x00000000   Code   RO         3413    .ARM.Collect$$libinit$$00000008  c_w.l(libinit2.o)
    0x08000172   0x00000000   Code   RO         3415    .ARM.Collect$$libinit$$0000000A  c_w.l(libinit2.o)
    0x08000172   0x00000000   Code   RO         3417    .ARM.Collect$$libinit$$0000000C  c_w.l(libinit2.o)
    0x08000172   0x00000000   Code   RO         3420    .ARM.Collect$$libinit$$0000000F  c_w.l(libinit2.o)
    0x08000172   0x00000000   Code   RO         3422    .ARM.Collect$$libinit$$00000011  c_w.l(libinit2.o)
    0x08000172   0x00000000   Code   RO         3424    .ARM.Collect$$libinit$$00000013  c_w.l(libinit2.o)
    0x08000172   0x00000000   Code   RO         3426    .ARM.Collect$$libinit$$00000015  c_w.l(libinit2.o)
    0x08000172   0x00000000   Code   RO         3428    .ARM.Collect$$libinit$$00000017  c_w.l(libinit2.o)
    0x08000172   0x00000000   Code   RO         3430    .ARM.Collect$$libinit$$00000019  c_w.l(libinit2.o)
    0x08000172   0x00000000   Code   RO         3432    .ARM.Collect$$libinit$$0000001B  c_w.l(libinit2.o)
    0x08000172   0x00000000   Code   RO         3434    .ARM.Collect$$libinit$$0000001D  c_w.l(libinit2.o)
    0x08000172   0x00000000   Code   RO         3436    .ARM.Collect$$libinit$$0000001F  c_w.l(libinit2.o)
    0x08000172   0x00000000   Code   RO         3438    .ARM.Collect$$libinit$$00000021  c_w.l(libinit2.o)
    0x08000172   0x00000000   Code   RO         3440    .ARM.Collect$$libinit$$00000023  c_w.l(libinit2.o)
    0x08000172   0x00000000   Code   RO         3444    .ARM.Collect$$libinit$$0000002A  c_w.l(libinit2.o)
    0x08000172   0x00000000   Code   RO         3446    .ARM.Collect$$libinit$$0000002C  c_w.l(libinit2.o)
    0x08000172   0x00000000   Code   RO         3448    .ARM.Collect$$libinit$$0000002E  c_w.l(libinit2.o)
    0x08000172   0x00000000   Code   RO         3450    .ARM.Collect$$libinit$$00000030  c_w.l(libinit2.o)
    0x08000172   0x00000002   Code   RO         3451    .ARM.Collect$$libinit$$00000031  c_w.l(libinit2.o)
    0x08000174   0x00000002   Code   RO         3469    .ARM.Collect$$libshutdown$$00000000  c_w.l(libshutdown.o)
    0x08000176   0x00000000   Code   RO         3480    .ARM.Collect$$libshutdown$$00000003  c_w.l(libshutdown2.o)
    0x08000176   0x00000000   Code   RO         3483    .ARM.Collect$$libshutdown$$00000006  c_w.l(libshutdown2.o)
    0x08000176   0x00000000   Code   RO         3486    .ARM.Collect$$libshutdown$$00000009  c_w.l(libshutdown2.o)
    0x08000176   0x00000000   Code   RO         3488    .ARM.Collect$$libshutdown$$0000000B  c_w.l(libshutdown2.o)
    0x08000176   0x00000000   Code   RO         3491    .ARM.Collect$$libshutdown$$0000000E  c_w.l(libshutdown2.o)
    0x08000176   0x00000002   Code   RO         3492    .ARM.Collect$$libshutdown$$0000000F  c_w.l(libshutdown2.o)
    0x08000178   0x00000000   Code   RO         3363    .ARM.Collect$$rtentry$$00000000  c_w.l(rtentry.o)
    0x08000178   0x00000000   Code   RO         3372    .ARM.Collect$$rtentry$$00000002  c_w.l(rtentry2.o)
    0x08000178   0x00000006   Code   RO         3384    .ARM.Collect$$rtentry$$00000004  c_w.l(rtentry4.o)
    0x0800017e   0x00000000   Code   RO         3374    .ARM.Collect$$rtentry$$00000009  c_w.l(rtentry2.o)
    0x0800017e   0x00000004   Code   RO         3375    .ARM.Collect$$rtentry$$0000000A  c_w.l(rtentry2.o)
    0x08000182   0x00000000   Code   RO         3377    .ARM.Collect$$rtentry$$0000000C  c_w.l(rtentry2.o)
    0x08000182   0x00000008   Code   RO         3378    .ARM.Collect$$rtentry$$0000000D  c_w.l(rtentry2.o)
    0x0800018a   0x00000002   Code   RO         3407    .ARM.Collect$$rtexit$$00000000  c_w.l(rtexit.o)
    0x0800018c   0x00000000   Code   RO         3453    .ARM.Collect$$rtexit$$00000002  c_w.l(rtexit2.o)
    0x0800018c   0x00000004   Code   RO         3454    .ARM.Collect$$rtexit$$00000003  c_w.l(rtexit2.o)
    0x08000190   0x00000006   Code   RO         3455    .ARM.Collect$$rtexit$$00000004  c_w.l(rtexit2.o)
    0x08000196   0x00000002   PAD
    0x08000198   0x00000040   Code   RO         1543    .text               startup_stm32f10x_md.o
    0x080001d8   0x00000002   Code   RO         3299    .text               c_w.l(use_no_semi_2.o)
    0x080001da   0x00000002   PAD
    0x080001dc   0x00000018   Code   RO         3303    .text               c_w.l(noretval__2printf.o)
    0x080001f4   0x00000052   Code   RO         3307    .text               c_w.l(_printf_pad.o)
    0x08000246   0x00000002   PAD
    0x08000248   0x00000078   Code   RO         3309    .text               c_w.l(_printf_dec.o)
    0x080002c0   0x0000005c   Code   RO         3314    .text               c_w.l(_printf_hex_int.o)
    0x0800031c   0x0000013c   Code   RO         3344    .text               c_w.l(__printf_flags_wp.o)
    0x08000458   0x00000044   Code   RO         3355    .text               c_w.l(rt_memclr.o)
    0x0800049c   0x00000006   Code   RO         3357    .text               c_w.l(heapauxi.o)
    0x080004a2   0x00000002   Code   RO         3361    .text               c_w.l(use_no_semi.o)
    0x080004a4   0x000000b8   Code   RO         3364    .text               c_w.l(_printf_intcommon.o)
    0x0800055c   0x00000024   Code   RO         3366    .text               c_w.l(_printf_char_file.o)
    0x08000580   0x0000004e   Code   RO         3369    .text               c_w.l(rt_memclr_w.o)
    0x080005ce   0x00000002   PAD
    0x080005d0   0x00000030   Code   RO         3386    .text               c_w.l(_printf_char_common.o)
    0x08000600   0x00000008   Code   RO         3388    .text               c_w.l(ferror.o)
    0x08000608   0x0000004a   Code   RO         3392    .text               c_w.l(sys_stackheap_outer.o)
    0x08000652   0x0000000c   Code   RO         3396    .text               c_w.l(exit.o)
    0x0800065e   0x00000002   PAD
    0x08000660   0x00000008   Code   RO         3404    .text               c_w.l(libspace.o)
    0x08000668   0x0000005c   Code   RO          578    i.AckTest           framepkg.o
    0x080006c4   0x00000014   Code   RO            1    i.AjstBLED          main.o
    0x080006d8   0x00000014   Code   RO            2    i.AjstGLED          main.o
    0x080006ec   0x00000014   Code   RO            3    i.AjstRLED          main.o
    0x08000700   0x0000000c   Code   RO         1192    i.BeepCtr           beep.o
    0x0800070c   0x00000164   Code   RO         1193    i.BeepTask          beep.o
    0x08000870   0x00000004   Code   RO          435    i.BusFault_Handler  stm32f10x_it.o
    0x08000874   0x0000006a   Code   RO         1001    i.CalulateCRC       rc522.o
    0x080008de   0x0000001c   Code   RO         1002    i.ClearBitMask      rc522.o
    0x080008fa   0x0000000a   Code   RO          641    i.ClearQ            queue.o
    0x08000904   0x0000000a   Code   RO          642    i.CreateLanQueue    queue.o
    0x0800090e   0x00000036   Code   RO          643    i.DeQueue           queue.o
    0x08000944   0x00000002   Code   RO          436    i.DebugMon_Handler  stm32f10x_it.o
    0x08000946   0x00000002   PAD
    0x08000948   0x00000048   Code   RO         1432    i.EXTI15_10_IRQHandler  exti.o
    0x08000990   0x00000074   Code   RO         1433    i.EXTIX_Init        exti.o
    0x08000a04   0x0000000c   Code   RO         3106    i.EXTI_ClearITPendingBit  stm32f10x_exti.o
    0x08000a10   0x00000028   Code   RO         3110    i.EXTI_GetITStatus  stm32f10x_exti.o
    0x08000a38   0x00000094   Code   RO         3111    i.EXTI_Init         stm32f10x_exti.o
    0x08000acc   0x00000012   Code   RO          645    i.EmptyLanQueue     queue.o
    0x08000ade   0x00000034   Code   RO          646    i.EnQueue           queue.o
    0x08000b12   0x00000028   Code   RO          647    i.EnQueuex          queue.o
    0x08000b3a   0x00000002   PAD
    0x08000b3c   0x00000094   Code   RO            4    i.ExplainParm       main.o
    0x08000bd0   0x0000004c   Code   RO         2346    i.FLASH_ErasePage   stm32f10x_flash.o
    0x08000c1c   0x00000034   Code   RO         2347    i.FLASH_GetBank1Status  stm32f10x_flash.o
    0x08000c50   0x00000014   Code   RO         2356    i.FLASH_Lock        stm32f10x_flash.o
    0x08000c64   0x0000001c   Code   RO         2358    i.FLASH_PrefetchBufferCmd  stm32f10x_flash.o
    0x08000c80   0x00000040   Code   RO         2359    i.FLASH_ProgramHalfWord  stm32f10x_flash.o
    0x08000cc0   0x00000018   Code   RO         2363    i.FLASH_SetLatency  stm32f10x_flash.o
    0x08000cd8   0x00000018   Code   RO         2364    i.FLASH_Unlock      stm32f10x_flash.o
    0x08000cf0   0x00000026   Code   RO         2368    i.FLASH_WaitForLastOperation  stm32f10x_flash.o
    0x08000d16   0x00000002   PAD
    0x08000d18   0x00000044   Code   RO            5    i.FindSnCmd         main.o
    0x08000d5c   0x0000008c   Code   RO          579    i.FrameUpDxCoinCnt  framepkg.o
    0x08000de8   0x000000b0   Code   RO          580    i.FrameUpDxCoinSum  framepkg.o
    0x08000e98   0x000000b4   Code   RO          581    i.FrameUpDxConfig   framepkg.o
    0x08000f4c   0x0000008c   Code   RO          582    i.FrameUpDxICImfor  framepkg.o
    0x08000fd8   0x00000020   Code   RO          648    i.FullLanQueue      queue.o
    0x08000ff8   0x00000008   Code   RO          923    i.GPIOInit          led.o
    0x08001000   0x00000040   Code   RO         1706    i.GPIO_EXTILineConfig  stm32f10x_gpio.o
    0x08001040   0x00000112   Code   RO         1709    i.GPIO_Init         stm32f10x_gpio.o
    0x08001152   0x00000002   PAD
    0x08001154   0x00000090   Code   RO         1711    i.GPIO_PinRemapConfig  stm32f10x_gpio.o
    0x080011e4   0x00000004   Code   RO         1716    i.GPIO_ResetBits    stm32f10x_gpio.o
    0x080011e8   0x00000004   Code   RO         1717    i.GPIO_SetBits      stm32f10x_gpio.o
    0x080011ec   0x0000009c   Code   RO         1152    i.GateSig           timerx.o
    0x08001288   0x00000028   Code   RO         1381    i.HDReset           st7565r.o
    0x080012b0   0x00000004   Code   RO          437    i.HardFault_Handler  stm32f10x_it.o
    0x080012b4   0x00000140   Code   RO          924    i.IOInit            led.o
    0x080013f4   0x00000002   Code   RO         1219    i.IWDG_Feed         wdg.o
    0x080013f6   0x00000002   Code   RO         1220    i.IWDG_Init         wdg.o
    0x080013f8   0x00000020   Code   RO         1003    i.InitRc522         rc522.o
    0x08001418   0x00000068   Code   RO         1382    i.Init_ST7565r      st7565r.o
    0x08001480   0x0000022c   Code   RO            6    i.JianBianLightIDE_MOD  main.o
    0x080016ac   0x00000140   Code   RO            7    i.LCDDisplayTask    main.o
    0x080017ec   0x000000b0   Code   RO         1241    i.LCDRefresh_Gram   lcd.o
    0x0800189c   0x0000002c   Code   RO            8    i.LCDShowCntTickit  main.o
    0x080018c8   0x00000090   Code   RO            9    i.LCDShowCoinSum    main.o
    0x08001958   0x0000004c   Code   RO         1242    i.LCDShowHZList     lcd.o
    0x080019a4   0x000000bc   Code   RO           10    i.LCDShowICInfo     main.o
    0x08001a60   0x00000018   Code   RO           11    i.LCDShowICLoss     main.o
    0x08001a78   0x00000018   Code   RO           12    i.LCDShowICOverTim  main.o
    0x08001a90   0x00000100   Code   RO           13    i.LCDShowIDEInfo    main.o
    0x08001b90   0x00000050   Code   RO           14    i.LCDShowInvalidICInfo  main.o
    0x08001be0   0x00000022   Code   RO           15    i.LCDShowNo2_4gInfo  main.o
    0x08001c02   0x00000018   Code   RO           16    i.LCDShowNoLnkInfo  main.o
    0x08001c1a   0x00000002   PAD
    0x08001c1c   0x000000bc   Code   RO           17    i.LCDShowNoMonyInfo  main.o
    0x08001cd8   0x0000002c   Code   RO           18    i.LCDShowOpTooOFent  main.o
    0x08001d04   0x0000002c   Code   RO           19    i.LCDShowReaderErr  main.o
    0x08001d30   0x00000018   Code   RO           20    i.LCDShowReaderFailed  main.o
    0x08001d48   0x00000090   Code   RO         1243    i.LCD_12864DrawPoint  lcd.o
    0x08001dd8   0x0000006e   Code   RO         1244    i.LCD_12864_Clear   lcd.o
    0x08001e46   0x00000002   PAD
    0x08001e48   0x00000034   Code   RO         1245    i.LCD_12864_ClearRec  lcd.o
    0x08001e7c   0x000000ac   Code   RO         1246    i.LCD_DrawLine      lcd.o
    0x08001f28   0x0000004a   Code   RO         1247    i.LCD_DrawRectangle  lcd.o
    0x08001f72   0x00000002   PAD
    0x08001f74   0x0000001c   Code   RO         1249    i.LCD_Init          lcd.o
    0x08001f90   0x00000016   Code   RO         1250    i.LCD_Pow           lcd.o
    0x08001fa6   0x00000002   PAD
    0x08001fa8   0x00000134   Code   RO         1251    i.LCD_ShowChar      lcd.o
    0x080020dc   0x00000068   Code   RO         1255    i.LCD_ShowStringAndBk  lcd.o
    0x08002144   0x000000bc   Code   RO         1256    i.LCD_Showhz        lcd.o
    0x08002200   0x000000be   Code   RO         1257    i.LCD_ShowxNum      lcd.o
    0x080022be   0x00000002   PAD
    0x080022c0   0x00000028   Code   RO           21    i.LEDTask           main.o
    0x080022e8   0x00000028   Code   RO           22    i.LoadConfigPar     main.o
    0x08002310   0x0000005e   Code   RO         1005    i.M500PcdConfigISOType  rc522.o
    0x0800236e   0x00000004   Code   RO          438    i.MemManage_Handler  stm32f10x_it.o
    0x08002372   0x00000002   PAD
    0x08002374   0x0000005c   Code   RO           23    i.MoveCmdBf         main.o
    0x080023d0   0x00000002   Code   RO          439    i.NMI_Handler       stm32f10x_it.o
    0x080023d2   0x00000002   PAD
    0x080023d4   0x0000004c   Code   RO          781    i.NRF24L01_Check    24l01.o
    0x08002420   0x00000034   Code   RO          782    i.NRF24L01_Init     24l01.o
    0x08002454   0x00000058   Code   RO          783    i.NRF24L01_RX_Mode  24l01.o
    0x080024ac   0x0000003c   Code   RO          784    i.NRF24L01_Read_Buf  24l01.o
    0x080024e8   0x0000002c   Code   RO          785    i.NRF24L01_Read_Reg  24l01.o
    0x08002514   0x0000003e   Code   RO          786    i.NRF24L01_RxPacket  24l01.o
    0x08002552   0x00000002   PAD
    0x08002554   0x00000060   Code   RO          787    i.NRF24L01_TX_Mode  24l01.o
    0x080025b4   0x00000068   Code   RO          788    i.NRF24L01_TxPacket  24l01.o
    0x0800261c   0x0000003c   Code   RO          789    i.NRF24L01_Write_Buf  24l01.o
    0x08002658   0x00000030   Code   RO          790    i.NRF24L01_Write_Reg  24l01.o
    0x08002688   0x0000000c   Code   RO         1476    i.NVIC_Configuration  sys.o
    0x08002694   0x00000074   Code   RO         1547    i.NVIC_Init         misc.o
    0x08002708   0x00000014   Code   RO         1548    i.NVIC_PriorityGroupConfig  misc.o
    0x0800271c   0x00000580   Code   RO           24    i.NetDatExp         main.o
    0x08002c9c   0x00000190   Code   RO           25    i.Nrf24l01Task      main.o
    0x08002e2c   0x0000000c   Code   RO           26    i.PVD_IRQHandler    main.o
    0x08002e38   0x00000040   Code   RO           27    i.PVD_Init          main.o
    0x08002e78   0x00000028   Code   RO           28    i.PVD_NVIC          main.o
    0x08002ea0   0x0000000c   Code   RO         3165    i.PWR_PVDCmd        stm32f10x_pwr.o
    0x08002eac   0x00000018   Code   RO         3166    i.PWR_PVDLevelConfig  stm32f10x_pwr.o
    0x08002ec4   0x0000000c   Code   RO         1006    i.PcdAntennaOff     rc522.o
    0x08002ed0   0x0000001a   Code   RO         1007    i.PcdAntennaOn      rc522.o
    0x08002eea   0x00000070   Code   RO         1008    i.PcdAnticoll       rc522.o
    0x08002f5a   0x00000056   Code   RO         1009    i.PcdAuthState      rc522.o
    0x08002fb0   0x0000013a   Code   RO         1010    i.PcdComMF522       rc522.o
    0x080030ea   0x00000034   Code   RO         1011    i.PcdHalt           rc522.o
    0x0800311e   0x00000056   Code   RO         1012    i.PcdRead           rc522.o
    0x08003174   0x00000056   Code   RO         1013    i.PcdRequest        rc522.o
    0x080031ca   0x00000002   PAD
    0x080031cc   0x00000080   Code   RO         1014    i.PcdReset          rc522.o
    0x0800324c   0x00000074   Code   RO         1015    i.PcdSelect         rc522.o
    0x080032c0   0x00000002   Code   RO          440    i.PendSV_Handler    stm32f10x_it.o
    0x080032c2   0x00000002   PAD
    0x080032c4   0x000000b8   Code   RO         1153    i.PlusCnt           timerx.o
    0x0800337c   0x0000029c   Code   RO           29    i.PrintCfgPar       main.o
    0x08003618   0x00000006   Code   RO          649    i.QueueDatLen       queue.o
    0x0800361e   0x00000002   PAD
    0x08003620   0x00000304   Code   RO           30    i.RC522Task         main.o
    0x08003924   0x00000020   Code   RO         1819    i.RCC_APB1PeriphClockCmd  stm32f10x_rcc.o
    0x08003944   0x00000020   Code   RO         1820    i.RCC_APB1PeriphResetCmd  stm32f10x_rcc.o
    0x08003964   0x00000020   Code   RO         1821    i.RCC_APB2PeriphClockCmd  stm32f10x_rcc.o
    0x08003984   0x00000020   Code   RO         1822    i.RCC_APB2PeriphResetCmd  stm32f10x_rcc.o
    0x080039a4   0x0000004c   Code   RO         1828    i.RCC_DeInit        stm32f10x_rcc.o
    0x080039f0   0x000000d4   Code   RO         1829    i.RCC_GetClocksFreq  stm32f10x_rcc.o
    0x08003ac4   0x0000003c   Code   RO         1830    i.RCC_GetFlagStatus  stm32f10x_rcc.o
    0x08003b00   0x00000010   Code   RO         1832    i.RCC_GetSYSCLKSource  stm32f10x_rcc.o
    0x08003b10   0x00000018   Code   RO         1833    i.RCC_HCLKConfig    stm32f10x_rcc.o
    0x08003b28   0x0000000c   Code   RO         1835    i.RCC_HSICmd        stm32f10x_rcc.o
    0x08003b34   0x00000018   Code   RO         1840    i.RCC_PCLK1Config   stm32f10x_rcc.o
    0x08003b4c   0x00000018   Code   RO         1841    i.RCC_PCLK2Config   stm32f10x_rcc.o
    0x08003b64   0x0000000c   Code   RO         1842    i.RCC_PLLCmd        stm32f10x_rcc.o
    0x08003b70   0x0000001c   Code   RO         1843    i.RCC_PLLConfig     stm32f10x_rcc.o
    0x08003b8c   0x00000018   Code   RO         1846    i.RCC_SYSCLKConfig  stm32f10x_rcc.o
    0x08003ba4   0x00000074   Code   RO           31    i.RGBCtrTask        main.o
    0x08003c18   0x0000003c   Code   RO         1017    i.ReadRawRC         rc522.o
    0x08003c54   0x0000004c   Code   RO           32    i.ReaderErrPromt    main.o
    0x08003ca0   0x0000005c   Code   RO          713    i.SPI1_Init         spi.o
    0x08003cfc   0x00000054   Code   RO          714    i.SPI1_ReadWriteByte  spi.o
    0x08003d50   0x00000068   Code   RO          716    i.SPI2_Init         spi.o
    0x08003db8   0x00000054   Code   RO          717    i.SPI2_ReadWriteByte  spi.o
    0x08003e0c   0x00000028   Code   RO          718    i.SPI2_SetSpeed     spi.o
    0x08003e34   0x00000018   Code   RO         2022    i.SPI_Cmd           stm32f10x_spi.o
    0x08003e4c   0x00000012   Code   RO         2030    i.SPI_I2S_GetFlagStatus  stm32f10x_spi.o
    0x08003e5e   0x00000006   Code   RO         2033    i.SPI_I2S_ReceiveData  stm32f10x_spi.o
    0x08003e64   0x00000004   Code   RO         2034    i.SPI_I2S_SendData  stm32f10x_spi.o
    0x08003e68   0x0000003c   Code   RO         2035    i.SPI_Init          stm32f10x_spi.o
    0x08003ea4   0x00000022   Code   RO          866    i.STMFLASH_Read     stmflash.o
    0x08003ec6   0x00000006   Code   RO          867    i.STMFLASH_ReadHalfWord  stmflash.o
    0x08003ecc   0x000000f0   Code   RO          868    i.STMFLASH_Write    stmflash.o
    0x08003fbc   0x0000002a   Code   RO          870    i.STMFLASH_Write_NoCheck  stmflash.o
    0x08003fe6   0x00000002   Code   RO          441    i.SVC_Handler       stm32f10x_it.o
    0x08003fe8   0x00000014   Code   RO           33    i.SerRxOkInvalidIC  main.o
    0x08003ffc   0x00000014   Code   RO           34    i.SerRxOkNoMony     main.o
    0x08004010   0x00000044   Code   RO           35    i.SerRxOkXfOk       main.o
    0x08004054   0x0000001c   Code   RO         1019    i.SetBitMask        rc522.o
    0x08004070   0x0000004c   Code   RO           36    i.SetKeyWord        main.o
    0x080040bc   0x00000002   Code   RO          548    i.SetSysClock       system_stm32f10x.o
    0x080040be   0x00000002   PAD
    0x080040c0   0x0000003c   Code   RO           37    i.ShowSysICFlg      main.o
    0x080040fc   0x00000050   Code   RO           38    i.ShowSysID         main.o
    0x0800414c   0x000000b8   Code   RO           39    i.ShowSysTxRx       main.o
    0x08004204   0x00000066   Code   RO           40    i.SysClkSet         main.o
    0x0800426a   0x00000002   PAD
    0x0800426c   0x00000010   Code   RO           41    i.SysReset          main.o
    0x0800427c   0x00000028   Code   RO         1551    i.SysTick_CLKSourceConfig  misc.o
    0x080042a4   0x00000002   Code   RO          442    i.SysTick_Handler   stm32f10x_it.o
    0x080042a6   0x00000002   PAD
    0x080042a8   0x00000060   Code   RO          550    i.SystemInit        system_stm32f10x.o
    0x08004308   0x00000064   Code   RO          583    i.TESTOutCoinOK     framepkg.o
    0x0800436c   0x000001a0   Code   RO         1154    i.TIM3_IRQHandler   timerx.o
    0x0800450c   0x00000060   Code   RO         1155    i.TIM3_Int_Init     timerx.o
    0x0800456c   0x000000a4   Code   RO          931    i.TIM4_PWM_Init     led.o
    0x08004610   0x00000018   Code   RO         2519    i.TIM_ARRPreloadConfig  stm32f10x_tim.o
    0x08004628   0x00000006   Code   RO         2526    i.TIM_ClearITPendingBit  stm32f10x_tim.o
    0x0800462e   0x00000018   Code   RO         2531    i.TIM_Cmd           stm32f10x_tim.o
    0x08004646   0x00000002   PAD
    0x08004648   0x000001e8   Code   RO         2536    i.TIM_DeInit        stm32f10x_tim.o
    0x08004830   0x00000022   Code   RO         2552    i.TIM_GetITStatus   stm32f10x_tim.o
    0x08004852   0x00000012   Code   RO         2556    i.TIM_ITConfig      stm32f10x_tim.o
    0x08004864   0x00000098   Code   RO         2560    i.TIM_OC1Init       stm32f10x_tim.o
    0x080048fc   0x00000012   Code   RO         2563    i.TIM_OC1PreloadConfig  stm32f10x_tim.o
    0x0800490e   0x00000002   PAD
    0x08004910   0x000000a4   Code   RO         2565    i.TIM_OC2Init       stm32f10x_tim.o
    0x080049b4   0x0000001a   Code   RO         2568    i.TIM_OC2PreloadConfig  stm32f10x_tim.o
    0x080049ce   0x00000002   PAD
    0x080049d0   0x000000a0   Code   RO         2570    i.TIM_OC3Init       stm32f10x_tim.o
    0x08004a70   0x00000012   Code   RO         2573    i.TIM_OC3PreloadConfig  stm32f10x_tim.o
    0x08004a82   0x00000004   Code   RO         2592    i.TIM_SetCompare1   stm32f10x_tim.o
    0x08004a86   0x00000004   Code   RO         2593    i.TIM_SetCompare2   stm32f10x_tim.o
    0x08004a8a   0x00000004   Code   RO         2594    i.TIM_SetCompare3   stm32f10x_tim.o
    0x08004a8e   0x00000002   PAD
    0x08004a90   0x000000a4   Code   RO         2602    i.TIM_TimeBaseInit  stm32f10x_tim.o
    0x08004b34   0x00000088   Code   RO         1488    i.USART1_IRQHandler  usart.o
    0x08004bbc   0x00000018   Code   RO         2165    i.USART_Cmd         stm32f10x_usart.o
    0x08004bd4   0x0000009c   Code   RO         2167    i.USART_DeInit      stm32f10x_usart.o
    0x08004c70   0x00000054   Code   RO         2169    i.USART_GetITStatus  stm32f10x_usart.o
    0x08004cc4   0x0000004a   Code   RO         2171    i.USART_ITConfig    stm32f10x_usart.o
    0x08004d0e   0x00000002   PAD
    0x08004d10   0x000000d8   Code   RO         2172    i.USART_Init        stm32f10x_usart.o
    0x08004de8   0x0000000a   Code   RO         2179    i.USART_ReceiveData  stm32f10x_usart.o
    0x08004df2   0x00000004   Code   RO          443    i.UsageFault_Handler  stm32f10x_it.o
    0x08004df6   0x00000002   PAD
    0x08004df8   0x00000054   Code   RO           42    i.WriteDefaultSet   main.o
    0x08004e4c   0x0000009c   Code   RO           43    i.WriteParm         main.o
    0x08004ee8   0x00000034   Code   RO         1020    i.WriteRawRC        rc522.o
    0x08004f1c   0x00000060   Code   RO         1386    i.Write_ST7565R_COM  st7565r.o
    0x08004f7c   0x00000064   Code   RO         1387    i.Write_ST7565R_DISPLAY_DATA_serial_4SPI  st7565r.o
    0x08004fe0   0x0000000e   Code   RO         3342    i._is_digit         c_w.l(__printf_wp.o)
    0x08004fee   0x00000006   Code   RO         1489    i._sys_exit         usart.o
    0x08004ff4   0x00000044   Code   RO         1450    i.delay_init        delay.o
    0x08005038   0x0000004c   Code   RO         1451    i.delay_ms          delay.o
    0x08005084   0x00000012   Code   RO         1021    i.delay_ns          rc522.o
    0x08005096   0x00000002   PAD
    0x08005098   0x0000001c   Code   RO         1490    i.fputc             usart.o
    0x080050b4   0x00000118   Code   RO           46    i.main              main.o
    0x080051cc   0x000000b4   Code   RO          584    i.queue_find_cmd    framepkg.o
    0x08005280   0x00000030   Code   RO           52    i.showdbg8hex       main.o
    0x080052b0   0x00000070   Code   RO         1491    i.uart_init         usart.o
    0x08005320   0x0000000a   Data   RO          791    .constdata          24l01.o
    0x0800532a   0x00006770   Data   RO         1259    .constdata          lcd.o
    0x0800ba9a   0x00000028   Data   RO         3315    .constdata          c_w.l(_printf_hex_int.o)
    0x0800bac2   0x00000011   Data   RO         3345    .constdata          c_w.l(__printf_flags_wp.o)
    0x0800bad3   0x00000001   PAD
    0x0800bad4   0x00000020   Data   RO         3524    Region$$Table       anon$$obj.o


    Execution Region RW_IRAM1 (Base: 0x20000000, Size: 0x00003a50, Max: 0x00005000, ABSOLUTE)

    Base Addr    Size         Type   Attr      Idx    E Section Name        Object

    0x20000000   0x00000024   Data   RW           54    .data               main.o
    0x20000024   0x00000014   Data   RW          551    .data               system_stm32f10x.o
    0x20000038   0x00000008   Data   RW          585    .data               framepkg.o
    0x20000040   0x00000001   Data   RW         1194    .data               beep.o
    0x20000041   0x00000001   PAD
    0x20000042   0x00000004   Data   RW         1453    .data               delay.o
    0x20000046   0x00000002   PAD
    0x20000048   0x00000008   Data   RW         1493    .data               usart.o
    0x20000050   0x00000014   Data   RW         1849    .data               stm32f10x_rcc.o
    0x20000064   0x0000087a   Zero   RW           53    .bss                main.o
    0x200008de   0x00000400   Zero   RW          872    .bss                stmflash.o
    0x20000cde   0x00002648   Zero   RW         1258    .bss                lcd.o
    0x20003326   0x000000c8   Zero   RW         1492    .bss                usart.o
    0x200033ee   0x00000002   PAD
    0x200033f0   0x00000060   Zero   RW         3405    .bss                c_w.l(libspace.o)
    0x20003450   0x00000200   Zero   RW         1541    HEAP                startup_stm32f10x_md.o
    0x20003650   0x00000400   Zero   RW         1540    STACK               startup_stm32f10x_md.o


==============================================================================

Image component sizes


      Code (inc. data)   RO Data    RW Data    ZI Data      Debug   Object Name

       690         90         10          0          0       7153   24l01.o
       368         20          0          1          0       1261   beep.o
         0          0          0          0          0         32   core_cm3.o
       144         24          0          4          0       1604   delay.o
       188          8          0          0          0       1112   exti.o
      1008         76          0          8          0       4760   framepkg.o
      1644         56      26480          0       9800      11138   lcd.o
       492         18          0          0          0       1808   led.o
      7192        892          0         36       2170     269328   main.o
       176         24          0          0          0       2617   misc.o
       222          0          0          0          0       4514   queue.o
      1436         30          0          0          0      14411   rc522.o
       404         28          0          0          0     209582   spi.o
       340         52          0          0          0       2266   st7565r.o
        64         26        236          0       1536        772   startup_stm32f10x_md.o
       200         18          0          0          0       2656   stm32f10x_exti.o
       326         42          0          0          0       5591   stm32f10x_flash.o
       490         10          0          0          0       5308   stm32f10x_gpio.o
        26          0          0          0          0      62598   stm32f10x_it.o
        36         12          0          0          0       1314   stm32f10x_pwr.o
       640        104          0         20          0      13289   stm32f10x_rcc.o
       112          0          0          0          0       4646   stm32f10x_spi.o
      1308        146          0          0          0      12767   stm32f10x_tim.o
       564         28          0          0          0       6529   stm32f10x_usart.o
       322         16          0          0       1024       4297   stmflash.o
        12          0          0          0          0        593   sys.o
        98         18          0         20          0       2001   system_stm32f10x.o
       852         56          0          0          0       2506   timerx.o
       282         26          0          8        200       4868   usart.o
         4          0          0          0          0       1180   wdg.o

    ----------------------------------------------------------------------
     19690       1820      26758        100      14732     662501   Object Totals
         0          0         32          0          0          0   (incl. Generated)
        50          0          0          3          2          0   (incl. Padding)

    ----------------------------------------------------------------------

      Code (inc. data)   RO Data    RW Data    ZI Data      Debug   Library Member Name

         8          0          0          0          0         68   __main.o
       316          6         17          0          0         92   __printf_flags_wp.o
        14          0          0          0          0         68   __printf_wp.o
        52          8          0          0          0          0   __scatter.o
        26          0          0          0          0          0   __scatter_copy.o
        28          0          0          0          0          0   __scatter_zi.o
        48          6          0          0          0         96   _printf_char_common.o
        36          4          0          0          0         80   _printf_char_file.o
         6          0          0          0          0          0   _printf_d.o
       120         18          0          0          0         92   _printf_dec.o
        92          4         40          0          0         88   _printf_hex_int.o
       184          0          0          0          0         88   _printf_intcommon.o
        82          0          0          0          0        108   _printf_pad.o
         0          0          0          0          0          0   _printf_percent.o
         4          0          0          0          0          0   _printf_percent_end.o
         6          0          0          0          0          0   _printf_x.o
        12          0          0          0          0         72   exit.o
         8          0          0          0          0         68   ferror.o
         6          0          0          0          0        152   heapauxi.o
         2          0          0          0          0          0   libinit.o
         2          0          0          0          0          0   libinit2.o
         2          0          0          0          0          0   libshutdown.o
         2          0          0          0          0          0   libshutdown2.o
         8          4          0          0         96         68   libspace.o
        24          4          0          0          0         84   noretval__2printf.o
        68          0          0          0          0         68   rt_memclr.o
        78          0          0          0          0         80   rt_memclr_w.o
         0          0          0          0          0          0   rtentry.o
        12          0          0          0          0          0   rtentry2.o
         6          0          0          0          0          0   rtentry4.o
         2          0          0          0          0          0   rtexit.o
        10          0          0          0          0          0   rtexit2.o
        74          0          0          0          0         80   sys_stackheap_outer.o
         2          0          0          0          0         68   use_no_semi.o
         2          0          0          0          0         68   use_no_semi_2.o

    ----------------------------------------------------------------------
      1354         54         58          0         96       1588   Library Totals
        12          0          1          0          0          0   (incl. Padding)

    ----------------------------------------------------------------------

      Code (inc. data)   RO Data    RW Data    ZI Data      Debug   Library Name

      1342         54         57          0         96       1588   c_w.l

    ----------------------------------------------------------------------
      1354         54         58          0         96       1588   Library Totals

    ----------------------------------------------------------------------

==============================================================================


      Code (inc. data)   RO Data    RW Data    ZI Data      Debug   

     21044       1874      26816        100      14828     652545   Grand Totals
     21044       1874      26816        100      14828     652545   ELF Image Totals
     21044       1874      26816        100          0          0   ROM Totals

==============================================================================

    Total RO  Size (Code + RO Data)                47860 (  46.74kB)
    Total RW  Size (RW Data + ZI Data)             14928 (  14.58kB)
    Total ROM Size (Code + RO Data + RW Data)      47960 (  46.84kB)

==============================================================================

