ARM Linker, 5.03 [Build 24] [MDK-ARM Professional]

==============================================================================

Section Cross References

    main.o(i.AjstBLED) refers to stm32f10x_tim.o(i.TIM_SetCompare3) for TIM_SetCompare3
    main.o(i.AjstGLED) refers to stm32f10x_tim.o(i.TIM_SetCompare1) for TIM_SetCompare1
    main.o(i.AjstRLED) refers to stm32f10x_tim.o(i.TIM_SetCompare2) for TIM_SetCompare2
    main.o(i.ExplainParm) refers to stmflash.o(i.STMFLASH_Read) for STMFLASH_Read
    main.o(i.ExplainParm) refers to main.o(.bss) for Config
    main.o(i.FindSnCmd) refers to main.o(.bss) for FrameBuf
    main.o(i.GateSig) refers to main.o(.bss) for SysVar
    main.o(i.GateSig) refers to main.o(.data) for st
    main.o(i.LEDTask) refers to main.o(.bss) for Dly_Var
    main.o(i.LoadConfigPar) refers to stmflash.o(i.STMFLASH_Read) for STMFLASH_Read
    main.o(i.LoadConfigPar) refers to main.o(i.WriteDefaultSet) for WriteDefaultSet
    main.o(i.LoadConfigPar) refers to main.o(i.ExplainParm) for ExplainParm
    main.o(i.MoveCmdBf) refers to main.o(.bss) for FrameBuf
    main.o(i.NetDatExp) refers to framepkg.o(i.queue_find_cmd) for queue_find_cmd
    main.o(i.NetDatExp) refers to noretval__2printf.o(.text) for __2printf
    main.o(i.NetDatExp) refers to main.o(i.showdbg8hex) for showdbg8hex
    main.o(i.NetDatExp) refers to memcmp.o(.text) for memcmp
    main.o(i.NetDatExp) refers to main.o(i.FindSnCmd) for FindSnCmd
    main.o(i.NetDatExp) refers to main.o(i.MoveCmdBf) for MoveCmdBf
    main.o(i.NetDatExp) refers to main.o(i.prtAllCmd) for prtAllCmd
    main.o(i.NetDatExp) refers to framepkg.o(i.AckOutCoinSta) for AckOutCoinSta
    main.o(i.NetDatExp) refers to main.o(i.WriteParm) for WriteParm
    main.o(i.NetDatExp) refers to main.o(i.ExplainParm) for ExplainParm
    main.o(i.NetDatExp) refers to main.o(i.PrintCfgPar) for PrintCfgPar
    main.o(i.NetDatExp) refers to framepkg.o(i.FrameUpDxConfig) for FrameUpDxConfig
    main.o(i.NetDatExp) refers to framepkg.o(i.AckTest) for AckTest
    main.o(i.NetDatExp) refers to main.o(.data) for L01_Ctr
    main.o(i.NetDatExp) refers to main.o(.bss) for TxMsgBuf
    main.o(i.Nrf24l01Task) refers to 24l01.o(i.NRF24L01_TX_Mode) for NRF24L01_TX_Mode
    main.o(i.Nrf24l01Task) refers to 24l01.o(i.NRF24L01_TxPacket) for NRF24L01_TxPacket
    main.o(i.Nrf24l01Task) refers to 24l01.o(i.NRF24L01_RX_Mode) for NRF24L01_RX_Mode
    main.o(i.Nrf24l01Task) refers to 24l01.o(i.NRF24L01_RxPacket) for NRF24L01_RxPacket
    main.o(i.Nrf24l01Task) refers to queue.o(i.EnQueuex) for EnQueuex
    main.o(i.Nrf24l01Task) refers to main.o(.data) for txflgstaNew
    main.o(i.Nrf24l01Task) refers to main.o(.bss) for Config
    main.o(i.PrintCfgPar) refers to _printf_percent.o(.ARM.Collect$$_printf_percent$$00000000) for _printf_percent
    main.o(i.PrintCfgPar) refers to _printf_x.o(.ARM.Collect$$_printf_percent$$0000000C) for _printf_x
    main.o(i.PrintCfgPar) refers to _printf_hex_int.o(.text) for _printf_longlong_hex
    main.o(i.PrintCfgPar) refers to _printf_d.o(.ARM.Collect$$_printf_percent$$00000009) for _printf_d
    main.o(i.PrintCfgPar) refers to _printf_dec.o(.text) for _printf_int_dec
    main.o(i.PrintCfgPar) refers to noretval__2printf.o(.text) for __2printf
    main.o(i.PrintCfgPar) refers to main.o(.bss) for Config
    main.o(i.RC522Task) refers to rc522.o(i.PcdRequest) for PcdRequest
    main.o(i.RC522Task) refers to rc522.o(i.PcdAnticoll) for PcdAnticoll
    main.o(i.RC522Task) refers to rc522.o(i.PcdSelect) for PcdSelect
    main.o(i.RC522Task) refers to memcmp.o(.text) for memcmp
    main.o(i.RC522Task) refers to framepkg.o(i.FrameUpDxICImfor) for FrameUpDxICImfor
    main.o(i.RC522Task) refers to rc522.o(i.PcdHalt) for PcdHalt
    main.o(i.RC522Task) refers to main.o(.bss) for RC522Ctr
    main.o(i.RC522Task) refers to main.o(.data) for snnew
    main.o(i.RGBCtrTask) refers to main.o(i.AjstRLED) for AjstRLED
    main.o(i.RGBCtrTask) refers to main.o(i.AjstGLED) for AjstGLED
    main.o(i.RGBCtrTask) refers to main.o(i.AjstBLED) for AjstBLED
    main.o(i.RGBCtrTask) refers to main.o(.bss) for Dly_Var
    main.o(i.RGBCtrTask) refers to main.o(.data) for rst
    main.o(i.WriteDefaultSet) refers to main.o(i.WriteParm) for WriteParm
    main.o(i.WriteDefaultSet) refers to main.o(.bss) for Config
    main.o(i.WriteParm) refers to stmflash.o(i.STMFLASH_Write) for STMFLASH_Write
    main.o(i.WriteParm) refers to main.o(.bss) for Config
    main.o(i.app_get_rand) refers to main.o(.data) for random_seed
    main.o(i.getChipID) refers to main.o(.bss) for ChipUniqueID
    main.o(i.getChipID) refers to main.o(.data) for random_seed
    main.o(i.main) refers to stm32f10x_rcc.o(i.RCC_APB2PeriphClockCmd) for RCC_APB2PeriphClockCmd
    main.o(i.main) refers to stm32f10x_gpio.o(i.GPIO_PinRemapConfig) for GPIO_PinRemapConfig
    main.o(i.main) refers to led.o(i.GPIOInit) for GPIOInit
    main.o(i.main) refers to delay.o(i.delay_init) for delay_init
[...]
    .ARM.Collect$$libinit$$0000001B          0x08000192   Section        0  libinit2.o(.ARM.Collect$$libinit$$0000001B)
    .ARM.Collect$$libinit$$0000001D          0x08000192   Section        0  libinit2.o(.ARM.Collect$$libinit$$0000001D)
    .ARM.Collect$$libinit$$0000001F          0x08000192   Section        0  libinit2.o(.ARM.Collect$$libinit$$0000001F)
    .ARM.Collect$$libinit$$00000021          0x08000192   Section        0  libinit2.o(.ARM.Collect$$libinit$$00000021)
    .ARM.Collect$$libinit$$00000023          0x08000192   Section        0  libinit2.o(.ARM.Collect$$libinit$$00000023)
    .ARM.Collect$$libinit$$0000002A          0x08000192   Section        0  libinit2.o(.ARM.Collect$$libinit$$0000002A)
    .ARM.Collect$$libinit$$0000002C          0x08000192   Section        0  libinit2.o(.ARM.Collect$$libinit$$0000002C)
    .ARM.Collect$$libinit$$0000002E          0x08000192   Section        0  libinit2.o(.ARM.Collect$$libinit$$0000002E)
    .ARM.Collect$$libinit$$00000030          0x08000192   Section        0  libinit2.o(.ARM.Collect$$libinit$$00000030)
    .ARM.Collect$$libinit$$00000031          0x08000192   Section        2  libinit2.o(.ARM.Collect$$libinit$$00000031)
    .ARM.Collect$$libshutdown$$00000000      0x08000194   Section        2  libshutdown.o(.ARM.Collect$$libshutdown$$00000000)
    .ARM.Collect$$libshutdown$$00000003      0x08000196   Section        0  libshutdown2.o(.ARM.Collect$$libshutdown$$00000003)
    .ARM.Collect$$libshutdown$$00000006      0x08000196   Section        0  libshutdown2.o(.ARM.Collect$$libshutdown$$00000006)
    .ARM.Collect$$libshutdown$$00000009      0x08000196   Section        0  libshutdown2.o(.ARM.Collect$$libshutdown$$00000009)
    .ARM.Collect$$libshutdown$$0000000B      0x08000196   Section        0  libshutdown2.o(.ARM.Collect$$libshutdown$$0000000B)
    .ARM.Collect$$libshutdown$$0000000E      0x08000196   Section        0  libshutdown2.o(.ARM.Collect$$libshutdown$$0000000E)
    .ARM.Collect$$libshutdown$$0000000F      0x08000196   Section        2  libshutdown2.o(.ARM.Collect$$libshutdown$$0000000F)
    .ARM.Collect$$rtentry$$00000000          0x08000198   Section        0  rtentry.o(.ARM.Collect$$rtentry$$00000000)
    .ARM.Collect$$rtentry$$00000002          0x08000198   Section        0  rtentry2.o(.ARM.Collect$$rtentry$$00000002)
    .ARM.Collect$$rtentry$$00000004          0x08000198   Section        6  rtentry4.o(.ARM.Collect$$rtentry$$00000004)
    .ARM.Collect$$rtentry$$00000009          0x0800019e   Section        0  rtentry2.o(.ARM.Collect$$rtentry$$00000009)
    .ARM.Collect$$rtentry$$0000000A          0x0800019e   Section        4  rtentry2.o(.ARM.Collect$$rtentry$$0000000A)
    .ARM.Collect$$rtentry$$0000000C          0x080001a2   Section        0  rtentry2.o(.ARM.Collect$$rtentry$$0000000C)
    .ARM.Collect$$rtentry$$0000000D          0x080001a2   Section        8  rtentry2.o(.ARM.Collect$$rtentry$$0000000D)
    .ARM.Collect$$rtexit$$00000000           0x080001aa   Section        2  rtexit.o(.ARM.Collect$$rtexit$$00000000)
    .ARM.Collect$$rtexit$$00000002           0x080001ac   Section        0  rtexit2.o(.ARM.Collect$$rtexit$$00000002)
    .ARM.Collect$$rtexit$$00000003           0x080001ac   Section        4  rtexit2.o(.ARM.Collect$$rtexit$$00000003)
    .ARM.Collect$$rtexit$$00000004           0x080001b0   Section        6  rtexit2.o(.ARM.Collect$$rtexit$$00000004)
    .text                                    0x080001b8   Section       64  startup_stm32f10x_md.o(.text)
    .text                                    0x080001f8   Section        2  use_no_semi_2.o(.text)
    .text                                    0x080001fc   Section        0  noretval__2printf.o(.text)
    .text                                    0x08000214   Section        0  __printf.o(.text)
    .text                                    0x0800027c   Section        0  _printf_dec.o(.text)
    .text                                    0x080002f4   Section        0  _printf_hex_int.o(.text)
    .text                                    0x08000350   Section        0  memcmp.o(.text)
    .text                                    0x080003a8   Section        0  heapauxi.o(.text)
    .text                                    0x080003ae   Section        2  use_no_semi.o(.text)
    .text                                    0x080003b0   Section        0  _printf_intcommon.o(.text)
    .text                                    0x08000468   Section        0  _printf_char_file.o(.text)
    .text                                    0x0800048c   Section        0  _printf_char_common.o(.text)
    _printf_input_char                       0x0800048d   Thumb Code    10  _printf_char_common.o(.text)
    .text                                    0x080004bc   Section        0  ferror.o(.text)
    .text                                    0x080004c4   Section       74  sys_stackheap_outer.o(.text)
    .text                                    0x0800050e   Section        0  exit.o(.text)
    .text                                    0x0800051c   Section        8  libspace.o(.text)
    i.AckOutCoinSta                          0x08000524   Section        0  framepkg.o(i.AckOutCoinSta)
    i.AckTest                                0x080005a8   Section        0  framepkg.o(i.AckTest)
    i.AjstBLED                               0x080005f8   Section        0  main.o(i.AjstBLED)
    i.AjstGLED                               0x0800060c   Section        0  main.o(i.AjstGLED)
    i.AjstRLED                               0x08000620   Section        0  main.o(i.AjstRLED)
    i.BeepCtr                                0x08000634   Section        0  beep.o(i.BeepCtr)
    i.BeepIOInit                             0x08000640   Section        0  led.o(i.BeepIOInit)
    i.BeepTask                               0x08000678   Section        0  beep.o(i.BeepTask)
    i.BusFault_Handler                       0x08000780   Section        0  stm32f10x_it.o(i.BusFault_Handler)
    i.CalulateCRC                            0x08000784   Section        0  rc522.o(i.CalulateCRC)
    i.ClearBitMask                           0x080007ee   Section        0  rc522.o(i.ClearBitMask)
    i.ClearQ                                 0x0800080a   Section        0  queue.o(i.ClearQ)
    i.CoinIOInit                             0x08000814   Section        0  led.o(i.CoinIOInit)
    i.CreateLanQueue                         0x08000848   Section        0  queue.o(i.CreateLanQueue)
    i.DeQueue                                0x08000852   Section        0  queue.o(i.DeQueue)
    i.DebugMon_Handler                       0x08000888   Section        0  stm32f10x_it.o(i.DebugMon_Handler)
    i.DisplayOneEye                          0x0800088c   Section        0  st7588.o(i.DisplayOneEye)
    i.Displayxiaoji                          0x0800091c   Section        0  st7588.o(i.Displayxiaoji)
    i.Draw_Circle                            0x080009ac   Section        0  st7588.o(i.Draw_Circle)
    i.EmptyLanQueue                          0x08000a54   Section        0  queue.o(i.EmptyLanQueue)
    i.EnQueue                                0x08000a66   Section        0  queue.o(i.EnQueue)
    i.EnQueuex                               0x08000a9a   Section        0  queue.o(i.EnQueuex)
    i.ExplainParm                            0x08000ac4   Section        0  main.o(i.ExplainParm)
    i.FLASH_ErasePage                        0x08000b38   Section        0  stm32f10x_flash.o(i.FLASH_ErasePage)
    i.FLASH_GetBank1Status                   0x08000b84   Section        0  stm32f10x_flash.o(i.FLASH_GetBank1Status)
    i.FLASH_Lock                             0x08000bb8   Section        0  stm32f10x_flash.o(i.FLASH_Lock)
    i.FLASH_ProgramHalfWord                  0x08000bcc   Section        0  stm32f10x_flash.o(i.FLASH_ProgramHalfWord)
    i.FLASH_Unlock                           0x08000c0c   Section        0  stm32f10x_flash.o(i.FLASH_Unlock)
    i.FLASH_WaitForLastOperation             0x08000c24   Section        0  stm32f10x_flash.o(i.FLASH_WaitForLastOperation)
    i.FindSnCmd                              0x08000c4c   Section        0  main.o(i.FindSnCmd)
    i.FrameUpDxConfig                        0x08000c90   Section        0  framepkg.o(i.FrameUpDxConfig)
    i.FrameUpDxICImfor                       0x08000d10   Section        0  framepkg.o(i.FrameUpDxICImfor)
    i.FullLanQueue                           0x08000d94   Section        0  queue.o(i.FullLanQueue)
    i.GPIOInit                               0x08000db4   Section        0  led.o(i.GPIOInit)
    i.GPIO_Init                              0x08000ddc   Section        0  stm32f10x_gpio.o(i.GPIO_Init)
    i.GPIO_PinRemapConfig                    0x08000ef0   Section        0  stm32f10x_gpio.o(i.GPIO_PinRemapConfig)
    i.GPIO_ResetBits                         0x08000f80   Section        0  stm32f10x_gpio.o(i.GPIO_ResetBits)
    i.GPIO_SetBits                           0x08000f84   Section        0  stm32f10x_gpio.o(i.GPIO_SetBits)
    i.GateSig                                0x08000f88   Section        0  main.o(i.GateSig)
    i.HDReset                                0x08001030   Section        0  st7588.o(i.HDReset)
    i.HardFault_Handler                      0x08001058   Section        0  stm32f10x_it.o(i.HardFault_Handler)
    i.InitRc522                              0x0800105c   Section        0  rc522.o(i.InitRc522)
    i.Init_ST7588                            0x0800107c   Section        0  st7588.o(i.Init_ST7588)
    i.LCDDisplayTask                         0x080010c0   Section        0  st7588.o(i.LCDDisplayTask)
    i.LCDIOInit                              0x08001194   Section        0  led.o(i.LCDIOInit)
    i.LCDInit                                0x080011f0   Section        0  st7588.o(i.LCDInit)
    i.LCDRefresh_Gram                        0x080011fc   Section        0  st7588.o(i.LCDRefresh_Gram)
    i.LCDShowHZList                          0x0800125c   Section        0  st7588.o(i.LCDShowHZList)
    i.LCDShowICInfo                          0x080012a8   Section        0  st7588.o(i.LCDShowICInfo)
    i.LCDShowIdeFlash                        0x0800136c   Section        0  st7588.o(i.LCDShowIdeFlash)
    i.LCDShowInvalidICInfo                   0x080014ec   Section        0  st7588.o(i.LCDShowInvalidICInfo)
    i.LCDShowNo2_4gInfo                      0x08001508   Section        0  st7588.o(i.LCDShowNo2_4gInfo)
    i.LCDShowNoLnkInfo                       0x08001528   Section        0  st7588.o(i.LCDShowNoLnkInfo)
    i.LCDShowNoMonyInfo                      0x08001544   Section        0  st7588.o(i.LCDShowNoMonyInfo)
    i.LCD_Clear                              0x080015c0   Section        0  st7588.o(i.LCD_Clear)
    i.LCD_DrawPoint                          0x080015f0   Section        0  st7588.o(i.LCD_DrawPoint)
    i.LCD_ShowChar                           0x08001668   Section        0  st7588.o(i.LCD_ShowChar)
    i.LCD_ShowNum                            0x08001710   Section        0  st7588.o(i.LCD_ShowNum)
    i.LCD_ShowString                         0x080017a4   Section        0  st7588.o(i.LCD_ShowString)
    i.LCD_Showhz                             0x080017e8   Section        0  st7588.o(i.LCD_Showhz)
    i.LCD_pow                                0x080018a4   Section        0  st7588.o(i.LCD_pow)
    i.LEDTask                                0x080018bc   Section        0  main.o(i.LEDTask)
    i.LED_Init                               0x080018fc   Section        0  led.o(i.LED_Init)
    i.LoadConfigPar                          0x08001958   Section        0  main.o(i.LoadConfigPar)
    i.M500PcdConfigISOType                   0x0800197c   Section        0  rc522.o(i.M500PcdConfigISOType)
    i.MemManage_Handler                      0x080019da   Section        0  stm32f10x_it.o(i.MemManage_Handler)
    i.MoveCmdBf                              0x080019e0   Section        0  main.o(i.MoveCmdBf)
    i.NMI_Handler                            0x08001a38   Section        0  stm32f10x_it.o(i.NMI_Handler)
    i.NRF24L01_Check                         0x08001a3c   Section        0  24l01.o(i.NRF24L01_Check)
    i.NRF24L01_Init                          0x08001a88   Section        0  24l01.o(i.NRF24L01_Init)
    i.NRF24L01_RX_Mode                       0x08001abc   Section        0  24l01.o(i.NRF24L01_RX_Mode)
    i.NRF24L01_Read_Buf                      0x08001b1c   Section        0  24l01.o(i.NRF24L01_Read_Buf)
    i.NRF24L01_Read_Reg                      0x08001b58   Section        0  24l01.o(i.NRF24L01_Read_Reg)
    i.NRF24L01_RxPacket                      0x08001b84   Section        0  24l01.o(i.NRF24L01_RxPacket)
    i.NRF24L01_TX_Mode                       0x08001bc4   Section        0  24l01.o(i.NRF24L01_TX_Mode)
    i.NRF24L01_TxPacket                      0x08001c30   Section        0  24l01.o(i.NRF24L01_TxPacket)
    i.NRF24L01_Write_Buf                     0x08001ca0   Section        0  24l01.o(i.NRF24L01_Write_Buf)
    i.NRF24L01_Write_Reg                     0x08001cdc   Section        0  24l01.o(i.NRF24L01_Write_Reg)
    i.NVIC_Configuration                     0x08001d0c   Section        0  sys.o(i.NVIC_Configuration)
    i.NVIC_Init                              0x08001d18   Section        0  misc.o(i.NVIC_Init)
    i.NVIC_PriorityGroupConfig               0x08001d8c   Section        0  misc.o(i.NVIC_PriorityGroupConfig)
    i.NetDatExp                              0x08001da0   Section        0  main.o(i.NetDatExp)
    i.Nrf24L01IOInit                         0x08002194   Section        0  led.o(i.Nrf24L01IOInit)
    i.Nrf24l01Task                           0x0800225c   Section        0  main.o(i.Nrf24l01Task)
    i.PcdAntennaOff                          0x08002364   Section        0  rc522.o(i.PcdAntennaOff)
    i.PcdAntennaOn                           0x08002370   Section        0  rc522.o(i.PcdAntennaOn)
    i.PcdAnticoll                            0x0800238a   Section        0  rc522.o(i.PcdAnticoll)
    i.PcdComMF522                            0x080023fa   Section        0  rc522.o(i.PcdComMF522)
    i.PcdHalt                                0x08002534   Section        0  rc522.o(i.PcdHalt)
    i.PcdRequest                             0x08002568   Section        0  rc522.o(i.PcdRequest)
    i.PcdReset                               0x080025c0   Section        0  rc522.o(i.PcdReset)
    i.PcdSelect                              0x08002640   Section        0  rc522.o(i.PcdSelect)
    i.PendSV_Handler                         0x080026b4   Section        0  stm32f10x_it.o(i.PendSV_Handler)
    i.PrintCfgPar                            0x080026b8   Section        0  main.o(i.PrintCfgPar)
    i.QueueDatLen                            0x08002850   Section        0  queue.o(i.QueueDatLen)
    i.RC522IOInit                            0x08002858   Section        0  led.o(i.RC522IOInit)
    i.RC522Task                              0x080028f4   Section        0  main.o(i.RC522Task)
    i.RCC_APB1PeriphClockCmd                 0x08002a00   Section        0  stm32f10x_rcc.o(i.RCC_APB1PeriphClockCmd)
    i.RCC_APB1PeriphResetCmd                 0x08002a20   Section        0  stm32f10x_rcc.o(i.RCC_APB1PeriphResetCmd)
    i.RCC_APB2PeriphClockCmd                 0x08002a40   Section        0  stm32f10x_rcc.o(i.RCC_APB2PeriphClockCmd)
    i.RCC_APB2PeriphResetCmd                 0x08002a60   Section        0  stm32f10x_rcc.o(i.RCC_APB2PeriphResetCmd)
    i.RCC_GetClocksFreq                      0x08002a80   Section        0  stm32f10x_rcc.o(i.RCC_GetClocksFreq)
    i.RGBCtrTask                             0x08002b54   Section        0  main.o(i.RGBCtrTask)
    i.RGB_LEDInit                            0x08002e04   Section        0  led.o(i.RGB_LEDInit)
    i.ReadRawRC                              0x08002e4c   Section        0  rc522.o(i.ReadRawRC)
    i.ReserveIO_Init                         0x08002e88   Section        0  led.o(i.ReserveIO_Init)
    i.SPI1_Init                              0x08002ec0   Section        0  spi.o(i.SPI1_Init)
    i.SPI1_ReadWriteByte                     0x08002f1c   Section        0  spi.o(i.SPI1_ReadWriteByte)
    i.SPI2_Init                              0x08002f70   Section        0  spi.o(i.SPI2_Init)
    i.SPI2_ReadWriteByte                     0x08002fd8   Section        0  spi.o(i.SPI2_ReadWriteByte)
    i.SPI2_SetSpeed                          0x0800302c   Section        0  spi.o(i.SPI2_SetSpeed)
    i.SPI_Cmd                                0x08003054   Section        0  stm32f10x_spi.o(i.SPI_Cmd)
    i.SPI_I2S_GetFlagStatus                  0x0800306c   Section        0  stm32f10x_spi.o(i.SPI_I2S_GetFlagStatus)
    i.SPI_I2S_ReceiveData                    0x0800307e   Section        0  stm32f10x_spi.o(i.SPI_I2S_ReceiveData)
    i.SPI_I2S_SendData                       0x08003084   Section        0  stm32f10x_spi.o(i.SPI_I2S_SendData)
    i.SPI_Init                               0x08003088   Section        0  stm32f10x_spi.o(i.SPI_Init)
    i.STMFLASH_Read                          0x080030c4   Section        0  stmflash.o(i.STMFLASH_Read)
    i.STMFLASH_ReadHalfWord                  0x080030e6   Section        0  stmflash.o(i.STMFLASH_ReadHalfWord)
    i.STMFLASH_Write                         0x080030ec   Section        0  stmflash.o(i.STMFLASH_Write)
    i.STMFLASH_Write_NoCheck                 0x080031d4   Section        0  stmflash.o(i.STMFLASH_Write_NoCheck)
    i.SVC_Handler                            0x080031fa   Section        0  stm32f10x_it.o(i.SVC_Handler)
    i.SetBitMask                             0x080031fc   Section        0  rc522.o(i.SetBitMask)
    i.SetSysClock                            0x08003218   Section        0  system_stm32f10x.o(i.SetSysClock)
    SetSysClock                              0x08003219   Thumb Code     8  system_stm32f10x.o(i.SetSysClock)
    i.SetSysClockTo72                        0x08003220   Section        0  system_stm32f10x.o(i.SetSysClockTo72)
    SetSysClockTo72                          0x08003221   Thumb Code   212  system_stm32f10x.o(i.SetSysClockTo72)
    i.SysTick_CLKSourceConfig                0x080032fc   Section        0  misc.o(i.SysTick_CLKSourceConfig)
    i.SysTick_Handler                        0x08003324   Section        0  stm32f10x_it.o(i.SysTick_Handler)
    i.SystemInit                             0x08003328   Section        0  system_stm32f10x.o(i.SystemInit)
    i.TIM3_IRQHandler                        0x08003388   Section        0  timerx.o(i.TIM3_IRQHandler)
    i.TIM3_Int_Init                          0x08003480   Section        0  timerx.o(i.TIM3_Int_Init)
    i.TIM4_PWM_Init                          0x080034e0   Section        0  led.o(i.TIM4_PWM_Init)
    TIM4_PWM_Init                            0x080034e1   Thumb Code   158  led.o(i.TIM4_PWM_Init)
    i.TIM_ARRPreloadConfig                   0x08003584   Section        0  stm32f10x_tim.o(i.TIM_ARRPreloadConfig)
    i.TIM_ClearITPendingBit                  0x0800359c   Section        0  stm32f10x_tim.o(i.TIM_ClearITPendingBit)
    i.TIM_Cmd                                0x080035a2   Section        0  stm32f10x_tim.o(i.TIM_Cmd)
    i.TIM_DeInit                             0x080035bc   Section        0  stm32f10x_tim.o(i.TIM_DeInit)
    i.TIM_GetITStatus                        0x080037a4   Section        0  stm32f10x_tim.o(i.TIM_GetITStatus)
    i.TIM_ITConfig                           0x080037c6   Section        0  stm32f10x_tim.o(i.TIM_ITConfig)
    i.TIM_OC1Init                            0x080037d8   Section        0  stm32f10x_tim.o(i.TIM_OC1Init)
    i.TIM_OC1PreloadConfig                   0x08003870   Section        0  stm32f10x_tim.o(i.TIM_OC1PreloadConfig)
    i.TIM_OC2Init                            0x08003884   Section        0  stm32f10x_tim.o(i.TIM_OC2Init)
    i.TIM_OC2PreloadConfig                   0x08003928   Section        0  stm32f10x_tim.o(i.TIM_OC2PreloadConfig)
    i.TIM_OC3Init                            0x08003944   Section        0  stm32f10x_tim.o(i.TIM_OC3Init)
    i.TIM_OC3PreloadConfig                   0x080039e4   Section        0  stm32f10x_tim.o(i.TIM_OC3PreloadConfig)
    i.TIM_SetCompare1                        0x080039f6   Section        0  stm32f10x_tim.o(i.TIM_SetCompare1)
    i.TIM_SetCompare2                        0x080039fa   Section        0  stm32f10x_tim.o(i.TIM_SetCompare2)
    i.TIM_SetCompare3                        0x080039fe   Section        0  stm32f10x_tim.o(i.TIM_SetCompare3)
    i.TIM_TimeBaseInit                       0x08003a04   Section        0  stm32f10x_tim.o(i.TIM_TimeBaseInit)
    i.UARTIOInit                             0x08003aa8   Section        0  led.o(i.UARTIOInit)
    i.USART1_IRQHandler                      0x08003aec   Section        0  usart.o(i.USART1_IRQHandler)
    i.USART_Cmd                              0x08003b74   Section        0  stm32f10x_usart.o(i.USART_Cmd)
    i.USART_DeInit                           0x08003b8c   Section        0  stm32f10x_usart.o(i.USART_DeInit)
    i.USART_GetITStatus                      0x08003c28   Section        0  stm32f10x_usart.o(i.USART_GetITStatus)
    i.USART_ITConfig                         0x08003c7c   Section        0  stm32f10x_usart.o(i.USART_ITConfig)
    i.USART_Init                             0x08003cc8   Section        0  stm32f10x_usart.o(i.USART_Init)
    i.USART_ReceiveData                      0x08003da0   Section        0  stm32f10x_usart.o(i.USART_ReceiveData)
    i.UsageFault_Handler                     0x08003daa   Section        0  stm32f10x_it.o(i.UsageFault_Handler)
    i.WriteDefaultSet                        0x08003db0   Section        0  main.o(i.WriteDefaultSet)
    i.WriteParm                              0x08003de8   Section        0  main.o(i.WriteParm)
    i.WriteRawRC                             0x08003e5c   Section        0  rc522.o(i.WriteRawRC)
    i.Write_ST7588_COM                       0x08003e90   Section        0  st7588.o(i.Write_ST7588_COM)
    i.Write_ST7588_DISPLAY_DATA_serial_4SPI  0x08003ef4   Section        0  st7588.o(i.Write_ST7588_DISPLAY_DATA_serial_4SPI)
    i._sys_exit                              0x08003f5c   Section        0  usart.o(i._sys_exit)
    i.app_get_rand                           0x08003f64   Section        0  main.o(i.app_get_rand)
    i.delay_init                             0x08003f8c   Section        0  delay.o(i.delay_init)
    i.delay_ms                               0x08003fd0   Section        0  delay.o(i.delay_ms)
    i.delay_ns                               0x0800401c   Section        0  rc522.o(i.delay_ns)
    i.fputc                                  0x08004030   Section        0  usart.o(i.fputc)
    i.main                                   0x0800404c   Section        0  main.o(i.main)
    i.prtAllCmd                              0x08004174   Section        0  main.o(i.prtAllCmd)
    i.queue_find_cmd                         0x080041e4   Section        0  framepkg.o(i.queue_find_cmd)
    i.showdbg8hex                            0x08004298   Section        0  main.o(i.showdbg8hex)
    i.uart_init                              0x080042c4   Section        0  usart.o(i.uart_init)
    .constdata                               0x08004334   Section       10  24l01.o(.constdata)
    .constdata                               0x0800433e   Section     7793  st7588.o(.constdata)
    .constdata                               0x080061af   Section       40  _printf_hex_int.o(.constdata)
    uc_hextab                                0x080061af   Data          20  _printf_hex_int.o(.constdata)
    lc_hextab                                0x080061c3   Data          20  _printf_hex_int.o(.constdata)
    .data                                    0x20000000   Section       27  main.o(.data)
    st                                       0x2000000c   Data           1  main.o(.data)
    snold                                    0x2000000d   Data           4  main.o(.data)
    snnew                                    0x20000011   Data           4  main.o(.data)
    txflgstaNew                              0x20000015   Data           1  main.o(.data)
    txflgstaold                              0x20000016   Data           1  main.o(.data)
    .data                                    0x2000001c   Section       20  system_stm32f10x.o(.data)
    .data                                    0x20000030   Section        8  framepkg.o(.data)
    cmd_state                                0x20000030   Data           4  framepkg.o(.data)
    cmd_pos                                  0x20000034   Data           4  framepkg.o(.data)
    .data                                    0x20000038   Section        1  beep.o(.data)
    st                                       0x20000038   Data           1  beep.o(.data)
    .data                                    0x20000039   Section     1323  st7588.o(.data)
    st                                       0x20000561   Data           1  st7588.o(.data)
    tyo                                      0x20000562   Data           1  st7588.o(.data)
    tyn                                      0x20000563   Data           1  st7588.o(.data)
    .data                                    0x20000564   Section        4  delay.o(.data)
    fac_us                                   0x20000564   Data           1  delay.o(.data)
    fac_ms                                   0x20000566   Data           2  delay.o(.data)
    .data                                    0x20000568   Section        8  usart.o(.data)
    .data                                    0x20000570   Section       20  stm32f10x_rcc.o(.data)
    APBAHBPrescTable                         0x20000570   Data          16  stm32f10x_rcc.o(.data)
    ADCPrescTable                            0x20000580   Data           4  stm32f10x_rcc.o(.data)
    .bss                                     0x20000584   Section     1160  main.o(.bss)
    .bss                                     0x20000a0c   Section     2048  stmflash.o(.bss)
    .bss                                     0x2000120c   Section      200  usart.o(.bss)
    .bss                                     0x200012d4   Section       96  libspace.o(.bss)
    HEAP                                     0x20001338   Section      512  startup_stm32f10x_md.o(HEAP)
    Heap_Mem                                 0x20001338   Data         512  startup_stm32f10x_md.o(HEAP)
    STACK                                    0x20001538   Section     1024  startup_stm32f10x_md.o(STACK)
    Stack_Mem                                0x20001538   Data        1024  startup_stm32f10x_md.o(STACK)
    __initial_sp                             0x20001938   Data           0  startup_stm32f10x_md.o(STACK)

    Global Symbols

    Symbol Name                              Value     Ov Type        Size  Object(Section)

    BuildAttributes$$THM_ISAv4$P$D$K$B$S$PE$A:L22UL41UL21$X:L11$S22US41US21$IEEE1$IW$USESV6$~STKCKD$USESV7$~SHL$OSPACE$ROPI$EBA8$UX$STANDARDLIB$REQ8$PRES8$EABIv2 0x00000000   Number         0  anon$$obj.o ABSOLUTE
    __ARM_use_no_argv                        0x00000000   Number         0  main.o ABSOLUTE
    __ARM_exceptions_init                     - Undefined Weak Reference
    __alloca_initialize                       - Undefined Weak Reference
    __cpp_initialize__aeabi_                  - Undefined Weak Reference
    __cxa_finalize                            - Undefined Weak Reference
    __rt_locale                               - Undefined Weak Reference
    __sigvec_lookup                           - Undefined Weak Reference
    _atexit_init                              - Undefined Weak Reference
    _call_atexit_fns                          - Undefined Weak Reference
    _clock_init                               - Undefined Weak Reference
    _fp_trap_init                             - Undefined Weak Reference
    _fp_trap_shutdown                         - Undefined Weak Reference
    _get_lc_collate                           - Undefined Weak Reference
    _get_lc_ctype                             - Undefined Weak Reference
    _get_lc_monetary                          - Undefined Weak Reference
    _get_lc_numeric                           - Undefined Weak Reference
    _get_lc_time                              - Undefined Weak Reference
    _getenv_init                              - Undefined Weak Reference
    _handle_redirection                       - Undefined Weak Reference
    _init_alloc                               - Undefined Weak Reference
    _init_user_alloc                          - Undefined Weak Reference
    _initio                                   - Undefined Weak Reference
    _mutex_acquire                            - Undefined Weak Reference
    _mutex_release                            - Undefined Weak Reference
    _printf_post_padding                      - Undefined Weak Reference
    _printf_pre_padding                       - Undefined Weak Reference
    _printf_truncate_signed                   - Undefined Weak Reference
    _printf_truncate_unsigned                 - Undefined Weak Reference
    _rand_init                                - Undefined Weak Reference
    _signal_finish                            - Undefined Weak Reference
    _signal_init                              - Undefined Weak Reference
    _terminate_alloc                          - Undefined Weak Reference
    _terminate_user_alloc                     - Undefined Weak Reference
    _terminateio                              - Undefined Weak Reference
    __Vectors_Size                           0x000000ec   Number         0  startup_stm32f10x_md.o ABSOLUTE
    __Vectors                                0x08000000   Data           4  startup_stm32f10x_md.o(RESET)
    __Vectors_End                            0x080000ec   Data           0  startup_stm32f10x_md.o(RESET)
    __main                                   0x080000ed   Thumb Code     8  __main.o(!!!main)
    __scatterload                            0x080000f5   Thumb Code     0  __scatter.o(!!!scatter)
    __scatterload_rt2                        0x080000f5   Thumb Code    44  __scatter.o(!!!scatter)
    __scatterload_rt2_thumb_only             0x080000f5   Thumb Code     0  __scatter.o(!!!scatter)
    __scatterload_null                       0x08000103   Thumb Code     0  __scatter.o(!!!scatter)
    __decompress                             0x08000129   Thumb Code    58  __dczerorl.o(!!dczerorl)
    __decompress0                            0x08000129   Thumb Code     0  __dczerorl.o(!!dczerorl)
    __scatterload_zeroinit                   0x08000165   Thumb Code    28  __scatter_zi.o(!!handler_zi)
    _printf_d                                0x08000181   Thumb Code     0  _printf_d.o(.ARM.Collect$$_printf_percent$$00000009)
    _printf_percent                          0x08000181   Thumb Code     0  _printf_percent.o(.ARM.Collect$$_printf_percent$$00000000)
    _printf_x                                0x08000187   Thumb Code     0  _printf_x.o(.ARM.Collect$$_printf_percent$$0000000C)
    _printf_percent_end                      0x0800018d   Thumb Code     0  _printf_percent_end.o(.ARM.Collect$$_printf_percent$$00000017)
    __rt_lib_init                            0x08000191   Thumb Code     0  libinit.o(.ARM.Collect$$libinit$$00000000)
    __rt_lib_init_alloca_1                   0x08000193   Thumb Code     0  libinit2.o(.ARM.Collect$$libinit$$0000002C)
    __rt_lib_init_argv_1                     0x08000193   Thumb Code     0  libinit2.o(.ARM.Collect$$libinit$$0000002A)
    __rt_lib_init_atexit_1                   0x08000193   Thumb Code     0  libinit2.o(.ARM.Collect$$libinit$$00000019)
    __rt_lib_init_clock_1                    0x08000193   Thumb Code     0  libinit2.o(.ARM.Collect$$libinit$$0000001F)
    __rt_lib_init_cpp_1                      0x08000193   Thumb Code     0  libinit2.o(.ARM.Collect$$libinit$$00000030)
    __rt_lib_init_exceptions_1               0x08000193   Thumb Code     0  libinit2.o(.ARM.Collect$$libinit$$0000002E)
    __rt_lib_init_fp_1                       0x08000193   Thumb Code     0  libinit2.o(.ARM.Collect$$libinit$$00000002)
    __rt_lib_init_fp_trap_1                  0x08000193   Thumb Code     0  libinit2.o(.ARM.Collect$$libinit$$0000001D)
    __rt_lib_init_getenv_1                   0x08000193   Thumb Code     0  libinit2.o(.ARM.Collect$$libinit$$00000021)
    __rt_lib_init_heap_1                     0x08000193   Thumb Code     0  libinit2.o(.ARM.Collect$$libinit$$00000008)
    __rt_lib_init_lc_collate_1               0x08000193   Thumb Code     0  libinit2.o(.ARM.Collect$$libinit$$0000000F)
    __rt_lib_init_lc_ctype_1                 0x08000193   Thumb Code     0  libinit2.o(.ARM.Collect$$libinit$$00000011)
    __rt_lib_init_lc_monetary_1              0x08000193   Thumb Code     0  libinit2.o(.ARM.Collect$$libinit$$00000013)
    __rt_lib_init_lc_numeric_1               0x08000193   Thumb Code     0  libinit2.o(.ARM.Collect$$libinit$$00000015)
    __rt_lib_init_lc_time_1                  0x08000193   Thumb Code     0  libinit2.o(.ARM.Collect$$libinit$$00000017)
    __rt_lib_init_rand_1                     0x08000193   Thumb Code     0  libinit2.o(.ARM.Collect$$libinit$$0000000C)
    __rt_lib_init_return                     0x08000193   Thumb Code     0  libinit2.o(.ARM.Collect$$libinit$$00000031)
    __rt_lib_init_signal_1                   0x08000193   Thumb Code     0  libinit2.o(.ARM.Collect$$libinit$$0000001B)
    __rt_lib_init_stdio_1                    0x08000193   Thumb Code     0  libinit2.o(.ARM.Collect$$libinit$$00000023)
    __rt_lib_init_user_alloc_1               0x08000193   Thumb Code     0  libinit2.o(.ARM.Collect$$libinit$$0000000A)
    __rt_lib_shutdown                        0x08000195   Thumb Code     0  libshutdown.o(.ARM.Collect$$libshutdown$$00000000)
    __rt_lib_shutdown_fp_trap_1              0x08000197   Thumb Code     0  libshutdown2.o(.ARM.Collect$$libshutdown$$00000006)
    __rt_lib_shutdown_heap_1                 0x08000197   Thumb Code     0  libshutdown2.o(.ARM.Collect$$libshutdown$$0000000E)
    __rt_lib_shutdown_return                 0x08000197   Thumb Code     0  libshutdown2.o(.ARM.Collect$$libshutdown$$0000000F)
    __rt_lib_shutdown_signal_1               0x08000197   Thumb Code     0  libshutdown2.o(.ARM.Collect$$libshutdown$$00000009)
    __rt_lib_shutdown_stdio_1                0x08000197   Thumb Code     0  libshutdown2.o(.ARM.Collect$$libshutdown$$00000003)
    __rt_lib_shutdown_user_alloc_1           0x08000197   Thumb Code     0  libshutdown2.o(.ARM.Collect$$libshutdown$$0000000B)
    __rt_entry                               0x08000199   Thumb Code     0  rtentry.o(.ARM.Collect$$rtentry$$00000000)
    __rt_entry_presh_1                       0x08000199   Thumb Code     0  rtentry2.o(.ARM.Collect$$rtentry$$00000002)
    __rt_entry_sh                            0x08000199   Thumb Code     0  rtentry4.o(.ARM.Collect$$rtentry$$00000004)
    __rt_entry_li                            0x0800019f   Thumb Code     0  rtentry2.o(.ARM.Collect$$rtentry$$0000000A)
    __rt_entry_postsh_1                      0x0800019f   Thumb Code     0  rtentry2.o(.ARM.Collect$$rtentry$$00000009)
    __rt_entry_main                          0x080001a3   Thumb Code     0  rtentry2.o(.ARM.Collect$$rtentry$$0000000D)
    __rt_entry_postli_1                      0x080001a3   Thumb Code     0  rtentry2.o(.ARM.Collect$$rtentry$$0000000C)
    __rt_exit                                0x080001ab   Thumb Code     0  rtexit.o(.ARM.Collect$$rtexit$$00000000)
    __rt_exit_ls                             0x080001ad   Thumb Code     0  rtexit2.o(.ARM.Collect$$rtexit$$00000003)
    __rt_exit_prels_1                        0x080001ad   Thumb Code     0  rtexit2.o(.ARM.Collect$$rtexit$$00000002)
    __rt_exit_exit                           0x080001b1   Thumb Code     0  rtexit2.o(.ARM.Collect$$rtexit$$00000004)
    Reset_Handler                            0x080001b9   Thumb Code     8  startup_stm32f10x_md.o(.text)
    ADC1_2_IRQHandler                        0x080001d3   Thumb Code     0  startup_stm32f10x_md.o(.text)
    CAN1_RX1_IRQHandler                      0x080001d3   Thumb Code     0  startup_stm32f10x_md.o(.text)
    CAN1_SCE_IRQHandler                      0x080001d3   Thumb Code     0  startup_stm32f10x_md.o(.text)
    DMA1_Channel1_IRQHandler                 0x080001d3   Thumb Code     0  startup_stm32f10x_md.o(.text)
    DMA1_Channel2_IRQHandler                 0x080001d3   Thumb Code     0  startup_stm32f10x_md.o(.text)
    DMA1_Channel3_IRQHandler                 0x080001d3   Thumb Code     0  startup_stm32f10x_md.o(.text)
    DMA1_Channel4_IRQHandler                 0x080001d3   Thumb Code     0  startup_stm32f10x_md.o(.text)
    DMA1_Channel5_IRQHandler                 0x080001d3   Thumb Code     0  startup_stm32f10x_md.o(.text)
    DMA1_Channel6_IRQHandler                 0x080001d3   Thumb Code     0  startup_stm32f10x_md.o(.text)
    DMA1_Channel7_IRQHandler                 0x080001d3   Thumb Code     0  startup_stm32f10x_md.o(.text)
    EXTI0_IRQHandler                         0x080001d3   Thumb Code     0  startup_stm32f10x_md.o(.text)
    EXTI15_10_IRQHandler                     0x080001d3   Thumb Code     0  startup_stm32f10x_md.o(.text)
    EXTI1_IRQHandler                         0x080001d3   Thumb Code     0  startup_stm32f10x_md.o(.text)
    EXTI2_IRQHandler                         0x080001d3   Thumb Code     0  startup_stm32f10x_md.o(.text)
    EXTI3_IRQHandler                         0x080001d3   Thumb Code     0  startup_stm32f10x_md.o(.text)
    EXTI4_IRQHandler                         0x080001d3   Thumb Code     0  startup_stm32f10x_md.o(.text)
    EXTI9_5_IRQHandler                       0x080001d3   Thumb Code     0  startup_stm32f10x_md.o(.text)
    FLASH_IRQHandler                         0x080001d3   Thumb Code     0  startup_stm32f10x_md.o(.text)
    I2C1_ER_IRQHandler                       0x080001d3   Thumb Code     0  startup_stm32f10x_md.o(.text)
    I2C1_EV_IRQHandler                       0x080001d3   Thumb Code     0  startup_stm32f10x_md.o(.text)
    I2C2_ER_IRQHandler                       0x080001d3   Thumb Code     0  startup_stm32f10x_md.o(.text)
    I2C2_EV_IRQHandler                       0x080001d3   Thumb Code     0  startup_stm32f10x_md.o(.text)
    PVD_IRQHandler                           0x080001d3   Thumb Code     0  startup_stm32f10x_md.o(.text)
    RCC_IRQHandler                           0x080001d3   Thumb Code     0  startup_stm32f10x_md.o(.text)
    RTCAlarm_IRQHandler                      0x080001d3   Thumb Code     0  startup_stm32f10x_md.o(.text)
    RTC_IRQHandler                           0x080001d3   Thumb Code     0  startup_stm32f10x_md.o(.text)
    SPI1_IRQHandler                          0x080001d3   Thumb Code     0  startup_stm32f10x_md.o(.text)
    SPI2_IRQHandler                          0x080001d3   Thumb Code     0  startup_stm32f10x_md.o(.text)
    TAMPER_IRQHandler                        0x080001d3   Thumb Code     0  startup_stm32f10x_md.o(.text)
    TIM1_BRK_IRQHandler                      0x080001d3   Thumb Code     0  startup_stm32f10x_md.o(.text)
    TIM1_CC_IRQHandler                       0x080001d3   Thumb Code     0  startup_stm32f10x_md.o(.text)
    TIM1_TRG_COM_IRQHandler                  0x080001d3   Thumb Code     0  startup_stm32f10x_md.o(.text)
    TIM1_UP_IRQHandler                       0x080001d3   Thumb Code     0  startup_stm32f10x_md.o(.text)
    TIM2_IRQHandler                          0x080001d3   Thumb Code     0  startup_stm32f10x_md.o(.text)
    TIM4_IRQHandler                          0x080001d3   Thumb Code     0  startup_stm32f10x_md.o(.text)
    USART2_IRQHandler                        0x080001d3   Thumb Code     0  startup_stm32f10x_md.o(.text)
    USART3_IRQHandler                        0x080001d3   Thumb Code     0  startup_stm32f10x_md.o(.text)
    USBWakeUp_IRQHandler                     0x080001d3   Thumb Code     0  startup_stm32f10x_md.o(.text)
    USB_HP_CAN1_TX_IRQHandler                0x080001d3   Thumb Code     0  startup_stm32f10x_md.o(.text)
    USB_LP_CAN1_RX0_IRQHandler               0x080001d3   Thumb Code     0  startup_stm32f10x_md.o(.text)
    WWDG_IRQHandler                          0x080001d3   Thumb Code     0  startup_stm32f10x_md.o(.text)
    __user_initial_stackheap                 0x080001d5   Thumb Code     0  startup_stm32f10x_md.o(.text)
    __use_no_semihosting                     0x080001f9   Thumb Code     2  use_no_semi_2.o(.text)
    __2printf                                0x080001fd   Thumb Code    20  noretval__2printf.o(.text)
    __printf                                 0x08000215   Thumb Code   104  __printf.o(.text)
    _printf_int_dec                          0x0800027d   Thumb Code   102  _printf_dec.o(.text)
    _printf_int_hex                          0x080002f5   Thumb Code    88  _printf_hex_int.o(.text)
    _printf_longlong_hex                     0x080002f5   Thumb Code     0  _printf_hex_int.o(.text)
    memcmp                                   0x08000351   Thumb Code    88  memcmp.o(.text)
    __use_two_region_memory                  0x080003a9   Thumb Code     2  heapauxi.o(.text)
    __rt_heap_escrow$2region                 0x080003ab   Thumb Code     2  heapauxi.o(.text)
    __rt_heap_expand$2region                 0x080003ad   Thumb Code     2  heapauxi.o(.text)
    __I$use$semihosting                      0x080003af   Thumb Code     0  use_no_semi.o(.text)
    __use_no_semihosting_swi                 0x080003af   Thumb Code     2  use_no_semi.o(.text)
    _printf_int_common                       0x080003b1   Thumb Code   184  _printf_intcommon.o(.text)
    _printf_char_file                        0x08000469   Thumb Code    32  _printf_char_file.o(.text)
    _printf_char_common                      0x08000497   Thumb Code    32  _printf_char_common.o(.text)
    ferror                                   0x080004bd   Thumb Code     8  ferror.o(.text)
    __user_setup_stackheap                   0x080004c5   Thumb Code    74  sys_stackheap_outer.o(.text)
    exit                                     0x0800050f   Thumb Code    12  exit.o(.text)
    __user_libspace                          0x0800051d   Thumb Code     8  libspace.o(.text)
    __user_perproc_libspace                  0x0800051d   Thumb Code     0  libspace.o(.text)
    __user_perthread_libspace                0x0800051d   Thumb Code     0  libspace.o(.text)
    AckOutCoinSta                            0x08000525   Thumb Code   124  framepkg.o(i.AckOutCoinSta)
    AckTest                                  0x080005a9   Thumb Code    72  framepkg.o(i.AckTest)
    AjstBLED                                 0x080005f9   Thumb Code    14  main.o(i.AjstBLED)
    AjstGLED                                 0x0800060d   Thumb Code    14  main.o(i.AjstGLED)
    AjstRLED                                 0x08000621   Thumb Code    14  main.o(i.AjstRLED)
    BeepCtr                                  0x08000635   Thumb Code     6  beep.o(i.BeepCtr)
    BeepIOInit                               0x08000641   Thumb Code    50  led.o(i.BeepIOInit)
    BeepTask                                 0x08000679   Thumb Code   250  beep.o(i.BeepTask)
    BusFault_Handler                         0x08000781   Thumb Code     4  stm32f10x_it.o(i.BusFault_Handler)
    CalulateCRC                              0x08000785   Thumb Code   106  rc522.o(i.CalulateCRC)
    ClearBitMask                             0x080007ef   Thumb Code    28  rc522.o(i.ClearBitMask)
    ClearQ                                   0x0800080b   Thumb Code    10  queue.o(i.ClearQ)
    CoinIOInit                               0x08000815   Thumb Code    46  led.o(i.CoinIOInit)
    CreateLanQueue                           0x08000849   Thumb Code    10  queue.o(i.CreateLanQueue)
    DeQueue                                  0x08000853   Thumb Code    54  queue.o(i.DeQueue)
    DebugMon_Handler                         0x08000889   Thumb Code     2  stm32f10x_it.o(i.DebugMon_Handler)
    DisplayOneEye                            0x0800088d   Thumb Code   138  st7588.o(i.DisplayOneEye)
    Displayxiaoji                            0x0800091d   Thumb Code   138  st7588.o(i.Displayxiaoji)
    Draw_Circle                              0x080009ad   Thumb Code   168  st7588.o(i.Draw_Circle)
    EmptyLanQueue                            0x08000a55   Thumb Code    18  queue.o(i.EmptyLanQueue)
    EnQueue                                  0x08000a67   Thumb Code    52  queue.o(i.EnQueue)
    EnQueuex                                 0x08000a9b   Thumb Code    40  queue.o(i.EnQueuex)
    ExplainParm                              0x08000ac5   Thumb Code   102  main.o(i.ExplainParm)
    FLASH_ErasePage                          0x08000b39   Thumb Code    72  stm32f10x_flash.o(i.FLASH_ErasePage)
    FLASH_GetBank1Status                     0x08000b85   Thumb Code    48  stm32f10x_flash.o(i.FLASH_GetBank1Status)
    FLASH_Lock                               0x08000bb9   Thumb Code    14  stm32f10x_flash.o(i.FLASH_Lock)
    FLASH_ProgramHalfWord                    0x08000bcd   Thumb Code    60  stm32f10x_flash.o(i.FLASH_ProgramHalfWord)
    FLASH_Unlock                             0x08000c0d   Thumb Code    12  stm32f10x_flash.o(i.FLASH_Unlock)
    FLASH_WaitForLastOperation               0x08000c25   Thumb Code    38  stm32f10x_flash.o(i.FLASH_WaitForLastOperation)
    FindSnCmd                                0x08000c4d   Thumb Code    64  main.o(i.FindSnCmd)
    FrameUpDxConfig                          0x08000c91   Thumb Code   120  framepkg.o(i.FrameUpDxConfig)
    FrameUpDxICImfor                         0x08000d11   Thumb Code   124  framepkg.o(i.FrameUpDxICImfor)
    FullLanQueue                             0x08000d95   Thumb Code    32  queue.o(i.FullLanQueue)
    GPIOInit                                 0x08000db5   Thumb Code    40  led.o(i.GPIOInit)
    GPIO_Init                                0x08000ddd   Thumb Code   274  stm32f10x_gpio.o(i.GPIO_Init)
    GPIO_PinRemapConfig                      0x08000ef1   Thumb Code   138  stm32f10x_gpio.o(i.GPIO_PinRemapConfig)
    GPIO_ResetBits                           0x08000f81   Thumb Code     4  stm32f10x_gpio.o(i.GPIO_ResetBits)
    GPIO_SetBits                             0x08000f85   Thumb Code     4  stm32f10x_gpio.o(i.GPIO_SetBits)
    GateSig                                  0x08000f89   Thumb Code   148  main.o(i.GateSig)
    HDReset                                  0x08001031   Thumb Code    32  st7588.o(i.HDReset)
    HardFault_Handler                        0x08001059   Thumb Code     4  stm32f10x_it.o(i.HardFault_Handler)
    InitRc522                                0x0800105d   Thumb Code    32  rc522.o(i.InitRc522)
    Init_ST7588                              0x0800107d   Thumb Code    66  st7588.o(i.Init_ST7588)
    LCDDisplayTask                           0x080010c1   Thumb Code   182  st7588.o(i.LCDDisplayTask)
    LCDIOInit                                0x08001195   Thumb Code    84  led.o(i.LCDIOInit)
    LCDInit                                  0x080011f1   Thumb Code    12  st7588.o(i.LCDInit)
    LCDRefresh_Gram                          0x080011fd   Thumb Code    86  st7588.o(i.LCDRefresh_Gram)
    LCDShowHZList                            0x0800125d   Thumb Code    76  st7588.o(i.LCDShowHZList)
    LCDShowICInfo                            0x080012a9   Thumb Code   192  st7588.o(i.LCDShowICInfo)
    LCDShowIdeFlash                          0x0800136d   Thumb Code   378  st7588.o(i.LCDShowIdeFlash)
    LCDShowInvalidICInfo                     0x080014ed   Thumb Code    28  st7588.o(i.LCDShowInvalidICInfo)
    LCDShowNo2_4gInfo                        0x08001509   Thumb Code    32  st7588.o(i.LCDShowNo2_4gInfo)
    LCDShowNoLnkInfo                         0x08001529   Thumb Code    28  st7588.o(i.LCDShowNoLnkInfo)
    LCDShowNoMonyInfo                        0x08001545   Thumb Code   120  st7588.o(i.LCDShowNoMonyInfo)
    LCD_Clear                                0x080015c1   Thumb Code    42  st7588.o(i.LCD_Clear)
    LCD_DrawPoint                            0x080015f1   Thumb Code   114  st7588.o(i.LCD_DrawPoint)
    LCD_ShowChar                             0x08001669   Thumb Code   158  st7588.o(i.LCD_ShowChar)
    LCD_ShowNum                              0x08001711   Thumb Code   148  st7588.o(i.LCD_ShowNum)
    LCD_ShowString                           0x080017a5   Thumb Code    68  st7588.o(i.LCD_ShowString)
    LCD_Showhz                               0x080017e9   Thumb Code   180  st7588.o(i.LCD_Showhz)
    LCD_pow                                  0x080018a5   Thumb Code    22  st7588.o(i.LCD_pow)
    LEDTask                                  0x080018bd   Thumb Code    50  main.o(i.LEDTask)
    LED_Init                                 0x080018fd   Thumb Code    84  led.o(i.LED_Init)
    LoadConfigPar                            0x08001959   Thumb Code    30  main.o(i.LoadConfigPar)
    M500PcdConfigISOType                     0x0800197d   Thumb Code    94  rc522.o(i.M500PcdConfigISOType)
    MemManage_Handler                        0x080019db   Thumb Code     4  stm32f10x_it.o(i.MemManage_Handler)
    MoveCmdBf                                0x080019e1   Thumb Code    84  main.o(i.MoveCmdBf)
    NMI_Handler                              0x08001a39   Thumb Code     2  stm32f10x_it.o(i.NMI_Handler)
    NRF24L01_Check                           0x08001a3d   Thumb Code    66  24l01.o(i.NRF24L01_Check)
    NRF24L01_Init                            0x08001a89   Thumb Code    40  24l01.o(i.NRF24L01_Init)
    NRF24L01_RX_Mode                         0x08001abd   Thumb Code    82  24l01.o(i.NRF24L01_RX_Mode)
    NRF24L01_Read_Buf                        0x08001b1d   Thumb Code    56  24l01.o(i.NRF24L01_Read_Buf)
    NRF24L01_Read_Reg                        0x08001b59   Thumb Code    36  24l01.o(i.NRF24L01_Read_Reg)
    NRF24L01_RxPacket                        0x08001b85   Thumb Code    62  24l01.o(i.NRF24L01_RxPacket)
    NRF24L01_TX_Mode                         0x08001bc5   Thumb Code    92  24l01.o(i.NRF24L01_TX_Mode)
    NRF24L01_TxPacket                        0x08001c31   Thumb Code   100  24l01.o(i.NRF24L01_TxPacket)
    NRF24L01_Write_Buf                       0x08001ca1   Thumb Code    56  24l01.o(i.NRF24L01_Write_Buf)
    NRF24L01_Write_Reg                       0x08001cdd   Thumb Code    38  24l01.o(i.NRF24L01_Write_Reg)
    NVIC_Configuration                       0x08001d0d   Thumb Code    12  sys.o(i.NVIC_Configuration)
    NVIC_Init                                0x08001d19   Thumb Code   102  misc.o(i.NVIC_Init)
    NVIC_PriorityGroupConfig                 0x08001d8d   Thumb Code    10  misc.o(i.NVIC_PriorityGroupConfig)
    NetDatExp                                0x08001da1   Thumb Code   682  main.o(i.NetDatExp)
    Nrf24L01IOInit                           0x08002195   Thumb Code   190  led.o(i.Nrf24L01IOInit)
    Nrf24l01Task                             0x0800225d   Thumb Code   232  main.o(i.Nrf24l01Task)
    PcdAntennaOff                            0x08002365   Thumb Code    12  rc522.o(i.PcdAntennaOff)
    PcdAntennaOn                             0x08002371   Thumb Code    26  rc522.o(i.PcdAntennaOn)
    PcdAnticoll                              0x0800238b   Thumb Code   112  rc522.o(i.PcdAnticoll)
    PcdComMF522                              0x080023fb   Thumb Code   314  rc522.o(i.PcdComMF522)
    PcdHalt                                  0x08002535   Thumb Code    52  rc522.o(i.PcdHalt)
    PcdRequest                               0x08002569   Thumb Code    86  rc522.o(i.PcdRequest)
    PcdReset                                 0x080025c1   Thumb Code   118  rc522.o(i.PcdReset)
    PcdSelect                                0x08002641   Thumb Code   116  rc522.o(i.PcdSelect)
    PendSV_Handler                           0x080026b5   Thumb Code     2  stm32f10x_it.o(i.PendSV_Handler)
    PrintCfgPar                              0x080026b9   Thumb Code   128  main.o(i.PrintCfgPar)
    QueueDatLen                              0x08002851   Thumb Code     6  queue.o(i.QueueDatLen)
    RC522IOInit                              0x08002859   Thumb Code   146  led.o(i.RC522IOInit)
    RC522Task                                0x080028f5   Thumb Code   230  main.o(i.RC522Task)
    RCC_APB1PeriphClockCmd                   0x08002a01   Thumb Code    26  stm32f10x_rcc.o(i.RCC_APB1PeriphClockCmd)
    RCC_APB1PeriphResetCmd                   0x08002a21   Thumb Code    26  stm32f10x_rcc.o(i.RCC_APB1PeriphResetCmd)
    RCC_APB2PeriphClockCmd                   0x08002a41   Thumb Code    26  stm32f10x_rcc.o(i.RCC_APB2PeriphClockCmd)
    RCC_APB2PeriphResetCmd                   0x08002a61   Thumb Code    26  stm32f10x_rcc.o(i.RCC_APB2PeriphResetCmd)
    RCC_GetClocksFreq                        0x08002a81   Thumb Code   192  stm32f10x_rcc.o(i.RCC_GetClocksFreq)
    RGBCtrTask                               0x08002b55   Thumb Code   664  main.o(i.RGBCtrTask)
    RGB_LEDInit                              0x08002e05   Thumb Code    68  led.o(i.RGB_LEDInit)
    ReadRawRC                                0x08002e4d   Thumb Code    50  rc522.o(i.ReadRawRC)
    ReserveIO_Init                           0x08002e89   Thumb Code    50  led.o(i.ReserveIO_Init)
    SPI1_Init                                0x08002ec1   Thumb Code    86  spi.o(i.SPI1_Init)
    SPI1_ReadWriteByte                       0x08002f1d   Thumb Code    78  spi.o(i.SPI1_ReadWriteByte)
    SPI2_Init                                0x08002f71   Thumb Code    98  spi.o(i.SPI2_Init)
    SPI2_ReadWriteByte                       0x08002fd9   Thumb Code    78  spi.o(i.SPI2_ReadWriteByte)
    SPI2_SetSpeed                            0x0800302d   Thumb Code    36  spi.o(i.SPI2_SetSpeed)
    SPI_Cmd                                  0x08003055   Thumb Code    24  stm32f10x_spi.o(i.SPI_Cmd)
    SPI_I2S_GetFlagStatus                    0x0800306d   Thumb Code    18  stm32f10x_spi.o(i.SPI_I2S_GetFlagStatus)
    SPI_I2S_ReceiveData                      0x0800307f   Thumb Code     6  stm32f10x_spi.o(i.SPI_I2S_ReceiveData)
    SPI_I2S_SendData                         0x08003085   Thumb Code     4  stm32f10x_spi.o(i.SPI_I2S_SendData)
    SPI_Init                                 0x08003089   Thumb Code    60  stm32f10x_spi.o(i.SPI_Init)
    STMFLASH_Read                            0x080030c5   Thumb Code    34  stmflash.o(i.STMFLASH_Read)
    STMFLASH_ReadHalfWord                    0x080030e7   Thumb Code     6  stmflash.o(i.STMFLASH_ReadHalfWord)
    STMFLASH_Write                           0x080030ed   Thumb Code   218  stmflash.o(i.STMFLASH_Write)
    STMFLASH_Write_NoCheck                   0x080031d5   Thumb Code    38  stmflash.o(i.STMFLASH_Write_NoCheck)
    SVC_Handler                              0x080031fb   Thumb Code     2  stm32f10x_it.o(i.SVC_Handler)
    SetBitMask                               0x080031fd   Thumb Code    28  rc522.o(i.SetBitMask)
    SysTick_CLKSourceConfig                  0x080032fd   Thumb Code    40  misc.o(i.SysTick_CLKSourceConfig)
    SysTick_Handler                          0x08003325   Thumb Code     2  stm32f10x_it.o(i.SysTick_Handler)
    SystemInit                               0x08003329   Thumb Code    78  system_stm32f10x.o(i.SystemInit)
    TIM3_IRQHandler                          0x08003389   Thumb Code   240  timerx.o(i.TIM3_IRQHandler)
    TIM3_Int_Init                            0x08003481   Thumb Code    90  timerx.o(i.TIM3_Int_Init)
    TIM_ARRPreloadConfig                     0x08003585   Thumb Code    24  stm32f10x_tim.o(i.TIM_ARRPreloadConfig)
    TIM_ClearITPendingBit                    0x0800359d   Thumb Code     6  stm32f10x_tim.o(i.TIM_ClearITPendingBit)
    TIM_Cmd                                  0x080035a3   Thumb Code    24  stm32f10x_tim.o(i.TIM_Cmd)
    TIM_DeInit                               0x080035bd   Thumb Code   424  stm32f10x_tim.o(i.TIM_DeInit)
    TIM_GetITStatus                          0x080037a5   Thumb Code    34  stm32f10x_tim.o(i.TIM_GetITStatus)
    TIM_ITConfig                             0x080037c7   Thumb Code    18  stm32f10x_tim.o(i.TIM_ITConfig)
    TIM_OC1Init                              0x080037d9   Thumb Code   132  stm32f10x_tim.o(i.TIM_OC1Init)
    TIM_OC1PreloadConfig                     0x08003871   Thumb Code    18  stm32f10x_tim.o(i.TIM_OC1PreloadConfig)
    TIM_OC2Init                              0x08003885   Thumb Code   154  stm32f10x_tim.o(i.TIM_OC2Init)
    TIM_OC2PreloadConfig                     0x08003929   Thumb Code    26  stm32f10x_tim.o(i.TIM_OC2PreloadConfig)
    TIM_OC3Init                              0x08003945   Thumb Code   150  stm32f10x_tim.o(i.TIM_OC3Init)
    TIM_OC3PreloadConfig                     0x080039e5   Thumb Code    18  stm32f10x_tim.o(i.TIM_OC3PreloadConfig)
    TIM_SetCompare1                          0x080039f7   Thumb Code     4  stm32f10x_tim.o(i.TIM_SetCompare1)
    TIM_SetCompare2                          0x080039fb   Thumb Code     4  stm32f10x_tim.o(i.TIM_SetCompare2)
    TIM_SetCompare3                          0x080039ff   Thumb Code     4  stm32f10x_tim.o(i.TIM_SetCompare3)
    TIM_TimeBaseInit                         0x08003a05   Thumb Code   122  stm32f10x_tim.o(i.TIM_TimeBaseInit)
    UARTIOInit                               0x08003aa9   Thumb Code    62  led.o(i.UARTIOInit)
    USART1_IRQHandler                        0x08003aed   Thumb Code   122  usart.o(i.USART1_IRQHandler)
    USART_Cmd                                0x08003b75   Thumb Code    24  stm32f10x_usart.o(i.USART_Cmd)
    USART_DeInit                             0x08003b8d   Thumb Code   134  stm32f10x_usart.o(i.USART_DeInit)
    USART_GetITStatus                        0x08003c29   Thumb Code    84  stm32f10x_usart.o(i.USART_GetITStatus)
    USART_ITConfig                           0x08003c7d   Thumb Code    74  stm32f10x_usart.o(i.USART_ITConfig)
    USART_Init                               0x08003cc9   Thumb Code   210  stm32f10x_usart.o(i.USART_Init)
    USART_ReceiveData                        0x08003da1   Thumb Code    10  stm32f10x_usart.o(i.USART_ReceiveData)
    UsageFault_Handler                       0x08003dab   Thumb Code     4  stm32f10x_it.o(i.UsageFault_Handler)
    WriteDefaultSet                          0x08003db1   Thumb Code    50  main.o(i.WriteDefaultSet)
    WriteParm                                0x08003de9   Thumb Code   106  main.o(i.WriteParm)
    WriteRawRC                               0x08003e5d   Thumb Code    42  rc522.o(i.WriteRawRC)
    Write_ST7588_COM                         0x08003e91   Thumb Code    78  st7588.o(i.Write_ST7588_COM)
    Write_ST7588_DISPLAY_DATA_serial_4SPI    0x08003ef5   Thumb Code    82  st7588.o(i.Write_ST7588_DISPLAY_DATA_serial_4SPI)
    _sys_exit                                0x08003f5d   Thumb Code     6  usart.o(i._sys_exit)
    app_get_rand                             0x08003f65   Thumb Code    32  main.o(i.app_get_rand)
    delay_init                               0x08003f8d   Thumb Code    50  delay.o(i.delay_init)
    delay_ms                                 0x08003fd1   Thumb Code    70  delay.o(i.delay_ms)
    delay_ns                                 0x0800401d   Thumb Code    18  rc522.o(i.delay_ns)
    fputc                                    0x08004031   Thumb Code    22  usart.o(i.fputc)
    main                                     0x0800404d   Thumb Code   266  main.o(i.main)
    prtAllCmd                                0x08004175   Thumb Code    70  main.o(i.prtAllCmd)
    queue_find_cmd                           0x080041e5   Thumb Code   158  framepkg.o(i.queue_find_cmd)
    showdbg8hex                              0x08004299   Thumb Code    34  main.o(i.showdbg8hex)
    uart_init                                0x080042c5   Thumb Code   106  usart.o(i.uart_init)
    TX_ADDRESS                               0x08004334   Data           5  24l01.o(.constdata)
    RX_ADDRESS                               0x08004339   Data           5  24l01.o(.constdata)
    LCD_asc2_1206                            0x0800433e   Data        1140  st7588.o(.constdata)
    LCD_asc2_1608                            0x080047b2   Data        1520  st7588.o(.constdata)
    LCD_hz_1616                              0x08004da2   Data        3200  st7588.o(.constdata)
    LCD_hz_3232                              0x08005a22   Data         512  st7588.o(.constdata)
    gImage_logo                              0x08005c22   Data         786  st7588.o(.constdata)
    gImageEye                                0x08005f34   Data         603  st7588.o(.constdata)
    gOneEye                                  0x0800618f   Data          32  st7588.o(.constdata)
    Region$$Table$$Base                      0x080061d8   Number         0  anon$$obj.o(Region$$Table)
    Region$$Table$$Limit                     0x080061f8   Number         0  anon$$obj.o(Region$$Table)
    random_seed                              0x20000000   Data           4  main.o(.data)
    leddly                                   0x20000004   Data           1  main.o(.data)
    stpro                                    0x20000005   Data           1  main.o(.data)
    rst                                      0x20000006   Data           2  main.o(.data)
    gst                                      0x20000008   Data           2  main.o(.data)
    bst                                      0x2000000a   Data           2  main.o(.data)
    L01_Ctr                                  0x20000017   Data           4  main.o(.data)
    SystemCoreClock                          0x2000001c   Data           4  system_stm32f10x.o(.data)
    AHBPrescTable                            0x20000020   Data          16  system_stm32f10x.o(.data)
    LCDRam                                   0x20000039   Data        1320  st7588.o(.data)
    USART_RX_STA                             0x20000568   Data           2  usart.o(.data)
    __stdout                                 0x2000056c   Data           4  usart.o(.data)
    gCmpDwDxBuf                              0x20000584   Data         408  main.o(.bss)
    gDxUpCmpBuf                              0x2000071c   Data         408  main.o(.bss)
    Config                                   0x200008b4   Data          14  main.o(.bss)
    Dly_Var                                  0x200008c2   Data          20  main.o(.bss)
    RC522Ctr                                 0x200008d6   Data          34  main.o(.bss)
    SysVar                                   0x200008f8   Data          12  main.o(.bss)
    ChipUniqueID                             0x20000904   Data          12  main.o(.bss)
    TxMsgBuf                                 0x20000910   Data          32  main.o(.bss)
    FrameBuf                                 0x20000930   Data         220  main.o(.bss)
    STMFLASH_BUF                             0x20000a0c   Data        2048  stmflash.o(.bss)
    USART_RX_BUF                             0x2000120c   Data         200  usart.o(.bss)
    __libspace_start                         0x200012d4   Data          96  libspace.o(.bss)
    __temporary_stack_top$libspace           0x20001334   Data           0  libspace.o(.bss)



==============================================================================

Memory Map of the image

  Image Entry point : 0x080000ed

  Load Region LR_IROM1 (Base: 0x08000000, Size: 0x0000677c, Max: 0x00020000, ABSOLUTE, COMPRESSED[0x00006228])

    Execution Region ER_IROM1 (Base: 0x08000000, Size: 0x000061f8, Max: 0x00020000, ABSOLUTE)

    Base Addr    Size         Type   Attr      Idx    E Section Name        Object

    0x08000000   0x000000ec   Data   RO         1364    RESET               startup_stm32f10x_md.o
    0x080000ec   0x00000008   Code   RO         2987  * !!!main             c_w.l(__main.o)
    0x080000f4   0x00000034   Code   RO         3154    !!!scatter          c_w.l(__scatter.o)
    0x08000128   0x0000003a   Code   RO         3152    !!dczerorl          c_w.l(__dczerorl.o)
    0x08000162   0x00000002   PAD
    0x08000164   0x0000001c   Code   RO         3156    !!handler_zi        c_w.l(__scatter_zi.o)
    0x08000180   0x00000000   Code   RO         2982    .ARM.Collect$$_printf_percent$$00000000  c_w.l(_printf_percent.o)
    0x08000180   0x00000006   Code   RO         2981    .ARM.Collect$$_printf_percent$$00000009  c_w.l(_printf_d.o)
    0x08000186   0x00000006   Code   RO         2980    .ARM.Collect$$_printf_percent$$0000000C  c_w.l(_printf_x.o)
    0x0800018c   0x00000004   Code   RO         2996    .ARM.Collect$$_printf_percent$$00000017  c_w.l(_printf_percent_end.o)
    0x08000190   0x00000002   Code   RO         3029    .ARM.Collect$$libinit$$00000000  c_w.l(libinit.o)
    0x08000192   0x00000000   Code   RO         3036    .ARM.Collect$$libinit$$00000002  c_w.l(libinit2.o)
    0x08000192   0x00000000   Code   RO         3039    .ARM.Collect$$libinit$$00000008  c_w.l(libinit2.o)
    0x08000192   0x00000000   Code   RO         3041    .ARM.Collect$$libinit$$0000000A  c_w.l(libinit2.o)
    0x08000192   0x00000000   Code   RO         3043    .ARM.Collect$$libinit$$0000000C  c_w.l(libinit2.o)
    0x08000192   0x00000000   Code   RO         3046    .ARM.Collect$$libinit$$0000000F  c_w.l(libinit2.o)
    0x08000192   0x00000000   Code   RO         3048    .ARM.Collect$$libinit$$00000011  c_w.l(libinit2.o)
    0x08000192   0x00000000   Code   RO         3050    .ARM.Collect$$libinit$$00000013  c_w.l(libinit2.o)
    0x08000192   0x00000000   Code   RO         3052    .ARM.Collect$$libinit$$00000015  c_w.l(libinit2.o)
    0x08000192   0x00000000   Code   RO         3054    .ARM.Collect$$libinit$$00000017  c_w.l(libinit2.o)
    0x08000192   0x00000000   Code   RO         3056    .ARM.Collect$$libinit$$00000019  c_w.l(libinit2.o)
    0x08000192   0x00000000   Code   RO         3058    .ARM.Collect$$libinit$$0000001B  c_w.l(libinit2.o)
    0x08000192   0x00000000   Code   RO         3060    .ARM.Collect$$libinit$$0000001D  c_w.l(libinit2.o)
    0x08000192   0x00000000   Code   RO         3062    .ARM.Collect$$libinit$$0000001F  c_w.l(libinit2.o)
    0x08000192   0x00000000   Code   RO         3064    .ARM.Collect$$libinit$$00000021  c_w.l(libinit2.o)
    0x08000192   0x00000000   Code   RO         3066    .ARM.Collect$$libinit$$00000023  c_w.l(libinit2.o)
    0x08000192   0x00000000   Code   RO         3070    .ARM.Collect$$libinit$$0000002A  c_w.l(libinit2.o)
    0x08000192   0x00000000   Code   RO         3072    .ARM.Collect$$libinit$$0000002C  c_w.l(libinit2.o)
    0x08000192   0x00000000   Code   RO         3074    .ARM.Collect$$libinit$$0000002E  c_w.l(libinit2.o)
    0x08000192   0x00000000   Code   RO         3076    .ARM.Collect$$libinit$$00000030  c_w.l(libinit2.o)
    0x08000192   0x00000002   Code   RO         3077    .ARM.Collect$$libinit$$00000031  c_w.l(libinit2.o)
    0x08000194   0x00000002   Code   RO         3095    .ARM.Collect$$libshutdown$$00000000  c_w.l(libshutdown.o)
    0x08000196   0x00000000   Code   RO         3106    .ARM.Collect$$libshutdown$$00000003  c_w.l(libshutdown2.o)
    0x08000196   0x00000000   Code   RO         3109    .ARM.Collect$$libshutdown$$00000006  c_w.l(libshutdown2.o)
    0x08000196   0x00000000   Code   RO         3112    .ARM.Collect$$libshutdown$$00000009  c_w.l(libshutdown2.o)
    0x08000196   0x00000000   Code   RO         3114    .ARM.Collect$$libshutdown$$0000000B  c_w.l(libshutdown2.o)
    0x08000196   0x00000000   Code   RO         3117    .ARM.Collect$$libshutdown$$0000000E  c_w.l(libshutdown2.o)
    0x08000196   0x00000002   Code   RO         3118    .ARM.Collect$$libshutdown$$0000000F  c_w.l(libshutdown2.o)
    0x08000198   0x00000000   Code   RO         2991    .ARM.Collect$$rtentry$$00000000  c_w.l(rtentry.o)
    0x08000198   0x00000000   Code   RO         2998    .ARM.Collect$$rtentry$$00000002  c_w.l(rtentry2.o)
    0x08000198   0x00000006   Code   RO         3010    .ARM.Collect$$rtentry$$00000004  c_w.l(rtentry4.o)
    0x0800019e   0x00000000   Code   RO         3000    .ARM.Collect$$rtentry$$00000009  c_w.l(rtentry2.o)
    0x0800019e   0x00000004   Code   RO         3001    .ARM.Collect$$rtentry$$0000000A  c_w.l(rtentry2.o)
    0x080001a2   0x00000000   Code   RO         3003    .ARM.Collect$$rtentry$$0000000C  c_w.l(rtentry2.o)
    0x080001a2   0x00000008   Code   RO         3004    .ARM.Collect$$rtentry$$0000000D  c_w.l(rtentry2.o)
    0x080001aa   0x00000002   Code   RO         3033    .ARM.Collect$$rtexit$$00000000  c_w.l(rtexit.o)
    0x080001ac   0x00000000   Code   RO         3079    .ARM.Collect$$rtexit$$00000002  c_w.l(rtexit2.o)
    0x080001ac   0x00000004   Code   RO         3080    .ARM.Collect$$rtexit$$00000003  c_w.l(rtexit2.o)
    0x080001b0   0x00000006   Code   RO         3081    .ARM.Collect$$rtexit$$00000004  c_w.l(rtexit2.o)
    0x080001b6   0x00000002   PAD
    0x080001b8   0x00000040   Code   RO         1365    .text               startup_stm32f10x_md.o
    0x080001f8   0x00000002   Code   RO         2929    .text               c_w.l(use_no_semi_2.o)
    0x080001fa   0x00000002   PAD
    0x080001fc   0x00000018   Code   RO         2933    .text               c_w.l(noretval__2printf.o)
    0x08000214   0x00000068   Code   RO         2935    .text               c_w.l(__printf.o)
    0x0800027c   0x00000078   Code   RO         2937    .text               c_w.l(_printf_dec.o)
    0x080002f4   0x0000005c   Code   RO         2942    .text               c_w.l(_printf_hex_int.o)
    0x08000350   0x00000058   Code   RO         2983    .text               c_w.l(memcmp.o)
    0x080003a8   0x00000006   Code   RO         2985    .text               c_w.l(heapauxi.o)
    0x080003ae   0x00000002   Code   RO         2989    .text               c_w.l(use_no_semi.o)
    0x080003b0   0x000000b8   Code   RO         2992    .text               c_w.l(_printf_intcommon.o)
    0x08000468   0x00000024   Code   RO         2994    .text               c_w.l(_printf_char_file.o)
    0x0800048c   0x00000030   Code   RO         3012    .text               c_w.l(_printf_char_common.o)
    0x080004bc   0x00000008   Code   RO         3014    .text               c_w.l(ferror.o)
    0x080004c4   0x0000004a   Code   RO         3018    .text               c_w.l(sys_stackheap_outer.o)
    0x0800050e   0x0000000c   Code   RO         3022    .text               c_w.l(exit.o)
    0x0800051a   0x00000002   PAD
    0x0800051c   0x00000008   Code   RO         3030    .text               c_w.l(libspace.o)
    0x08000524   0x00000084   Code   RO          405    i.AckOutCoinSta     framepkg.o
    0x080005a8   0x00000050   Code   RO          406    i.AckTest           framepkg.o
    0x080005f8   0x00000014   Code   RO            1    i.AjstBLED          main.o
    0x0800060c   0x00000014   Code   RO            2    i.AjstGLED          main.o
    0x08000620   0x00000014   Code   RO            3    i.AjstRLED          main.o
    0x08000634   0x0000000c   Code   RO         1008    i.BeepCtr           beep.o
    0x08000640   0x00000038   Code   RO          760    i.BeepIOInit        led.o
    0x08000678   0x00000108   Code   RO         1009    i.BeepTask          beep.o
    0x08000780   0x00000004   Code   RO          267    i.BusFault_Handler  stm32f10x_it.o
    0x08000784   0x0000006a   Code   RO          834    i.CalulateCRC       rc522.o
    0x080007ee   0x0000001c   Code   RO          835    i.ClearBitMask      rc522.o
    0x0800080a   0x0000000a   Code   RO          447    i.ClearQ            queue.o
    0x08000814   0x00000034   Code   RO          761    i.CoinIOInit        led.o
    0x08000848   0x0000000a   Code   RO          448    i.CreateLanQueue    queue.o
    0x08000852   0x00000036   Code   RO          449    i.DeQueue           queue.o
    0x08000888   0x00000002   Code   RO          268    i.DebugMon_Handler  stm32f10x_it.o
    0x0800088a   0x00000002   PAD
    0x0800088c   0x00000090   Code   RO         1057    i.DisplayOneEye     st7588.o
    0x0800091c   0x00000090   Code   RO         1059    i.Displayxiaoji     st7588.o
    0x080009ac   0x000000a8   Code   RO         1060    i.Draw_Circle       st7588.o
    0x08000a54   0x00000012   Code   RO          451    i.EmptyLanQueue     queue.o
    0x08000a66   0x00000034   Code   RO          452    i.EnQueue           queue.o
    0x08000a9a   0x00000028   Code   RO          453    i.EnQueuex          queue.o
    0x08000ac2   0x00000002   PAD
    0x08000ac4   0x00000074   Code   RO            4    i.ExplainParm       main.o
    0x08000b38   0x0000004c   Code   RO         2168    i.FLASH_ErasePage   stm32f10x_flash.o
    0x08000b84   0x00000034   Code   RO         2169    i.FLASH_GetBank1Status  stm32f10x_flash.o
    0x08000bb8   0x00000014   Code   RO         2178    i.FLASH_Lock        stm32f10x_flash.o
    0x08000bcc   0x00000040   Code   RO         2181    i.FLASH_ProgramHalfWord  stm32f10x_flash.o
    0x08000c0c   0x00000018   Code   RO         2186    i.FLASH_Unlock      stm32f10x_flash.o
    0x08000c24   0x00000026   Code   RO         2190    i.FLASH_WaitForLastOperation  stm32f10x_flash.o
    0x08000c4a   0x00000002   PAD
    0x08000c4c   0x00000044   Code   RO            5    i.FindSnCmd         main.o
    0x08000c90   0x00000080   Code   RO          407    i.FrameUpDxConfig   framepkg.o
    0x08000d10   0x00000084   Code   RO          408    i.FrameUpDxICImfor  framepkg.o
    0x08000d94   0x00000020   Code   RO          454    i.FullLanQueue      queue.o
    0x08000db4   0x00000028   Code   RO          762    i.GPIOInit          led.o
    0x08000ddc   0x00000112   Code   RO         1531    i.GPIO_Init         stm32f10x_gpio.o
    0x08000eee   0x00000002   PAD
    0x08000ef0   0x00000090   Code   RO         1533    i.GPIO_PinRemapConfig  stm32f10x_gpio.o
    0x08000f80   0x00000004   Code   RO         1538    i.GPIO_ResetBits    stm32f10x_gpio.o
    0x08000f84   0x00000004   Code   RO         1539    i.GPIO_SetBits      stm32f10x_gpio.o
    0x08000f88   0x000000a8   Code   RO            6    i.GateSig           main.o
    0x08001030   0x00000028   Code   RO         1062    i.HDReset           st7588.o
    0x08001058   0x00000004   Code   RO          269    i.HardFault_Handler  stm32f10x_it.o
    0x0800105c   0x00000020   Code   RO          836    i.InitRc522         rc522.o
    0x0800107c   0x00000042   Code   RO         1063    i.Init_ST7588       st7588.o
    0x080010be   0x00000002   PAD
    0x080010c0   0x000000d4   Code   RO         1064    i.LCDDisplayTask    st7588.o
    0x08001194   0x0000005c   Code   RO          763    i.LCDIOInit         led.o
    0x080011f0   0x0000000c   Code   RO         1065    i.LCDInit           st7588.o
    0x080011fc   0x00000060   Code   RO         1066    i.LCDRefresh_Gram   st7588.o
    0x0800125c   0x0000004c   Code   RO         1067    i.LCDShowHZList     st7588.o
    0x080012a8   0x000000c4   Code   RO         1068    i.LCDShowICInfo     st7588.o
    0x0800136c   0x00000180   Code   RO         1069    i.LCDShowIdeFlash   st7588.o
    0x080014ec   0x0000001c   Code   RO         1070    i.LCDShowInvalidICInfo  st7588.o
    0x08001508   0x00000020   Code   RO         1072    i.LCDShowNo2_4gInfo  st7588.o
    0x08001528   0x0000001c   Code   RO         1073    i.LCDShowNoLnkInfo  st7588.o
    0x08001544   0x0000007c   Code   RO         1074    i.LCDShowNoMonyInfo  st7588.o
    0x080015c0   0x00000030   Code   RO         1075    i.LCD_Clear         st7588.o
    0x080015f0   0x00000078   Code   RO         1079    i.LCD_DrawPoint     st7588.o
    0x08001668   0x000000a8   Code   RO         1082    i.LCD_ShowChar      st7588.o
    0x08001710   0x00000094   Code   RO         1083    i.LCD_ShowNum       st7588.o
    0x080017a4   0x00000044   Code   RO         1084    i.LCD_ShowString    st7588.o
    0x080017e8   0x000000bc   Code   RO         1085    i.LCD_Showhz        st7588.o
    0x080018a4   0x00000016   Code   RO         1086    i.LCD_pow           st7588.o
    0x080018ba   0x00000002   PAD
    0x080018bc   0x00000040   Code   RO            7    i.LEDTask           main.o
    0x080018fc   0x0000005c   Code   RO          764    i.LED_Init          led.o
    0x08001958   0x00000024   Code   RO            8    i.LoadConfigPar     main.o
    0x0800197c   0x0000005e   Code   RO          838    i.M500PcdConfigISOType  rc522.o
    0x080019da   0x00000004   Code   RO          270    i.MemManage_Handler  stm32f10x_it.o
    0x080019de   0x00000002   PAD
    0x080019e0   0x00000058   Code   RO            9    i.MoveCmdBf         main.o
    0x08001a38   0x00000002   Code   RO          271    i.NMI_Handler       stm32f10x_it.o
    0x08001a3a   0x00000002   PAD
    0x08001a3c   0x0000004c   Code   RO          608    i.NRF24L01_Check    24l01.o
    0x08001a88   0x00000034   Code   RO          609    i.NRF24L01_Init     24l01.o
    0x08001abc   0x00000060   Code   RO          610    i.NRF24L01_RX_Mode  24l01.o
    0x08001b1c   0x0000003c   Code   RO          611    i.NRF24L01_Read_Buf  24l01.o
    0x08001b58   0x0000002c   Code   RO          612    i.NRF24L01_Read_Reg  24l01.o
    0x08001b84   0x0000003e   Code   RO          613    i.NRF24L01_RxPacket  24l01.o
    0x08001bc2   0x00000002   PAD
    0x08001bc4   0x0000006c   Code   RO          614    i.NRF24L01_TX_Mode  24l01.o
    0x08001c30   0x00000070   Code   RO          615    i.NRF24L01_TxPacket  24l01.o
    0x08001ca0   0x0000003c   Code   RO          616    i.NRF24L01_Write_Buf  24l01.o
    0x08001cdc   0x00000030   Code   RO          617    i.NRF24L01_Write_Reg  24l01.o
    0x08001d0c   0x0000000c   Code   RO         1298    i.NVIC_Configuration  sys.o
    0x08001d18   0x00000074   Code   RO         1369    i.NVIC_Init         misc.o
    0x08001d8c   0x00000014   Code   RO         1370    i.NVIC_PriorityGroupConfig  misc.o
    0x08001da0   0x000003f4   Code   RO           10    i.NetDatExp         main.o
    0x08002194   0x000000c8   Code   RO          765    i.Nrf24L01IOInit    led.o
    0x0800225c   0x00000108   Code   RO           11    i.Nrf24l01Task      main.o
    0x08002364   0x0000000c   Code   RO          839    i.PcdAntennaOff     rc522.o
    0x08002370   0x0000001a   Code   RO          840    i.PcdAntennaOn      rc522.o
    0x0800238a   0x00000070   Code   RO          841    i.PcdAnticoll       rc522.o
    0x080023fa   0x0000013a   Code   RO          843    i.PcdComMF522       rc522.o
    0x08002534   0x00000034   Code   RO          844    i.PcdHalt           rc522.o
    0x08002568   0x00000056   Code   RO          846    i.PcdRequest        rc522.o
    0x080025be   0x00000002   PAD
    0x080025c0   0x00000080   Code   RO          847    i.PcdReset          rc522.o
    0x08002640   0x00000074   Code   RO          848    i.PcdSelect         rc522.o
    0x080026b4   0x00000002   Code   RO          272    i.PendSV_Handler    stm32f10x_it.o
    0x080026b6   0x00000002   PAD
    0x080026b8   0x00000198   Code   RO           12    i.PrintCfgPar       main.o
    0x08002850   0x00000006   Code   RO          455    i.QueueDatLen       queue.o
    0x08002856   0x00000002   PAD
    0x08002858   0x0000009c   Code   RO          766    i.RC522IOInit       led.o
    0x080028f4   0x0000010c   Code   RO           13    i.RC522Task         main.o
    0x08002a00   0x00000020   Code   RO         1641    i.RCC_APB1PeriphClockCmd  stm32f10x_rcc.o
    0x08002a20   0x00000020   Code   RO         1642    i.RCC_APB1PeriphResetCmd  stm32f10x_rcc.o
    0x08002a40   0x00000020   Code   RO         1643    i.RCC_APB2PeriphClockCmd  stm32f10x_rcc.o
    0x08002a60   0x00000020   Code   RO         1644    i.RCC_APB2PeriphResetCmd  stm32f10x_rcc.o
    0x08002a80   0x000000d4   Code   RO         1651    i.RCC_GetClocksFreq  stm32f10x_rcc.o
    0x08002b54   0x000002b0   Code   RO           14    i.RGBCtrTask        main.o
    0x08002e04   0x00000048   Code   RO          767    i.RGB_LEDInit       led.o
    0x08002e4c   0x0000003c   Code   RO          850    i.ReadRawRC         rc522.o
    0x08002e88   0x00000038   Code   RO          768    i.ReserveIO_Init    led.o
    0x08002ec0   0x0000005c   Code   RO          519    i.SPI1_Init         spi.o
    0x08002f1c   0x00000054   Code   RO          520    i.SPI1_ReadWriteByte  spi.o
    0x08002f70   0x00000068   Code   RO          522    i.SPI2_Init         spi.o
    0x08002fd8   0x00000054   Code   RO          523    i.SPI2_ReadWriteByte  spi.o
    0x0800302c   0x00000028   Code   RO          524    i.SPI2_SetSpeed     spi.o
    0x08003054   0x00000018   Code   RO         1844    i.SPI_Cmd           stm32f10x_spi.o
    0x0800306c   0x00000012   Code   RO         1852    i.SPI_I2S_GetFlagStatus  stm32f10x_spi.o
    0x0800307e   0x00000006   Code   RO         1855    i.SPI_I2S_ReceiveData  stm32f10x_spi.o
    0x08003084   0x00000004   Code   RO         1856    i.SPI_I2S_SendData  stm32f10x_spi.o
    0x08003088   0x0000003c   Code   RO         1857    i.SPI_Init          stm32f10x_spi.o
    0x080030c4   0x00000022   Code   RO          691    i.STMFLASH_Read     stmflash.o
    0x080030e6   0x00000006   Code   RO          692    i.STMFLASH_ReadHalfWord  stmflash.o
    0x080030ec   0x000000e8   Code   RO          693    i.STMFLASH_Write    stmflash.o
    0x080031d4   0x00000026   Code   RO          694    i.STMFLASH_Write_NoCheck  stmflash.o
    0x080031fa   0x00000002   Code   RO          273    i.SVC_Handler       stm32f10x_it.o
    0x080031fc   0x0000001c   Code   RO          852    i.SetBitMask        rc522.o
    0x08003218   0x00000008   Code   RO          371    i.SetSysClock       system_stm32f10x.o
    0x08003220   0x000000dc   Code   RO          372    i.SetSysClockTo72   system_stm32f10x.o
    0x080032fc   0x00000028   Code   RO         1373    i.SysTick_CLKSourceConfig  misc.o
    0x08003324   0x00000002   Code   RO          274    i.SysTick_Handler   stm32f10x_it.o
    0x08003326   0x00000002   PAD
    0x08003328   0x00000060   Code   RO          374    i.SystemInit        system_stm32f10x.o
    0x08003388   0x000000f8   Code   RO          988    i.TIM3_IRQHandler   timerx.o
    0x08003480   0x00000060   Code   RO          989    i.TIM3_Int_Init     timerx.o
    0x080034e0   0x000000a4   Code   RO          769    i.TIM4_PWM_Init     led.o
    0x08003584   0x00000018   Code   RO         2341    i.TIM_ARRPreloadConfig  stm32f10x_tim.o
    0x0800359c   0x00000006   Code   RO         2348    i.TIM_ClearITPendingBit  stm32f10x_tim.o
    0x080035a2   0x00000018   Code   RO         2353    i.TIM_Cmd           stm32f10x_tim.o
    0x080035ba   0x00000002   PAD
    0x080035bc   0x000001e8   Code   RO         2358    i.TIM_DeInit        stm32f10x_tim.o
    0x080037a4   0x00000022   Code   RO         2374    i.TIM_GetITStatus   stm32f10x_tim.o
    0x080037c6   0x00000012   Code   RO         2378    i.TIM_ITConfig      stm32f10x_tim.o
    0x080037d8   0x00000098   Code   RO         2382    i.TIM_OC1Init       stm32f10x_tim.o
    0x08003870   0x00000012   Code   RO         2385    i.TIM_OC1PreloadConfig  stm32f10x_tim.o
    0x08003882   0x00000002   PAD
    0x08003884   0x000000a4   Code   RO         2387    i.TIM_OC2Init       stm32f10x_tim.o
    0x08003928   0x0000001a   Code   RO         2390    i.TIM_OC2PreloadConfig  stm32f10x_tim.o
    0x08003942   0x00000002   PAD
    0x08003944   0x000000a0   Code   RO         2392    i.TIM_OC3Init       stm32f10x_tim.o
    0x080039e4   0x00000012   Code   RO         2395    i.TIM_OC3PreloadConfig  stm32f10x_tim.o
    0x080039f6   0x00000004   Code   RO         2414    i.TIM_SetCompare1   stm32f10x_tim.o
    0x080039fa   0x00000004   Code   RO         2415    i.TIM_SetCompare2   stm32f10x_tim.o
    0x080039fe   0x00000004   Code   RO         2416    i.TIM_SetCompare3   stm32f10x_tim.o
    0x08003a02   0x00000002   PAD
    0x08003a04   0x000000a4   Code   RO         2424    i.TIM_TimeBaseInit  stm32f10x_tim.o
    0x08003aa8   0x00000044   Code   RO          770    i.UARTIOInit        led.o
    0x08003aec   0x00000088   Code   RO         1310    i.USART1_IRQHandler  usart.o
    0x08003b74   0x00000018   Code   RO         1987    i.USART_Cmd         stm32f10x_usart.o
    0x08003b8c   0x0000009c   Code   RO         1989    i.USART_DeInit      stm32f10x_usart.o
    0x08003c28   0x00000054   Code   RO         1991    i.USART_GetITStatus  stm32f10x_usart.o
    0x08003c7c   0x0000004a   Code   RO         1993    i.USART_ITConfig    stm32f10x_usart.o
    0x08003cc6   0x00000002   PAD
    0x08003cc8   0x000000d8   Code   RO         1994    i.USART_Init        stm32f10x_usart.o
    0x08003da0   0x0000000a   Code   RO         2001    i.USART_ReceiveData  stm32f10x_usart.o
    0x08003daa   0x00000004   Code   RO          275    i.UsageFault_Handler  stm32f10x_it.o
    0x08003dae   0x00000002   PAD
    0x08003db0   0x00000038   Code   RO           16    i.WriteDefaultSet   main.o
    0x08003de8   0x00000074   Code   RO           17    i.WriteParm         main.o
    0x08003e5c   0x00000034   Code   RO          853    i.WriteRawRC        rc522.o
    0x08003e90   0x00000064   Code   RO         1087    i.Write_ST7588_COM  st7588.o
    0x08003ef4   0x00000068   Code   RO         1088    i.Write_ST7588_DISPLAY_DATA_serial_4SPI  st7588.o
    0x08003f5c   0x00000006   Code   RO         1311    i._sys_exit         usart.o
    0x08003f62   0x00000002   PAD
    0x08003f64   0x00000028   Code   RO           18    i.app_get_rand      main.o
    0x08003f8c   0x00000044   Code   RO         1272    i.delay_init        delay.o
    0x08003fd0   0x0000004c   Code   RO         1273    i.delay_ms          delay.o
    0x0800401c   0x00000012   Code   RO          854    i.delay_ns          rc522.o
    0x0800402e   0x00000002   PAD
    0x08004030   0x0000001c   Code   RO         1312    i.fputc             usart.o
    0x0800404c   0x00000128   Code   RO           20    i.main              main.o
    0x08004174   0x00000070   Code   RO           21    i.prtAllCmd         main.o
    0x080041e4   0x000000b4   Code   RO          409    i.queue_find_cmd    framepkg.o
    0x08004298   0x0000002c   Code   RO           26    i.showdbg8hex       main.o
    0x080042c4   0x00000070   Code   RO         1313    i.uart_init         usart.o
    0x08004334   0x0000000a   Data   RO          618    .constdata          24l01.o
    0x0800433e   0x00001e71   Data   RO         1089    .constdata          st7588.o
    0x080061af   0x00000028   Data   RO         2943    .constdata          c_w.l(_printf_hex_int.o)
    0x080061d7   0x00000001   PAD
    0x080061d8   0x00000020   Data   RO         3150    Region$$Table       anon$$obj.o


    Execution Region RW_IRAM1 (Base: 0x20000000, Size: 0x00001938, Max: 0x00005000, ABSOLUTE, COMPRESSED[0x00000030])

    Base Addr    Size         Type   Attr      Idx    E Section Name        Object

    0x20000000   0x0000001b   Data   RW           28    .data               main.o
    0x2000001b   0x00000001   PAD
    0x2000001c   0x00000014   Data   RW          375    .data               system_stm32f10x.o
    0x20000030   0x00000008   Data   RW          410    .data               framepkg.o
    0x20000038   0x00000001   Data   RW         1010    .data               beep.o
    0x20000039   0x0000052b   Data   RW         1090    .data               st7588.o
    0x20000564   0x00000004   Data   RW         1275    .data               delay.o
    0x20000568   0x00000008   Data   RW         1315    .data               usart.o
    0x20000570   0x00000014   Data   RW         1671    .data               stm32f10x_rcc.o
    0x20000584   0x00000488   Zero   RW           27    .bss                main.o
    0x20000a0c   0x00000800   Zero   RW          696    .bss                stmflash.o
    0x2000120c   0x000000c8   Zero   RW         1314    .bss                usart.o
    0x200012d4   0x00000060   Zero   RW         3031    .bss                c_w.l(libspace.o)
    0x20001334   0x00000004   PAD
    0x20001338   0x00000200   Zero   RW         1363    HEAP                startup_stm32f10x_md.o
    0x20001538   0x00000400   Zero   RW         1362    STACK               startup_stm32f10x_md.o


==============================================================================

Image component sizes


      Code (inc. data)   RO Data    RW Data    ZI Data      Debug   Object Name

       718         90         10          0          0       9349   24l01.o
       276         20          0          1          0       1169   beep.o
         0          0          0          0          0         32   core_cm3.o
       144         24          0          4          0       1148   delay.o
       652         54          0          8          0       3573   framepkg.o
      1048         70          0          0          0       5999   led.o
      3904        890          0         27       1160     252055   main.o
       176         24          0          0          0       2009   misc.o
       222          0          0          0          0       4474   queue.o
      1264         30          0          0          0      10078   rc522.o
       404         28          0          0          0     211770   spi.o
      2716        158       7793       1323          0      17448   st7588.o
        64         26        236          0       1536        756   startup_stm32f10x_md.o
       274         30          0          0          0       3314   stm32f10x_flash.o
       426          6          0          0          0       3790   stm32f10x_gpio.o
        26          0          0          0          0      60318   stm32f10x_it.o
       340         44          0         20          0       5484   stm32f10x_rcc.o
       112          0          0          0          0       3734   stm32f10x_spi.o
      1308        146          0          0          0      10183   stm32f10x_tim.o
       564         28          0          0          0       5465   stm32f10x_usart.o
       310         14          0          0       2048     206733   stmflash.o
        12          0          0          0          0        441   sys.o
       324         26          0         20          0       2025   system_stm32f10x.o
       344         14          0          0          0       1298   timerx.o
       282         26          0          8        200       3960   usart.o

    ----------------------------------------------------------------------
     15952       1748       8071       1412       4944     826605   Object Totals
         0          0         32          0          0          0   (incl. Generated)
        42          0          0          1          0          0   (incl. Padding)

    ----------------------------------------------------------------------

      Code (inc. data)   RO Data    RW Data    ZI Data      Debug   Library Member Name

        58          0          0          0          0          0   __dczerorl.o
         8          0          0          0          0         68   __main.o
       104          0          0          0          0         84   __printf.o
        52          8          0          0          0          0   __scatter.o
        28          0          0          0          0          0   __scatter_zi.o
        48          6          0          0          0         96   _printf_char_common.o
        36          4          0          0          0         80   _printf_char_file.o
         6          0          0          0          0          0   _printf_d.o
       120         18          0          0          0         92   _printf_dec.o
        92          4         40          0          0         88   _printf_hex_int.o
       184          0          0          0          0         88   _printf_intcommon.o
         0          0          0          0          0          0   _printf_percent.o
         4          0          0          0          0          0   _printf_percent_end.o
         6          0          0          0          0          0   _printf_x.o
        12          0          0          0          0         72   exit.o
         8          0          0          0          0         68   ferror.o
         6          0          0          0          0        152   heapauxi.o
         2          0          0          0          0          0   libinit.o
         2          0          0          0          0          0   libinit2.o
         2          0          0          0          0          0   libshutdown.o
         2          0          0          0          0          0   libshutdown2.o
         8          4          0          0         96         68   libspace.o
        88          0          0          0          0         76   memcmp.o
        24          4          0          0          0         84   noretval__2printf.o
         0          0          0          0          0          0   rtentry.o
        12          0          0          0          0          0   rtentry2.o
         6          0          0          0          0          0   rtentry4.o
         2          0          0          0          0          0   rtexit.o
        10          0          0          0          0          0   rtexit2.o
        74          0          0          0          0         80   sys_stackheap_outer.o
         2          0          0          0          0         68   use_no_semi.o
         2          0          0          0          0         68   use_no_semi_2.o

    ----------------------------------------------------------------------
      1016         48         41          0        100       1332   Library Totals
         8          0          1          0          4          0   (incl. Padding)

    ----------------------------------------------------------------------

      Code (inc. data)   RO Data    RW Data    ZI Data      Debug   Library Name

      1008         48         40          0         96       1332   c_w.l

    ----------------------------------------------------------------------
      1016         48         41          0        100       1332   Library Totals

    ----------------------------------------------------------------------

==============================================================================


      Code (inc. data)   RO Data    RW Data    ZI Data      Debug   

     16968       1796       8112       1412       5044     818421   Grand Totals
     16968       1796       8112         48       5044     818421   ELF Image Totals (compressed)
     16968       1796       8112         48          0          0   ROM Totals

==============================================================================

    Total RO  Size (Code + RO Data)                25080 (  24.49kB)
    Total RW  Size (RW Data + ZI Data)              6456 (   6.30kB)
    Total ROM Size (Code + RO Data + RW Data)      25128 (  24.54kB)

==============================================================================

